Copyright 1986-2022 Xilinx, Inc. All Rights Reserved. Copyright 2022-2026 Advanced Micro Devices, Inc. All Rights Reserved.
-------------------------------------------------------------------------------------------------------------------------------------------------
| Tool Version     : Vivado v.2025.2.1 (win64) Build 6403652 Thu Mar 19 19:48:24 GMT 2026
| Date             : Fri Jul 17 19:11:13 2026
| Host             : KuonjiAlice running 64-bit major release  (build 9200)
| Command          : report_power -file top_power_routed.rpt -pb top_power_summary_routed.pb -rpx top_power_routed.rpx
| Design           : top
| Device           : xc7k325tffg900-2
| Design State     : routed
| Grade            : commercial
| Process          : typical
| Characterization : Production
-------------------------------------------------------------------------------------------------------------------------------------------------

Power Report

Table of Contents
-----------------
1. Summary
1.1 On-Chip Components
1.2 Power Supply Summary
1.3 Confidence Level
2. Settings
2.1 Environment
2.2 Clock Constraints
3. Detailed Reports
3.1 By Hierarchy

1. Summary
----------

+--------------------------+--------------+
| Total On-Chip Power (W)  | 0.597        |
| Design Power Budget (W)  | Unspecified* |
| Power Budget Margin (W)  | NA           |
| Dynamic (W)              | 0.430        |
| Device Static (W)        | 0.166        |
| Effective TJA (C/W)      | 1.8          |
| Max Ambient (C)          | 83.9         |
| Junction Temperature (C) | 26.1         |
| Confidence Level         | Medium       |
| Setting File             | ---          |
| Simulation Activity File | ---          |
| Design Nets Matched      | NA           |
+--------------------------+--------------+
* Specify Design Power Budget using, set_operating_conditions -design_power_budget <value in Watts>


1.1 On-Chip Components
----------------------

+--------------------------+-----------+----------+-----------+-----------------+
| On-Chip                  | Power (W) | Used     | Available | Utilization (%) |
+--------------------------+-----------+----------+-----------+-----------------+
| Clocks                   |     0.051 |        6 |       --- |             --- |
| Slice Logic              |     0.071 |     9039 |       --- |             --- |
|   LUT as Logic           |     0.062 |     3883 |    203800 |            1.91 |
|   LUT as Distributed RAM |     0.003 |      304 |     64000 |            0.48 |
|   F7/F8 Muxes            |     0.002 |      614 |    203800 |            0.30 |
|   Register               |     0.002 |     3488 |    407600 |            0.86 |
|   CARRY4                 |     0.002 |      171 |     50950 |            0.34 |
|   Others                 |     0.000 |      237 |       --- |             --- |
|   LUT as Shift Register  |     0.000 |        1 |     64000 |           <0.01 |
| Signals                  |     0.148 |     7022 |       --- |             --- |
| Block RAM                |     0.038 |       68 |       445 |           15.28 |
| PLL                      |     0.108 |        1 |        10 |           10.00 |
| DSPs                     |     0.009 |        4 |       840 |            0.48 |
| I/O                      |     0.006 |       76 |       500 |           15.20 |
| Static Power             |     0.166 |          |           |                 |
| Total                    |     0.597 |          |           |                 |
+--------------------------+-----------+----------+-----------+-----------------+


1.2 Power Supply Summary
------------------------

+-----------+-------------+-----------+-------------+------------+-------------+-------------+------------+
| Source    | Voltage (V) | Total (A) | Dynamic (A) | Static (A) | Powerup (A) | Budget (A)  | Margin (A) |
+-----------+-------------+-----------+-------------+------------+-------------+-------------+------------+
| Vccint    |       1.000 |     0.396 |       0.324 |      0.072 |       NA    | Unspecified | NA         |
| Vccaux    |       1.800 |     0.085 |       0.056 |      0.028 |       NA    | Unspecified | NA         |
| Vcco33    |       3.300 |     0.002 |       0.001 |      0.001 |       NA    | Unspecified | NA         |
| Vcco25    |       2.500 |     0.000 |       0.000 |      0.000 |       NA    | Unspecified | NA         |
| Vcco18    |       1.800 |     0.000 |       0.000 |      0.000 |       NA    | Unspecified | NA         |
| Vcco15    |       1.500 |     0.000 |       0.000 |      0.000 |       NA    | Unspecified | NA         |
| Vcco135   |       1.350 |     0.000 |       0.000 |      0.000 |       NA    | Unspecified | NA         |
| Vcco12    |       1.200 |     0.000 |       0.000 |      0.000 |       NA    | Unspecified | NA         |
| Vccaux_io |       1.800 |     0.000 |       0.000 |      0.000 |       NA    | Unspecified | NA         |
| Vccbram   |       1.000 |     0.007 |       0.003 |      0.004 |       NA    | Unspecified | NA         |
| MGTAVcc   |       1.000 |     0.000 |       0.000 |      0.000 |       NA    | Unspecified | NA         |
| MGTAVtt   |       1.200 |     0.000 |       0.000 |      0.000 |       NA    | Unspecified | NA         |
| MGTVccaux |       1.800 |     0.000 |       0.000 |      0.000 |       NA    | Unspecified | NA         |
| Vccadc    |       1.800 |     0.020 |       0.000 |      0.020 |       NA    | Unspecified | NA         |
+-----------+-------------+-----------+-------------+------------+-------------+-------------+------------+


1.3 Confidence Level
--------------------

+-----------------------------+------------+-------------------------------------------------------+------------------------------------------------------------------------------------------------------------+
| User Input Data             | Confidence | Details                                               | Action                                                                                                     |
+-----------------------------+------------+-------------------------------------------------------+------------------------------------------------------------------------------------------------------------+
| Design implementation state | High       | Design is routed                                      |                                                                                                            |
| Clock nodes activity        | High       | User specified more than 95% of clocks                |                                                                                                            |
| I/O nodes activity          | Medium     | More than 5% of inputs are missing user specification | Provide missing input activity with simulation results or by editing the "By Resource Type -> I/Os" view   |
| Internal nodes activity     | Medium     | User specified less than 25% of internal nodes        | Provide missing internal nodes activity with simulation results or by editing the "By Resource Type" views |
| Device models               | High       | Device models are Production                          |                                                                                                            |
|                             |            |                                                       |                                                                                                            |
| Overall confidence level    | Medium     |                                                       |                                                                                                            |
+-----------------------------+------------+-------------------------------------------------------+------------------------------------------------------------------------------------------------------------+


2. Settings
-----------

2.1 Environment
---------------

+-----------------------+--------------------------+
| Ambient Temp (C)      | 25.0                     |
| ThetaJA (C/W)         | 1.8                      |
| Airflow (LFM)         | 250                      |
| Heat Sink             | medium (Medium Profile)  |
| ThetaSA (C/W)         | 3.3                      |
| Board Selection       | medium (10"x10")         |
| # of Board Layers     | 12to15 (12 to 15 Layers) |
| Board Temperature (C) | 25.0                     |
+-----------------------+--------------------------+


2.2 Clock Constraints
---------------------

+--------------+----------------------------+-----------------+
| Clock        | Domain                     | Constraint (ns) |
+--------------+----------------------------+-----------------+
| clk_out1_pll | pll_inst/inst/clk_out1_pll |            20.0 |
| clk_out2_pll | pll_inst/inst/clk_out2_pll |             4.0 |
| clkfbout_pll | pll_inst/inst/clkfbout_pll |             5.0 |
| i_sys_clk_p  | i_sys_clk_p                |             5.0 |
+--------------+----------------------------+-----------------+


3. Detailed Reports
-------------------

3.1 By Hierarchy
----------------

+---------------------------+-----------+
| Name                      | Power (W) |
+---------------------------+-----------+
| top                       |     0.430 |
|   pll_inst                |     0.117 |
|     inst                  |     0.117 |
|   student_top_inst        |     0.310 |
|     Core_cpu              |     0.250 |
|       ALU_rs1_mux         |     0.009 |
|       ALU_rs2_mux         |     0.008 |
|       BPU_inst            |     0.022 |
|       CSR_inst            |     0.002 |
|       MulDiv_inst         |     0.017 |
|       PC_inst             |     0.011 |
|       Regfile_inst        |     0.040 |
|       SegReg_EX_LS1_inst  |     0.034 |
|       SegReg_ID_EX_inst   |     0.055 |
|       SegReg_IF1_IF2_inst |     0.002 |
|       SegReg_IF2_ID_inst  |     0.020 |
|       SegReg_LS1_LS2_inst |     0.005 |
|       SegReg_LS2_WB_inst  |     0.010 |
|       WB_rf_wdata_mux     |     0.012 |
|     Mem_IROM              |     0.021 |
|       U0                  |     0.021 |
|     bridge_inst           |     0.038 |
|       Mem_DRAM            |     0.031 |
|       counter_inst        |     0.001 |
+---------------------------+-----------+


