Copyright 1986-2022 Xilinx, Inc. All Rights Reserved. Copyright 2022-2024 Advanced Micro Devices, Inc. All Rights Reserved.
---------------------------------------------------------------------------------------------------------------------------------------------
| Tool Version : Vivado v.2024.1 (win64) Build 5076996 Wed May 22 18:37:14 MDT 2024
| Date         : Thu Mar 19 21:55:58 2026
| Host         : KuonjiAlice running 64-bit major release  (build 9200)
| Command      : report_control_sets -verbose -file top_control_sets_placed.rpt
| Design       : top
| Device       : xc7k325t
---------------------------------------------------------------------------------------------------------------------------------------------

Control Set Information

Table of Contents
-----------------
1. Summary
2. Histogram
3. Flip-Flop Distribution
4. Detailed Control Set Information

1. Summary
----------

+----------------------------------------------------------+-------+
|                          Status                          | Count |
+----------------------------------------------------------+-------+
| Total control sets                                       |    60 |
|    Minimum number of control sets                        |    60 |
|    Addition due to synthesis replication                 |     0 |
|    Addition due to physical synthesis replication        |     0 |
| Unused register locations in slices containing registers |    68 |
+----------------------------------------------------------+-------+
* Control sets can be merged at opt_design using control_set_merge or merge_equivalent_drivers
** Run report_qor_suggestions for automated merging and remapping suggestions


2. Histogram
------------

+--------------------+-------+
|       Fanout       | Count |
+--------------------+-------+
| Total control sets |    60 |
| >= 0 to < 4        |     3 |
| >= 4 to < 6        |     3 |
| >= 6 to < 8        |     0 |
| >= 8 to < 10       |     6 |
| >= 10 to < 12      |     1 |
| >= 12 to < 14      |     3 |
| >= 14 to < 16      |     0 |
| >= 16              |    44 |
+--------------------+-------+
* Control sets can be remapped at either synth_design or opt_design


3. Flip-Flop Distribution
-------------------------

+--------------+-----------------------+------------------------+-----------------+--------------+
| Clock Enable | Synchronous Set/Reset | Asynchronous Set/Reset | Total Registers | Total Slices |
+--------------+-----------------------+------------------------+-----------------+--------------+
| No           | No                    | No                     |              10 |            8 |
| No           | No                    | Yes                    |              89 |           29 |
| No           | Yes                   | No                     |             387 |          155 |
| Yes          | No                    | No                     |              24 |            7 |
| Yes          | No                    | Yes                    |             220 |           66 |
| Yes          | Yes                   | No                     |            1290 |          637 |
+--------------+-----------------------+------------------------+-----------------+--------------+


4. Detailed Control Set Information
-----------------------------------

+-------------------------+---------------------------------------------------------------------+-------------------------------------------------------------------------+------------------+----------------+--------------+
|       Clock Signal      |                            Enable Signal                            |                             Set/Reset Signal                            | Slice Load Count | Bel Load Count | Bels / Slice |
+-------------------------+---------------------------------------------------------------------+-------------------------------------------------------------------------+------------------+----------------+--------------+
|  pll_inst/inst/clk_out1 |                                                                     |                                                                         |                1 |              1 |         1.00 |
|  pll_inst/inst/clk_out1 | uart_inst/tx_i_1_n_0                                                | student_top_inst/Core_cpu/Regfile_inst/SR[0]                            |                1 |              1 |         1.00 |
|  pll_inst/inst/clk_out2 | student_top_inst/Core_cpu/SegReg_ID_EX_inst/I15                     |                                                                         |                1 |              3 |         3.00 |
|  pll_inst/inst/clk_out1 | uart_inst/rx_bit_cnt                                                | student_top_inst/Core_cpu/Regfile_inst/SR[0]                            |                1 |              4 |         4.00 |
|  pll_inst/inst/clk_out1 | uart_inst/tx_bit_cnt                                                | student_top_inst/Core_cpu/Regfile_inst/SR[0]                            |                1 |              4 |         4.00 |
|  pll_inst/inst/clk_out1 | twin_controller_inst/send_cnt[4]_i_1_n_0                            | student_top_inst/Core_cpu/Regfile_inst/SR[0]                            |                2 |              5 |         2.50 |
|  pll_inst/inst/clk_out1 | uart_inst/rx_shift                                                  | student_top_inst/Core_cpu/Regfile_inst/SR[0]                            |                2 |              8 |         4.00 |
|  pll_inst/inst/clk_out2 | student_top_inst/Core_cpu/SegReg_ID_EX_inst/seg_wdata[23]_i_5_0     |                                                                         |                3 |              8 |         2.67 |
|  pll_inst/inst/clk_out2 | student_top_inst/Core_cpu/SegReg_ID_EX_inst/seg_wdata[23]_i_5_0     | student_top_inst/Core_cpu/SegReg_ID_EX_inst/mem_access_ex_reg[1]_0      |                3 |              8 |         2.67 |
|  pll_inst/inst/clk_out1 | uart_inst/rx_data[7]_i_1_n_0                                        | student_top_inst/Core_cpu/Regfile_inst/SR[0]                            |                1 |              8 |         8.00 |
|  pll_inst/inst/clk_out1 | twin_controller_inst/tx_start_next                                  | student_top_inst/Core_cpu/Regfile_inst/SR[0]                            |                3 |              8 |         2.67 |
|  pll_inst/inst/clk_out1 | uart_inst/tx_shift                                                  | student_top_inst/Core_cpu/Regfile_inst/SR[0]                            |                2 |              9 |         4.50 |
|  pll_inst/inst/clk_out2 |                                                                     |                                                                         |                7 |             10 |         1.43 |
|  pll_inst/inst/clk_out1 | uart_inst/rx_cnt                                                    | student_top_inst/Core_cpu/Regfile_inst/SR[0]                            |                3 |             13 |         4.33 |
|  pll_inst/inst/clk_out1 | uart_inst/rx_ready_cnt[12]_i_1_n_0                                  | student_top_inst/Core_cpu/Regfile_inst/SR[0]                            |                3 |             13 |         4.33 |
|  pll_inst/inst/clk_out1 | uart_inst/tx_cnt                                                    | student_top_inst/Core_cpu/Regfile_inst/SR[0]                            |                3 |             13 |         4.33 |
|  pll_inst/inst/clk_out1 |                                                                     | student_top_inst/bridge_inst/counter_inst/cnt_1ms[0]_i_1_n_0            |                4 |             16 |         4.00 |
|  pll_inst/inst/clk_out2 | student_top_inst/Core_cpu/SegReg_ID_EX_inst/alu_op_ex_reg[1]_3      |                                                                         |                4 |             16 |         4.00 |
|  pll_inst/inst/clk_out2 | student_top_inst/Core_cpu/SegReg_ID_EX_inst/alu_op_ex_reg[1]_3      | student_top_inst/Core_cpu/SegReg_ID_EX_inst/alu_op_ex_reg[1]_7          |                5 |             16 |         3.20 |
|  pll_inst/inst/clk_out2 | student_top_inst/Core_cpu/SegReg_ID_EX_inst/seg_wdata[23]_i_5_0     | student_top_inst/bridge_inst/seg_wdata[31]_i_1_n_0                      |                9 |             16 |         1.78 |
|  pll_inst/inst/clk_out2 | student_top_inst/Core_cpu/SegReg_LS_WB_inst/rf_we_wb_reg[0]_24[0]   | student_top_inst/Core_cpu/Regfile_inst/SR[0]                            |               20 |             32 |         1.60 |
|  pll_inst/inst/clk_out2 | student_top_inst/Core_cpu/SegReg_LS_WB_inst/rf_we_wb_reg[0]_4[0]    | student_top_inst/Core_cpu/Regfile_inst/SR[0]                            |               23 |             32 |         1.39 |
|  pll_inst/inst/clk_out2 | student_top_inst/Core_cpu/SegReg_LS_WB_inst/rf_we_wb_reg[0]_18[0]   | student_top_inst/Core_cpu/Regfile_inst/SR[0]                            |               12 |             32 |         2.67 |
|  pll_inst/inst/clk_out2 | student_top_inst/Core_cpu/SegReg_LS_WB_inst/rf_we_wb_reg[0]_9[0]    | student_top_inst/Core_cpu/Regfile_inst/SR[0]                            |               20 |             32 |         1.60 |
|  pll_inst/inst/clk_out2 | student_top_inst/Core_cpu/SegReg_LS_WB_inst/rf_we_wb_reg[0]_3[0]    | student_top_inst/Core_cpu/Regfile_inst/SR[0]                            |               15 |             32 |         2.13 |
|  pll_inst/inst/clk_out2 | student_top_inst/Core_cpu/SegReg_LS_WB_inst/rf_we_wb_reg[0]_12[0]   | student_top_inst/Core_cpu/Regfile_inst/SR[0]                            |               12 |             32 |         2.67 |
|  pll_inst/inst/clk_out2 | student_top_inst/Core_cpu/SegReg_LS_WB_inst/rf_we_wb_reg[0]_20[0]   | student_top_inst/Core_cpu/Regfile_inst/SR[0]                            |               16 |             32 |         2.00 |
|  pll_inst/inst/clk_out2 | student_top_inst/Core_cpu/SegReg_LS_WB_inst/rf_we_wb_reg[0]_23[0]   | student_top_inst/Core_cpu/Regfile_inst/SR[0]                            |               25 |             32 |         1.28 |
|  pll_inst/inst/clk_out2 | student_top_inst/Core_cpu/SegReg_LS_WB_inst/rf_we_wb_reg[0]_25[0]   | student_top_inst/Core_cpu/Regfile_inst/SR[0]                            |               20 |             32 |         1.60 |
|  pll_inst/inst/clk_out2 | student_top_inst/Core_cpu/SegReg_LS_WB_inst/rf_we_wb_reg[0]_26[0]   | student_top_inst/Core_cpu/Regfile_inst/SR[0]                            |               16 |             32 |         2.00 |
|  pll_inst/inst/clk_out2 | student_top_inst/Core_cpu/SegReg_LS_WB_inst/rf_we_wb_reg[0]_14[0]   | student_top_inst/Core_cpu/Regfile_inst/SR[0]                            |               15 |             32 |         2.13 |
|  pll_inst/inst/clk_out2 | student_top_inst/Core_cpu/SegReg_LS_WB_inst/rf_we_wb_reg[0]_22[0]   | student_top_inst/Core_cpu/Regfile_inst/SR[0]                            |               21 |             32 |         1.52 |
|  pll_inst/inst/clk_out2 | student_top_inst/Core_cpu/SegReg_LS_WB_inst/rf_we_wb_reg[0]_21[0]   | student_top_inst/Core_cpu/Regfile_inst/SR[0]                            |               24 |             32 |         1.33 |
|  pll_inst/inst/clk_out2 | student_top_inst/Core_cpu/SegReg_LS_WB_inst/rf_we_wb_reg[0]_29[0]   | student_top_inst/Core_cpu/Regfile_inst/SR[0]                            |               16 |             32 |         2.00 |
|  pll_inst/inst/clk_out2 | student_top_inst/Core_cpu/SegReg_LS_WB_inst/rf_we_wb_reg[0]_6[0]    | student_top_inst/Core_cpu/Regfile_inst/SR[0]                            |               15 |             32 |         2.13 |
|  pll_inst/inst/clk_out2 | student_top_inst/Core_cpu/SegReg_LS_WB_inst/rf_we_wb_reg[0]_0[0]    | student_top_inst/Core_cpu/Regfile_inst/SR[0]                            |               20 |             32 |         1.60 |
|  pll_inst/inst/clk_out2 | student_top_inst/Core_cpu/SegReg_LS_WB_inst/rf_we_wb_reg[0]_8[0]    | student_top_inst/Core_cpu/Regfile_inst/SR[0]                            |               19 |             32 |         1.68 |
|  pll_inst/inst/clk_out2 | student_top_inst/Core_cpu/SegReg_LS_WB_inst/rf_we_wb_reg[0]_11[0]   | student_top_inst/Core_cpu/Regfile_inst/SR[0]                            |               11 |             32 |         2.91 |
|  pll_inst/inst/clk_out2 | student_top_inst/Core_cpu/SegReg_LS_WB_inst/rf_we_wb_reg[0]_13[0]   | student_top_inst/Core_cpu/Regfile_inst/SR[0]                            |               14 |             32 |         2.29 |
|  pll_inst/inst/clk_out2 | student_top_inst/Core_cpu/SegReg_LS_WB_inst/rf_we_wb_reg[0]_1[0]    | student_top_inst/Core_cpu/Regfile_inst/SR[0]                            |               24 |             32 |         1.33 |
|  pll_inst/inst/clk_out2 | student_top_inst/Core_cpu/SegReg_LS_WB_inst/rf_we_wb_reg[0]_7[0]    | student_top_inst/Core_cpu/Regfile_inst/SR[0]                            |               15 |             32 |         2.13 |
|  pll_inst/inst/clk_out2 | student_top_inst/Core_cpu/SegReg_LS_WB_inst/rf_we_wb_reg[0]_19[0]   | student_top_inst/Core_cpu/Regfile_inst/SR[0]                            |               15 |             32 |         2.13 |
|  pll_inst/inst/clk_out2 | student_top_inst/Core_cpu/SegReg_LS_WB_inst/rf_we_wb_reg[0]_10[0]   | student_top_inst/Core_cpu/Regfile_inst/SR[0]                            |               10 |             32 |         3.20 |
|  pll_inst/inst/clk_out2 | student_top_inst/Core_cpu/SegReg_LS_WB_inst/E[0]                    | student_top_inst/Core_cpu/Regfile_inst/SR[0]                            |               26 |             32 |         1.23 |
|  pll_inst/inst/clk_out2 | student_top_inst/Core_cpu/SegReg_ID_EX_inst/alu_op_ex_reg[1]_3      | student_top_inst/bridge_inst/LED[31]_i_1_n_0                            |                9 |             32 |         3.56 |
|  pll_inst/inst/clk_out2 | student_top_inst/Core_cpu/SegReg_LS_WB_inst/rf_we_wb_reg[0]_5[0]    | student_top_inst/Core_cpu/Regfile_inst/SR[0]                            |               14 |             32 |         2.29 |
|  pll_inst/inst/clk_out2 | student_top_inst/Core_cpu/SegReg_ID_EX_inst/E[0]                    | student_top_inst/Core_cpu/Regfile_inst/SR[0]                            |               12 |             32 |         2.67 |
|  pll_inst/inst/clk_out2 | student_top_inst/Core_cpu/SegReg_LS_WB_inst/rf_we_wb_reg[0]_28[0]   | student_top_inst/Core_cpu/Regfile_inst/SR[0]                            |               22 |             32 |         1.45 |
|  pll_inst/inst/clk_out1 | student_top_inst/bridge_inst/counter_inst/cnt_ms0                   | student_top_inst/Core_cpu/Regfile_inst/SR[0]                            |                8 |             32 |         4.00 |
|  pll_inst/inst/clk_out2 | student_top_inst/Core_cpu/SegReg_LS_WB_inst/rf_we_wb_reg[0]_2[0]    | student_top_inst/Core_cpu/Regfile_inst/SR[0]                            |               26 |             32 |         1.23 |
|  pll_inst/inst/clk_out2 | student_top_inst/Core_cpu/SegReg_LS_WB_inst/rf_we_wb_reg[0]_15[0]   | student_top_inst/Core_cpu/Regfile_inst/SR[0]                            |               11 |             32 |         2.91 |
|  pll_inst/inst/clk_out2 | student_top_inst/Core_cpu/SegReg_LS_WB_inst/rf_we_wb_reg[0]_17[0]   | student_top_inst/Core_cpu/Regfile_inst/SR[0]                            |               18 |             32 |         1.78 |
|  pll_inst/inst/clk_out2 | student_top_inst/Core_cpu/SegReg_LS_WB_inst/rf_we_wb_reg[0]_16[0]   | student_top_inst/Core_cpu/Regfile_inst/SR[0]                            |               16 |             32 |         2.00 |
|  pll_inst/inst/clk_out2 | student_top_inst/Core_cpu/SegReg_LS_WB_inst/rf_we_wb_reg[0]_27[0]   | student_top_inst/Core_cpu/Regfile_inst/SR[0]                            |               21 |             32 |         1.52 |
|  pll_inst/inst/clk_out2 | student_top_inst/Core_cpu/SegReg_ID_EX_inst/alu_rs2_sel_ex_reg[1]_0 |                                                                         |               18 |             72 |         4.00 |
|  pll_inst/inst/clk_out1 |                                                                     | student_top_inst/Core_cpu/Regfile_inst/SR[0]                            |               28 |             84 |         3.00 |
|  pll_inst/inst/clk_out1 | uart_inst/E[0]                                                      | student_top_inst/Core_cpu/Regfile_inst/SR[0]                            |               44 |            134 |         3.05 |
|  pll_inst/inst/clk_out2 | student_top_inst/Core_cpu/SegReg_ID_EX_inst/E[0]                    | student_top_inst/Core_cpu/SegReg_ID_EX_inst/predict_taken_ex_reg[0]_0   |               39 |            162 |         4.15 |
|  pll_inst/inst/clk_out2 |                                                                     | student_top_inst/Core_cpu/Regfile_inst/SR[0]                            |               67 |            182 |         2.72 |
|  pll_inst/inst/clk_out2 |                                                                     | student_top_inst/Core_cpu/SegReg_ID_EX_inst/predict_taken_ex[0]_i_1_n_0 |               85 |            194 |         2.28 |
+-------------------------+---------------------------------------------------------------------+-------------------------------------------------------------------------+------------------+----------------+--------------+


