Copyright 1986-2022 Xilinx, Inc. All Rights Reserved. Copyright 2022-2025 Advanced Micro Devices, Inc. All Rights Reserved.
---------------------------------------------------------------------------------------------------------------------------------------------
| Tool Version : Vivado v.2025.2 (win64) Build 6299465 Fri Nov 14 19:35:11 GMT 2025
| Date         : Fri Apr 10 18:52:39 2026
| Host         : DESKTOP-STTH9GH running 64-bit major release  (build 9200)
| Command      : upgrade_ip
| Device       : xc7k325tffg900-2
---------------------------------------------------------------------------------------------------------------------------------------------

Upgrade Log for IP 'pll'

1. Summary
----------

SUCCESS in the upgrade of pll (xilinx.com:ip:clk_wiz:6.0) from (Rev. 14) to (Rev. 17)






Copyright 1986-2022 Xilinx, Inc. All Rights Reserved. Copyright 2022-2025 Advanced Micro Devices, Inc. All Rights Reserved.
---------------------------------------------------------------------------------------------------------------------------------------------
| Tool Version : Vivado v.2025.2 (win64) Build 6299465 Fri Nov 14 19:35:11 GMT 2025
| Date         : Fri Apr 10 18:52:37 2026
| Host         : DESKTOP-STTH9GH running 64-bit major release  (build 9200)
| Command      : upgrade_ip
| Device       : xc7k325tffg900-2
---------------------------------------------------------------------------------------------------------------------------------------------

Upgrade Log for IP 'IROM'

1. Summary
----------

SUCCESS in the upgrade of IROM (xilinx.com:ip:blk_mem_gen:8.4) from (Rev. 8) to (Rev. 12)






Copyright 1986-2022 Xilinx, Inc. All Rights Reserved. Copyright 2022-2025 Advanced Micro Devices, Inc. All Rights Reserved.
---------------------------------------------------------------------------------------------------------------------------------------------
| Tool Version : Vivado v.2025.2 (win64) Build 6299465 Fri Nov 14 19:35:11 GMT 2025
| Date         : Fri Apr 10 18:52:36 2026
| Host         : DESKTOP-STTH9GH running 64-bit major release  (build 9200)
| Command      : upgrade_ip
| Device       : xc7k325tffg900-2
---------------------------------------------------------------------------------------------------------------------------------------------

Upgrade Log for IP 'DRAM'

1. Summary
----------

SUCCESS in the upgrade of DRAM (xilinx.com:ip:blk_mem_gen:8.4) from (Rev. 8) to (Rev. 12)

