#-----------------------------------------------------------
# Vivado v2024.1 (64-bit)
# SW Build 5076996 on Wed May 22 18:37:14 MDT 2024
# IP Build 5075265 on Wed May 22 21:45:21 MDT 2024
# SharedData Build 5076995 on Wed May 22 18:29:18 MDT 2024
# Start of session at: Tue Mar 17 11:34:55 2026
# Process ID: 27460
# Current directory: C:/Users/21186/Desktop/verify/dual-issue
# Command line: vivado.exe -mode batch -source short_rerun_after_fix2.tcl
# Log file: C:/Users/21186/Desktop/verify/dual-issue/vivado.log
# Journal file: C:/Users/21186/Desktop/verify/dual-issue\vivado.jou
# Running On        :KuonjiAlice
# Platform          :Windows Server 2016 or Windows 10
# Operating System  :26200
# Processor Detail  :AMD Ryzen 9 8945HX with Radeon Graphics        
# CPU Frequency     :2495 MHz
# CPU Physical cores:16
# CPU Logical cores :32
# Host memory       :34142 MB
# Swap memory       :2147 MB
# Total Virtual     :36289 MB
# Available Virtual :17964 MB
#-----------------------------------------------------------
Sourcing tcl script 'D:/Xilinx/Vivado/2024.1/scripts/Vivado_init.tcl'
source short_rerun_after_fix2.tcl
# open_project C:/Users/21186/Desktop/verify/dual-issue/JYD2025_Contest-Template/digital_twin.xpr
Scanning sources...
Finished scanning sources
INFO: [IP_Flow 19-234] Refreshing IP repositories
INFO: [IP_Flow 19-1704] No user IP repositories specified
INFO: [IP_Flow 19-2313] Loaded Vivado IP repository 'D:/Xilinx/Vivado/2024.1/data/ip'.
# launch_simulation
Command: launch_simulation 
INFO: [Vivado 12-12493] Simulation top is 'tb_trace'
WARNING: [Vivado 12-13340] Unable to auto find GCC executables from simulator install path! (path not set)
INFO: [Vivado 12-5698] Checking validity of IPs in the design for the 'XSim' simulator...
INFO: [Vivado 12-5682] Launching behavioral simulation in 'C:/Users/21186/Desktop/verify/dual-issue/JYD2025_Contest-Template/digital_twin.sim/sim_1/behav/xsim'
INFO: [Vivado 12-13660] Precompiled IP simulation library mode is enabled (default). The design IP libraries will be referenced from the compiled library path. Please note that if the precompiled version of the library is not found from the path or the IP is in locked state, then the library source files for these IPs will be compiled locally as part of the compile order.
INFO: [Vivado 12-4795] Using compiled simulation libraries for IPs
INFO: [SIM-utils-51] Simulation object is 'sim_1'
INFO: [SIM-utils-72] Using boost library from 'D:/Xilinx/Vivado/2024.1/tps/boost_1_72_0'
INFO: [USF-XSim-7] Finding pre-compiled libraries...
INFO: [USF-XSim-11] File 'D:/Xilinx/Vivado/2024.1/data/xsim/xsim.ini' copied to run dir:'C:/Users/21186/Desktop/verify/dual-issue/JYD2025_Contest-Template/digital_twin.sim/sim_1/behav/xsim'
INFO: [SIM-utils-54] Inspecting design source files for 'tb_trace' in fileset 'sim_1'...
INFO: [SIM-utils-43] Exported 'C:/Users/21186/Desktop/verify/dual-issue/JYD2025_Contest-Template/digital_twin.sim/sim_1/behav/xsim/DRAM.mif'
INFO: [SIM-utils-43] Exported 'C:/Users/21186/Desktop/verify/dual-issue/JYD2025_Contest-Template/digital_twin.sim/sim_1/behav/xsim/dram.coe'
INFO: [SIM-utils-43] Exported 'C:/Users/21186/Desktop/verify/dual-issue/JYD2025_Contest-Template/digital_twin.sim/sim_1/behav/xsim/IROM.mif'
INFO: [SIM-utils-43] Exported 'C:/Users/21186/Desktop/verify/dual-issue/JYD2025_Contest-Template/digital_twin.sim/sim_1/behav/xsim/irom2.coe'
INFO: [SIM-utils-43] Exported 'C:/Users/21186/Desktop/verify/dual-issue/JYD2025_Contest-Template/digital_twin.sim/sim_1/behav/xsim/irom10000.coe'
INFO: [USF-XSim-97] Finding global include files...
INFO: [USF-XSim-100] Fetching design files from 'sources_1'...(this may take a while)...
INFO: [USF-XSim-101] Fetching design files from 'sim_1'...
INFO: [USF-XSim-2] XSim::Compile design
INFO: [USF-XSim-61] Executing 'COMPILE and ANALYZE' step in 'C:/Users/21186/Desktop/verify/dual-issue/JYD2025_Contest-Template/digital_twin.sim/sim_1/behav/xsim'
"xvlog --incr --relax -L uvm -prj tb_trace_vlog.prj"
INFO: [VRFC 10-2263] Analyzing SystemVerilog file "C:/Users/21186/Desktop/verify/dual-issue/src/Issue1.sv" into library xil_defaultlib
INFO: [VRFC 10-311] analyzing module Issue
INFO: [VRFC 10-2263] Analyzing SystemVerilog file "C:/Users/21186/Desktop/verify/dual-issue/src/config.sv" into library xil_defaultlib
INFO: [VRFC 10-2263] Analyzing SystemVerilog file "C:/Users/21186/Desktop/verify/dual-issue/src/Inst_Buffer.sv" into library xil_defaultlib
INFO: [VRFC 10-311] analyzing module Inst_Buffer
INFO: [VRFC 10-2263] Analyzing SystemVerilog file "C:/Users/21186/Desktop/verify/dual-issue/src/CORE.sv" into library xil_defaultlib
INFO: [VRFC 10-311] analyzing module CORE
INFO: [VRFC 10-2263] Analyzing SystemVerilog file "C:/Users/21186/Desktop/verify/dual-issue/src/LSU.sv" into library xil_defaultlib
INFO: [VRFC 10-311] analyzing module LSU
INFO: [VRFC 10-2263] Analyzing SystemVerilog file "C:/Users/21186/Desktop/verify/dual-issue/src/RF.sv" into library xil_defaultlib
INFO: [VRFC 10-311] analyzing module RF
INFO: [VRFC 10-2263] Analyzing SystemVerilog file "C:/Users/21186/Desktop/verify/dual-issue/src/ALU.sv" into library xil_defaultlib
INFO: [VRFC 10-311] analyzing module ALU
INFO: [VRFC 10-2263] Analyzing SystemVerilog file "C:/Users/21186/Desktop/verify/dual-issue/src/Decoder.sv" into library xil_defaultlib
INFO: [VRFC 10-311] analyzing module Decoder
INFO: [VRFC 10-2263] Analyzing SystemVerilog file "C:/Users/21186/Desktop/verify/dual-issue/src/Fronted.sv" into library xil_defaultlib
INFO: [VRFC 10-311] analyzing module Fronted
INFO: [VRFC 10-2263] Analyzing SystemVerilog file "C:/Users/21186/Desktop/verify/dual-issue/src/Decode.sv" into library xil_defaultlib
INFO: [VRFC 10-311] analyzing module Decode
INFO: [VRFC 10-2263] Analyzing SystemVerilog file "C:/Users/21186/Desktop/verify/dual-issue/src/Eexcute.sv" into library xil_defaultlib
INFO: [VRFC 10-311] analyzing module Eexcute
INFO: [VRFC 10-2263] Analyzing SystemVerilog file "C:/Users/21186/Desktop/verify/dual-issue/src/Fetch.sv" into library xil_defaultlib
INFO: [VRFC 10-311] analyzing module Fetch
INFO: [VRFC 10-2263] Analyzing SystemVerilog file "C:/Users/21186/Desktop/verify/dual-issue/tb_trace.sv" into library xil_defaultlib
INFO: [VRFC 10-311] analyzing module tb_trace
INFO: [USF-XSim-69] 'compile' step finished in '1' seconds
INFO: [USF-XSim-3] XSim::Elaborate design
INFO: [USF-XSim-61] Executing 'ELABORATE' step in 'C:/Users/21186/Desktop/verify/dual-issue/JYD2025_Contest-Template/digital_twin.sim/sim_1/behav/xsim'
"xelab --incr --debug typical --relax --mt 16 -L xil_defaultlib -L blk_mem_gen_v8_4_8 -L uvm -L unisims_ver -L unimacro_ver -L secureip -L xpm --snapshot tb_trace_behav xil_defaultlib.tb_trace xil_defaultlib.glbl -log elaborate.log"
Vivado Simulator v2024.1
Copyright 1986-2022 Xilinx, Inc. All Rights Reserved.
Copyright 2022-2024 Advanced Micro Devices, Inc. All Rights Reserved.
Running: D:/Xilinx/Vivado/2024.1/bin/unwrapped/win64.o/xelab.exe --incr --debug typical --relax --mt 16 -L xil_defaultlib -L blk_mem_gen_v8_4_8 -L uvm -L unisims_ver -L unimacro_ver -L secureip -L xpm --snapshot tb_trace_behav xil_defaultlib.tb_trace xil_defaultlib.glbl -log elaborate.log 
Using 16 slave threads.
Starting static elaboration
Pass Through NonSizing Optimizer
Completed static elaboration
Starting simulation data flow analysis
Completed simulation data flow analysis
Time Resolution for simulation is 1ps
Compiling module unisims_ver.IBUFDS
Compiling module unisims_ver.PLLE2_ADV(CLKFBOUT_MULT=9,CLKIN1...
Compiling module unisims_ver.BUFG
Compiling module xil_defaultlib.pll_clk_wiz
Compiling module xil_defaultlib.pll
Compiling module xil_defaultlib.uart(BAUD_RATE=9600)
Compiling module xil_defaultlib.twin_controller
Compiling module xil_defaultlib.Fetch
Compiling module xil_defaultlib.Inst_Buffer_default
Compiling module xil_defaultlib.Decoder
Compiling module xil_defaultlib.Decode
Compiling module xil_defaultlib.Fronted
Compiling module xil_defaultlib.Issue
Compiling module xil_defaultlib.ALU
Compiling module xil_defaultlib.Eexcute
Compiling module xil_defaultlib.LSU
Compiling module xil_defaultlib.RF
Compiling module xil_defaultlib.CORE
Compiling module blk_mem_gen_v8_4_8.blk_mem_gen_v8_4_8_output_stage(...
Compiling module blk_mem_gen_v8_4_8.blk_mem_gen_v8_4_8_output_stage(...
Compiling module blk_mem_gen_v8_4_8.blk_mem_gen_v8_4_8_softecc_outpu...
Compiling module blk_mem_gen_v8_4_8.blk_mem_gen_v8_4_8_mem_module(C_...
Compiling module blk_mem_gen_v8_4_8.blk_mem_gen_v8_4_8(C_FAMILY="kin...
Compiling module xil_defaultlib.IROM
Compiling module xil_defaultlib.seg7
Compiling module xil_defaultlib.display_seg
Compiling module blk_mem_gen_v8_4_8.blk_mem_gen_v8_4_8_output_stage(...
Compiling module blk_mem_gen_v8_4_8.blk_mem_gen_v8_4_8_softecc_outpu...
Compiling module blk_mem_gen_v8_4_8.blk_mem_gen_v8_4_8_mem_module(C_...
Compiling module blk_mem_gen_v8_4_8.blk_mem_gen_v8_4_8(C_FAMILY="kin...
Compiling module xil_defaultlib.DRAM
Compiling module xil_defaultlib.dram_driver
Compiling module xil_defaultlib.counter
Compiling module xil_defaultlib.perip_bridge
Compiling module xil_defaultlib.student_top
Compiling module xil_defaultlib.top
Compiling module xil_defaultlib.tb_trace
Compiling module xil_defaultlib.glbl
Built simulation snapshot tb_trace_behav
run_program: Time (s): cpu = 00:00:00 ; elapsed = 00:00:05 . Memory (MB): peak = 609.949 ; gain = 0.000
INFO: [USF-XSim-69] 'elaborate' step finished in '5' seconds
INFO: [USF-XSim-4] XSim::Simulate design
INFO: [USF-XSim-61] Executing 'SIMULATE' step in 'C:/Users/21186/Desktop/verify/dual-issue/JYD2025_Contest-Template/digital_twin.sim/sim_1/behav/xsim'
INFO: [USF-XSim-98] *** Running xsim
   with args "tb_trace_behav -key {Behavioral:sim_1:Functional:tb_trace} -tclbatch {tb_trace.tcl} -log {simulate.log}"
INFO: [USF-XSim-8] Loading simulator feature
Time resolution is 1 ps
source tb_trace.tcl
## set curr_wave [current_wave_config]
## if { [string length $curr_wave] == 0 } {
##   if { [llength [get_objects]] > 0} {
##     add_wave /
##     set_property needs_save false [current_wave_config]
##   } else {
##      send_msg_id Add_Wave-1 WARNING "No top level signals found. Simulator will start without a wave window. If you want to open a wave window go to 'File->New Waveform Configuration' or type 'create_wave_config' in the TCL console."
##   }
## }
## run 1000ns
 Block Memory Generator module loading initial data...
 Block Memory Generator data initialization complete.
Block Memory Generator module tb_trace.uut.student_top_inst.Mem_IROM.inst.native_mem_module.blk_mem_gen_v8_4_8_inst is using a behavioral model for simulation which will not precisely model memory collision behavior.
 Block Memory Generator module loading initial data...
 Block Memory Generator data initialization complete.
Block Memory Generator module tb_trace.uut.student_top_inst.bridge_inst.dram_driver_inst.Mem_DRAM.inst.native_mem_module.blk_mem_gen_v8_4_8_inst is using a behavioral model for simulation which will not precisely model memory collision behavior.
INFO: [USF-XSim-96] XSim completed. Design snapshot 'tb_trace_behav' loaded.
INFO: [USF-XSim-97] XSim simulation ran for 1000ns
launch_simulation: Time (s): cpu = 00:00:00 ; elapsed = 00:00:09 . Memory (MB): peak = 618.246 ; gain = 31.270
# restart
INFO: [Wavedata 42-604] Simulation restarted
# run 100 us
 Block Memory Generator module loading initial data...
 Block Memory Generator data initialization complete.
Block Memory Generator module tb_trace.uut.student_top_inst.Mem_IROM.inst.native_mem_module.blk_mem_gen_v8_4_8_inst is using a behavioral model for simulation which will not precisely model memory collision behavior.
 Block Memory Generator module loading initial data...
 Block Memory Generator data initialization complete.
Block Memory Generator module tb_trace.uut.student_top_inst.bridge_inst.dram_driver_inst.Mem_DRAM.inst.native_mem_module.blk_mem_gen_v8_4_8_inst is using a behavioral model for simulation which will not precisely model memory collision behavior.
# close_sim
INFO: [Simtcl 6-16] Simulation closed
# close_project
# exit
INFO: [Common 17-206] Exiting Vivado at Tue Mar 17 11:35:12 2026...
