Vivado Simulator v2025.2.1
Copyright 1986-2022 Xilinx, Inc. All Rights Reserved.
Copyright 2022-2025 Advanced Micro Devices, Inc. All Rights Reserved.
Running: E:/Vivado25/2025.2.1/Vivado/bin/unwrapped/win64.o/xelab.exe --debug typical --relax --mt 2 -L work -L blk_mem_gen_v8_4_12 -L unisims_ver -L unimacro_ver -L secureip -L xpm --snapshot tb_xsim_rtl work.tb_xsim work.glbl 
Using 2 slave threads.
Starting static elaboration
Pass Through NonSizing Optimizer
Completed static elaboration
Starting simulation data flow analysis
Completed simulation data flow analysis
Time Resolution for simulation is 1ps
Compiling module work.decoder
Compiling module work.regfile_2w
Compiling module work.alu
Compiling module work.muldiv
Compiling module work.core
Compiling module blk_mem_gen_v8_4_12.blk_mem_gen_v8_4_12_output_stage...
Compiling module blk_mem_gen_v8_4_12.blk_mem_gen_v8_4_12_softecc_outp...
Compiling module blk_mem_gen_v8_4_12.blk_mem_gen_v8_4_12_mem_module(C...
Compiling module blk_mem_gen_v8_4_12.blk_mem_gen_v8_4_12(C_FAMILY="ki...
Compiling module work.IROM
Compiling module work.seg7
Compiling module work.display_seg
Compiling module work.DRAM
Compiling module work.counter
Compiling module work.perip_bridge
Compiling module work.student_top
Compiling module work.tb_xsim
WARNING: [XSIM 43-3373] "C:/Users/21186/Desktop/CICC2026/in_order/fpga_race/sim/tb_xsim.sv" Line 44. System function $value$plusargs is used as system task. This system function should have a LHS e.g. x=$value$plusargs().
Compiling module work.glbl
Built simulation snapshot tb_xsim_rtl
