#-----------------------------------------------------------
# xsim v2024.1 (64-bit)
# SW Build 5076996 on Wed May 22 18:37:14 MDT 2024
# IP Build 5075265 on Wed May 22 21:45:21 MDT 2024
# SharedData Build 5076995 on Wed May 22 18:29:18 MDT 2024
# Start of session at: Tue Mar 17 15:37:28 2026
# Process ID: 22328
# Current directory: C:/Users/21186/Desktop/verify/dual-issue/JYD2025_Contest-Template/digital_twin.sim/sim_1/behav/xsim
# Command line: xsim.exe -log simulate_after_fix.log -mode tcl -source {xsim.dir/tb_trace_behav/xsim_script.tcl}
# Log file: C:/Users/21186/Desktop/verify/dual-issue/JYD2025_Contest-Template/digital_twin.sim/sim_1/behav/xsim/simulate_after_fix.log
# Journal file: C:/Users/21186/Desktop/verify/dual-issue/JYD2025_Contest-Template/digital_twin.sim/sim_1/behav/xsim\xsim.jou
# Running On        :KuonjiAlice
# Platform          :Windows Server 2016 or Windows 10
# Operating System  :26200
# Processor Detail  :AMD Ryzen 9 8945HX with Radeon Graphics        
# CPU Frequency     :2495 MHz
# CPU Physical cores:16
# CPU Logical cores :32
# Host memory       :34142 MB
# Swap memory       :2147 MB
# Total Virtual     :36289 MB
# Available Virtual :14807 MB
#-----------------------------------------------------------
source xsim.dir/tb_trace_behav/xsim_script.tcl
# xsim {tb_trace_behav} -autoloadwcfg -tclbatch {C:\Users\21186\Desktop\verify\dual-issue\xsim_run_100us.tcl}
Time resolution is 1 ps
source {C:Users?86Desktoperifydual-issuexsim_run_100us.tcl}
couldn't read file "C:Users?86Desktoperifydual-issuexsim_run_100us.tcl": no such file or directory
xsim% INFO: [Common 17-206] Exiting xsim at Tue Mar 17 15:37:30 2026...
