#-----------------------------------------------------------
# xsim v2024.1 (64-bit)
# SW Build 5076996 on Wed May 22 18:37:14 MDT 2024
# IP Build 5075265 on Wed May 22 21:45:21 MDT 2024
# SharedData Build 5076995 on Wed May 22 18:29:18 MDT 2024
# Start of session at: Tue Mar 17 15:37:40 2026
# Process ID: 10876
# Current directory: C:/Users/21186/Desktop/verify/dual-issue/JYD2025_Contest-Template/digital_twin.sim/sim_1/behav/xsim
# Command line: xsim.exe -log simulate_after_fix.log -mode tcl -source {xsim.dir/tb_trace_behav/xsim_script.tcl}
# Log file: C:/Users/21186/Desktop/verify/dual-issue/JYD2025_Contest-Template/digital_twin.sim/sim_1/behav/xsim/simulate_after_fix.log
# Journal file: C:/Users/21186/Desktop/verify/dual-issue/JYD2025_Contest-Template/digital_twin.sim/sim_1/behav/xsim\xsim.jou
# Running On        :KuonjiAlice
# Platform          :Windows Server 2016 or Windows 10
# Operating System  :26200
# Processor Detail  :AMD Ryzen 9 8945HX with Radeon Graphics        
# CPU Frequency     :2495 MHz
# CPU Physical cores:16
# CPU Logical cores :32
# Host memory       :34142 MB
# Swap memory       :2147 MB
# Total Virtual     :36289 MB
# Available Virtual :14817 MB
#-----------------------------------------------------------
source xsim.dir/tb_trace_behav/xsim_script.tcl
# xsim {tb_trace_behav} -autoloadwcfg -tclbatch {C:/Users/21186/Desktop/verify/dual-issue/xsim_run_100us.tcl}
Time resolution is 1 ps
source C:/Users/21186/Desktop/verify/dual-issue/xsim_run_100us.tcl
## run 100 us
 Block Memory Generator module loading initial data...
 Block Memory Generator data initialization complete.
Block Memory Generator module tb_trace.uut.student_top_inst.Mem_IROM.inst.native_mem_module.blk_mem_gen_v8_4_8_inst is using a behavioral model for simulation which will not precisely model memory collision behavior.
 Block Memory Generator module loading initial data...
 Block Memory Generator data initialization complete.
Block Memory Generator module tb_trace.uut.student_top_inst.bridge_inst.dram_driver_inst.Mem_DRAM.inst.native_mem_module.blk_mem_gen_v8_4_8_inst is using a behavioral model for simulation which will not precisely model memory collision behavior.
Hit termination condition: PC == 80000010 or 00000010
Trace lines written: 937
$finish called at time : 22082499 ps : File "C:/Users/21186/Desktop/verify/dual-issue/tb_trace.sv" Line 164
## exit
INFO: [Common 17-206] Exiting xsim at Tue Mar 17 15:37:42 2026...
