#-----------------------------------------------------------
# Vivado v2025.2.1 (64-bit)
# SW Build 6403652 on Thu Mar 19 19:48:24 GMT 2026
# IP Build 6403511 on Thu Mar 19 12:41:45 MDT 2026
# SharedData Build 6403650 on Thu Mar 19 14:02:13 MDT 2026
# Start of session at: Sun Jun 28 12:06:49 2026
# Process ID         : 15500
# Current directory  : C:/Users/21186/Desktop/test/BTFN/RV32IM/pipeline7_RAS.runs/IROM_synth_1
# Command line       : vivado.exe -log IROM.vds -product Vivado -mode batch -messageDb vivado.pb -notrace -source IROM.tcl
# Log file           : C:/Users/21186/Desktop/test/BTFN/RV32IM/pipeline7_RAS.runs/IROM_synth_1/IROM.vds
# Journal file       : C:/Users/21186/Desktop/test/BTFN/RV32IM/pipeline7_RAS.runs/IROM_synth_1\vivado.jou
# Running On         : KuonjiAlice
# Platform           : Windows Server 2016 or Windows 10
# Operating System   : 26200
# Processor Detail   : AMD Ryzen 9 8945HX with Radeon Graphics        
# CPU Frequency      : 2495 MHz
# CPU Physical cores : 16
# CPU Logical cores  : 32
# Host memory        : 34142 MB
# Swap memory        : 2147 MB
# Total Virtual      : 36289 MB
# Available Virtual  : 5323 MB
#-----------------------------------------------------------
source IROM.tcl -notrace
