#-----------------------------------------------------------
# Vivado v2025.2.1 (64-bit)
# SW Build 6403652 on Thu Mar 19 19:48:24 GMT 2026
# IP Build 6403511 on Thu Mar 19 12:41:45 MDT 2026
# SharedData Build 6403650 on Thu Mar 19 14:02:13 MDT 2026
# Start of session at: Sat Apr 11 09:03:31 2026
# Process ID         : 27484
# Current directory  : C:/Users/21186/Desktop/test/BTFN/pipeline7_RAS
# Command line       : vivado.exe -gui_launcher_event rodinguilauncherevent40164 C:\Users\21186\Desktop\test\BTFN\pipeline7_RAS\pipeline7_RAS.xpr
# Log file           : C:/Users/21186/Desktop/test/BTFN/pipeline7_RAS/vivado.log
# Journal file       : C:/Users/21186/Desktop/test/BTFN/pipeline7_RAS\vivado.jou
# Running On         : KuonjiAlice
# Platform           : Windows Server 2016 or Windows 10
# Operating System   : 26200
# Processor Detail   : AMD Ryzen 9 8945HX with Radeon Graphics        
# CPU Frequency      : 2495 MHz
# CPU Physical cores : 16
# CPU Logical cores  : 32
# Host memory        : 34142 MB
# Swap memory        : 34359 MB
# Total Virtual      : 68501 MB
# Available Virtual  : 46814 MB
#-----------------------------------------------------------
start_gui
open_project C:/Users/21186/Desktop/test/BTFN/pipeline7_RAS/pipeline7_RAS.xpr
WARNING: [Board 49-26] cannot add Board Part xilinx.com:emb-plus-vpr-4616:part0:1.0 available at E:/Vivado25/2025.2.1/data/xhub/boards\XilinxBoardStore\boards\Xilinx\emb-plus-vpr-4616\1.0\board.xml as part xcve2302-sfva784-2mp-e-s specified in board_part file is either invalid or not available
WARNING: [Board 49-26] cannot add Board Part xilinx.com:emb-plus-vpr-4616:part0:1.1 available at E:/Vivado25/2025.2.1/data/xhub/boards\XilinxBoardStore\boards\Xilinx\emb-plus-vpr-4616\1.1\board.xml as part xcve2302-sfva784-2mp-e-s specified in board_part file is either invalid or not available
WARNING: [Board 49-26] cannot add Board Part xilinx.com:kcu105:part0:1.6 available at E:/Vivado25/2025.2.1/data/xhub/boards\XilinxBoardStore\boards\Xilinx\kcu105\1.6\board.xml as part xcku040-ffva1156-2-e specified in board_part file is either invalid or not available
WARNING: [Board 49-26] cannot add Board Part xilinx.com:kcu105:part0:1.7 available at E:/Vivado25/2025.2.1/data/xhub/boards\XilinxBoardStore\boards\Xilinx\kcu105\1.7\board.xml as part xcku040-ffva1156-2-e specified in board_part file is either invalid or not available
WARNING: [Board 49-26] cannot add Board Part xilinx.com:kcu116:part0:1.4 available at E:/Vivado25/2025.2.1/data/xhub/boards\XilinxBoardStore\boards\Xilinx\kcu116\1.4\board.xml as part xcku5p-ffvb676-2-e specified in board_part file is either invalid or not available
WARNING: [Board 49-26] cannot add Board Part xilinx.com:kcu116:part0:1.5 available at E:/Vivado25/2025.2.1/data/xhub/boards\XilinxBoardStore\boards\Xilinx\kcu116\1.5\board.xml as part xcku5p-ffvb676-2-e specified in board_part file is either invalid or not available
WARNING: [Board 49-26] cannot add Board Part xilinx.com:kcu1500:part0:1.2 available at E:/Vivado25/2025.2.1/data/xhub/boards\XilinxBoardStore\boards\Xilinx\kcu1500\1.2\board.xml as part xcku115-flvb2104-2-e specified in board_part file is either invalid or not available
WARNING: [Board 49-26] cannot add Board Part xilinx.com:scu200:part0:1.0 available at E:/Vivado25/2025.2.1/data/xhub/boards\XilinxBoardStore\boards\Xilinx\scu200\1.0\board.xml as part xcsu200p-sbva1024-2-e specified in board_part file is either invalid or not available
WARNING: [Board 49-26] cannot add Board Part xilinx.com:scu35:part0:1.0 available at E:/Vivado25/2025.2.1/data/xhub/boards\XilinxBoardStore\boards\Xilinx\scu35\1.0\board.xml as part xcsu35p-sbvb625-2-e specified in board_part file is either invalid or not available
WARNING: [Board 49-26] cannot add Board Part xilinx.com:v80:part0:1.0 available at E:/Vivado25/2025.2.1/data/xhub/boards\XilinxBoardStore\boards\Xilinx\v80\1.0\board.xml as part xcv80-lsva4737-2mhp-e-s specified in board_part file is either invalid or not available
WARNING: [Board 49-26] cannot add Board Part xilinx.com:vck190:part0:2.2 available at E:/Vivado25/2025.2.1/data/xhub/boards\XilinxBoardStore\boards\Xilinx\vck190\production\2.2\board.xml as part xcvc1902-vsva2197-2mp-e-s specified in board_part file is either invalid or not available
WARNING: [Board 49-26] cannot add Board Part xilinx.com:vck190:part0:3.0 available at E:/Vivado25/2025.2.1/data/xhub/boards\XilinxBoardStore\boards\Xilinx\vck190\production\3.0\board.xml as part xcvc1902-vsva2197-2mp-e-s specified in board_part file is either invalid or not available
WARNING: [Board 49-26] cannot add Board Part xilinx.com:vck190:part0:3.1 available at E:/Vivado25/2025.2.1/data/xhub/boards\XilinxBoardStore\boards\Xilinx\vck190\production\3.1\board.xml as part xcvc1902-vsva2197-2mp-e-s specified in board_part file is either invalid or not available
WARNING: [Board 49-26] cannot add Board Part xilinx.com:vck190:part0:3.2 available at E:/Vivado25/2025.2.1/data/xhub/boards\XilinxBoardStore\boards\Xilinx\vck190\production\3.2\board.xml as part xcvc1902-vsva2197-2mp-e-s specified in board_part file is either invalid or not available
WARNING: [Board 49-26] cannot add Board Part xilinx.com:vck190:part0:3.3 available at E:/Vivado25/2025.2.1/data/xhub/boards\XilinxBoardStore\boards\Xilinx\vck190\production\3.3\board.xml as part xcvc1902-vsva2197-2mp-e-s specified in board_part file is either invalid or not available
WARNING: [Board 49-26] cannot add Board Part xilinx.com:vck190:part0:3.4 available at E:/Vivado25/2025.2.1/data/xhub/boards\XilinxBoardStore\boards\Xilinx\vck190\production\3.4\board.xml as part xcvc1902-vsva2197-2mp-e-s specified in board_part file is either invalid or not available
WARNING: [Board 49-26] cannot add Board Part xilinx.com:vck190_newl:part0:1.0 available at E:/Vivado25/2025.2.1/data/xhub/boards\XilinxBoardStore\boards\Xilinx\vck190_newl\production\1.0\board.xml as part xcvc1902-vsva2197-2mp-e-s specified in board_part file is either invalid or not available
WARNING: [Board 49-26] cannot add Board Part xilinx.com:vck190_newl:part0:1.1 available at E:/Vivado25/2025.2.1/data/xhub/boards\XilinxBoardStore\boards\Xilinx\vck190_newl\production\1.1\board.xml as part xcvc1902-vsva2197-2mp-e-s specified in board_part file is either invalid or not available
WARNING: [Board 49-26] cannot add Board Part xilinx.com:vck190_newl:part0:1.2 available at E:/Vivado25/2025.2.1/data/xhub/boards\XilinxBoardStore\boards\Xilinx\vck190_newl\production\1.2\board.xml as part xcvc1902-vsva2197-2mp-e-s specified in board_part file is either invalid or not available
WARNING: [Board 49-26] cannot add Board Part xilinx.com:vck190_newl:part0:1.3 available at E:/Vivado25/2025.2.1/data/xhub/boards\XilinxBoardStore\boards\Xilinx\vck190_newl\production\1.3\board.xml as part xcvc1902-vsva2197-2mp-e-s specified in board_part file is either invalid or not available
WARNING: [Board 49-26] cannot add Board Part xilinx.com:vcu108:part0:1.6 available at E:/Vivado25/2025.2.1/data/xhub/boards\XilinxBoardStore\boards\Xilinx\vcu108\1.6\board.xml as part xcvu095-ffva2104-2-e specified in board_part file is either invalid or not available
WARNING: [Board 49-26] cannot add Board Part xilinx.com:vcu108:part0:1.7 available at E:/Vivado25/2025.2.1/data/xhub/boards\XilinxBoardStore\boards\Xilinx\vcu108\1.7\board.xml as part xcvu095-ffva2104-2-e specified in board_part file is either invalid or not available
WARNING: [Board 49-26] cannot add Board Part xilinx.com:vcu110:part0:1.4 available at E:/Vivado25/2025.2.1/data/xhub/boards\XilinxBoardStore\boards\Xilinx\vcu110\1.4\board.xml as part xcvu190-flgc2104-2-e specified in board_part file is either invalid or not available
WARNING: [Board 49-26] cannot add Board Part xilinx.com:vcu118:part0:2.0 available at E:/Vivado25/2025.2.1/data/xhub/boards\XilinxBoardStore\boards\Xilinx\vcu118\2.0\board.xml as part xcvu9p-flga2104-2l-e specified in board_part file is either invalid or not available
WARNING: [Board 49-26] cannot add Board Part xilinx.com:vcu118:part0:2.3 available at E:/Vivado25/2025.2.1/data/xhub/boards\XilinxBoardStore\boards\Xilinx\vcu118\2.3\board.xml as part xcvu9p-flga2104-2l-e specified in board_part file is either invalid or not available
WARNING: [Board 49-26] cannot add Board Part xilinx.com:vcu118:part0:2.4 available at E:/Vivado25/2025.2.1/data/xhub/boards\XilinxBoardStore\boards\Xilinx\vcu118\2.4\board.xml as part xcvu9p-flga2104-2l-e specified in board_part file is either invalid or not available
WARNING: [Board 49-26] cannot add Board Part xilinx.com:vcu128:part0:1.0 available at E:/Vivado25/2025.2.1/data/xhub/boards\XilinxBoardStore\boards\Xilinx\vcu128\production\1.0\board.xml as part xcvu37p-fsvh2892-2l-e specified in board_part file is either invalid or not available
WARNING: [Board 49-26] cannot add Board Part xilinx.com:vcu129:part0:1.0 available at E:/Vivado25/2025.2.1/data/xhub/boards\XilinxBoardStore\boards\Xilinx\vcu129\production\1.0\board.xml as part xcvu29p-fsga2577-2l-e specified in board_part file is either invalid or not available
WARNING: [Board 49-26] cannot add Board Part xilinx.com:vcu1525:part0:1.3 available at E:/Vivado25/2025.2.1/data/xhub/boards\XilinxBoardStore\boards\Xilinx\vcu1525\1.3\board.xml as part xcvu9p-fsgd2104-2l-e specified in board_part file is either invalid or not available
WARNING: [Board 49-26] cannot add Board Part xilinx.com:vek280:part0:1.0 available at E:/Vivado25/2025.2.1/data/xhub/boards\XilinxBoardStore\boards\Xilinx\vek280\production\1.0\board.xml as part xcve2802-vsvh1760-2mp-e-s specified in board_part file is either invalid or not available
WARNING: [Board 49-26] cannot add Board Part xilinx.com:vek280:part0:1.1 available at E:/Vivado25/2025.2.1/data/xhub/boards\XilinxBoardStore\boards\Xilinx\vek280\production\1.1\board.xml as part xcve2802-vsvh1760-2mp-e-s specified in board_part file is either invalid or not available
WARNING: [Board 49-26] cannot add Board Part xilinx.com:vek280:part0:1.2 available at E:/Vivado25/2025.2.1/data/xhub/boards\XilinxBoardStore\boards\Xilinx\vek280\production\1.2\board.xml as part xcve2802-vsvh1760-2mp-e-s specified in board_part file is either invalid or not available
WARNING: [Board 49-26] cannot add Board Part xilinx.com:vek385:part0:1.0 available at E:/Vivado25/2025.2.1/data/xhub/boards\XilinxBoardStore\boards\Xilinx\vek385\1.0\board.xml as part xc2ve3858-ssva2112-2mp-e-s specified in board_part file is either invalid or not available
WARNING: [Board 49-26] cannot add Board Part xilinx.com:vek385:part0:1.1 available at E:/Vivado25/2025.2.1/data/xhub/boards\XilinxBoardStore\boards\Xilinx\vek385\1.1\board.xml as part xc2ve3858-ssva2112-2mp-e-s specified in board_part file is either invalid or not available
WARNING: [Board 49-26] cannot add Board Part xilinx.com:vek385_1:part0:1.0 available at E:/Vivado25/2025.2.1/data/xhub/boards\XilinxBoardStore\boards\Xilinx\vek385_2\1.0\board.xml as part xc2ve3858-ssva2112-2mp-e-s specified in board_part file is either invalid or not available
WARNING: [Board 49-26] cannot add Board Part xilinx.com:vhk158:part0:1.0 available at E:/Vivado25/2025.2.1/data/xhub/boards\XilinxBoardStore\boards\Xilinx\vhk158\production\1.0\board.xml as part xcvh1582-vsva3697-2mp-e-s specified in board_part file is either invalid or not available
WARNING: [Board 49-26] cannot add Board Part xilinx.com:vhk158:part0:1.1 available at E:/Vivado25/2025.2.1/data/xhub/boards\XilinxBoardStore\boards\Xilinx\vhk158\production\1.1\board.xml as part xcvh1582-vsva3697-2mp-e-s specified in board_part file is either invalid or not available
WARNING: [Board 49-26] cannot add Board Part xilinx.com:vhk158:part0:1.2 available at E:/Vivado25/2025.2.1/data/xhub/boards\XilinxBoardStore\boards\Xilinx\vhk158\production\1.2\board.xml as part xcvh1582-vsva3697-2mp-e-s specified in board_part file is either invalid or not available
WARNING: [Board 49-26] cannot add Board Part xilinx.com:vmk180:part0:2.2 available at E:/Vivado25/2025.2.1/data/xhub/boards\XilinxBoardStore\boards\Xilinx\vmk180\production\2.2\board.xml as part xcvm1802-vsva2197-2mp-e-s specified in board_part file is either invalid or not available
WARNING: [Board 49-26] cannot add Board Part xilinx.com:vmk180:part0:3.0 available at E:/Vivado25/2025.2.1/data/xhub/boards\XilinxBoardStore\boards\Xilinx\vmk180\production\3.0\board.xml as part xcvm1802-vsva2197-2mp-e-s specified in board_part file is either invalid or not available
WARNING: [Board 49-26] cannot add Board Part xilinx.com:vmk180:part0:3.1 available at E:/Vivado25/2025.2.1/data/xhub/boards\XilinxBoardStore\boards\Xilinx\vmk180\production\3.1\board.xml as part xcvm1802-vsva2197-2mp-e-s specified in board_part file is either invalid or not available
WARNING: [Board 49-26] cannot add Board Part xilinx.com:vmk180:part0:3.2 available at E:/Vivado25/2025.2.1/data/xhub/boards\XilinxBoardStore\boards\Xilinx\vmk180\production\3.2\board.xml as part xcvm1802-vsva2197-2mp-e-s specified in board_part file is either invalid or not available
WARNING: [Board 49-26] cannot add Board Part xilinx.com:vmk180:part0:3.3 available at E:/Vivado25/2025.2.1/data/xhub/boards\XilinxBoardStore\boards\Xilinx\vmk180\production\3.3\board.xml as part xcvm1802-vsva2197-2mp-e-s specified in board_part file is either invalid or not available
WARNING: [Board 49-26] cannot add Board Part xilinx.com:vmk180_newl:part0:1.0 available at E:/Vivado25/2025.2.1/data/xhub/boards\XilinxBoardStore\boards\Xilinx\vmk180_newl\production\1.0\board.xml as part xcvm1802-vsva2197-2mp-e-s specified in board_part file is either invalid or not available
WARNING: [Board 49-26] cannot add Board Part xilinx.com:vmk180_newl:part0:1.1 available at E:/Vivado25/2025.2.1/data/xhub/boards\XilinxBoardStore\boards\Xilinx\vmk180_newl\production\1.1\board.xml as part xcvm1802-vsva2197-2mp-e-s specified in board_part file is either invalid or not available
WARNING: [Board 49-26] cannot add Board Part xilinx.com:vpk120:part0:1.0 available at E:/Vivado25/2025.2.1/data/xhub/boards\XilinxBoardStore\boards\Xilinx\vpk120\production\1.0\board.xml as part xcvp1202-vsva2785-2mp-e-s specified in board_part file is either invalid or not available
WARNING: [Board 49-26] cannot add Board Part xilinx.com:vpk120:part0:1.1 available at E:/Vivado25/2025.2.1/data/xhub/boards\XilinxBoardStore\boards\Xilinx\vpk120\production\1.1\board.xml as part xcvp1202-vsva2785-2mp-e-s specified in board_part file is either invalid or not available
WARNING: [Board 49-26] cannot add Board Part xilinx.com:vpk120:part0:1.2 available at E:/Vivado25/2025.2.1/data/xhub/boards\XilinxBoardStore\boards\Xilinx\vpk120\production\1.2\board.xml as part xcvp1202-vsva2785-2mp-e-s specified in board_part file is either invalid or not available
WARNING: [Board 49-26] cannot add Board Part xilinx.com:vpk180:part0:1.0 available at E:/Vivado25/2025.2.1/data/xhub/boards\XilinxBoardStore\boards\Xilinx\vpk180\production\1.0\board.xml as part xcvp1802-lsvc4072-2mp-e-s specified in board_part file is either invalid or not available
WARNING: [Board 49-26] cannot add Board Part xilinx.com:vpk180:part0:1.1 available at E:/Vivado25/2025.2.1/data/xhub/boards\XilinxBoardStore\boards\Xilinx\vpk180\production\1.1\board.xml as part xcvp1802-lsvc4072-2mp-e-s specified in board_part file is either invalid or not available
WARNING: [Board 49-26] cannot add Board Part xilinx.com:vpk180:part0:1.2 available at E:/Vivado25/2025.2.1/data/xhub/boards\XilinxBoardStore\boards\Xilinx\vpk180\production\1.2\board.xml as part xcvp1802-lsvc4072-2mp-e-s specified in board_part file is either invalid or not available
WARNING: [Board 49-26] cannot add Board Part xilinx.com:vrk160:part0:1.0 available at E:/Vivado25/2025.2.1/data/xhub/boards\XilinxBoardStore\boards\Xilinx\vrk160\1.0\board.xml as part xcvr1602-vsva2488-2mp-e-s-es1 specified in board_part file is either invalid or not available
WARNING: [Board 49-26] cannot add Board Part xilinx.com:vrk160:part0:1.1 available at E:/Vivado25/2025.2.1/data/xhub/boards\XilinxBoardStore\boards\Xilinx\vrk160\1.1\board.xml as part xcvr1602-vsva2488-2mp-e-s-es1 specified in board_part file is either invalid or not available
WARNING: [Board 49-26] cannot add Board Part xilinx.com:vrk165_es:part0:1.0 available at E:/Vivado25/2025.2.1/data/xhub/boards\XilinxBoardStore\boards\Xilinx\vrk165\es\1.0\board.xml as part xcvr1652-vsva2488-2mp-e-s-es1 specified in board_part file is either invalid or not available
WARNING: [Board 49-26] cannot add Board Part xilinx.com:zcu208ld:part0:2.0 available at E:/Vivado25/2025.2.1/data/xhub/boards\XilinxBoardStore\boards\Xilinx\zcu208ld\production\2.0\board.xml as part xczu58dr-fsvg1517-2-i specified in board_part file is either invalid or not available
WARNING: [Board 49-26] cannot add Board Part xilinx.com:zcu216ld:part0:2.0 available at E:/Vivado25/2025.2.1/data/xhub/boards\XilinxBoardStore\boards\Xilinx\zcu216ld\production\2.0\board.xml as part xczu59dr-ffvf1760-2-i specified in board_part file is either invalid or not available
WARNING: [Board 49-26] cannot add Board Part xilinx.com:zcu670ld:part0:1.0 available at E:/Vivado25/2025.2.1/data/xhub/boards\XilinxBoardStore\boards\Xilinx\zcu670ld\1.0\board.xml as part xczu57dr-fsve1156-2-i specified in board_part file is either invalid or not available
INFO: [Project 1-313] Project file moved from 'C:/Users/1669960040/Desktop/RISC-V/BTFN/pipeline7_RAS' since last save.
CRITICAL WARNING: [Project 1-311] Could not find the file 'C:/Users/21186/Desktop/test/test/src0/irom.coe', nor could it be found using path 'C:/Users/1669960040/Desktop/RISC-V/test/src0/irom.coe'.
CRITICAL WARNING: [Project 1-311] Could not find the file 'C:/Users/21186/Desktop/test/test/src1/irom.coe', nor could it be found using path 'C:/Users/1669960040/Desktop/RISC-V/test/src1/irom.coe'.
CRITICAL WARNING: [Project 1-311] Could not find the file 'C:/Users/21186/Desktop/test/test/src2/irom.coe', nor could it be found using path 'C:/Users/1669960040/Desktop/RISC-V/test/src2/irom.coe'.
Scanning sources...
Finished scanning sources
WARNING: [Board 49-26] cannot add Board Part xilinx.com:emb-plus-vpr-4616:part0:1.0 available at E:/Vivado25/2025.2.1/data/xhub/boards\XilinxBoardStore\boards\Xilinx\emb-plus-vpr-4616\1.0\board.xml as part xcve2302-sfva784-2mp-e-s specified in board_part file is either invalid or not available
WARNING: [Board 49-26] cannot add Board Part xilinx.com:emb-plus-vpr-4616:part0:1.1 available at E:/Vivado25/2025.2.1/data/xhub/boards\XilinxBoardStore\boards\Xilinx\emb-plus-vpr-4616\1.1\board.xml as part xcve2302-sfva784-2mp-e-s specified in board_part file is either invalid or not available
WARNING: [Board 49-26] cannot add Board Part xilinx.com:kcu105:part0:1.6 available at E:/Vivado25/2025.2.1/data/xhub/boards\XilinxBoardStore\boards\Xilinx\kcu105\1.6\board.xml as part xcku040-ffva1156-2-e specified in board_part file is either invalid or not available
WARNING: [Board 49-26] cannot add Board Part xilinx.com:kcu105:part0:1.7 available at E:/Vivado25/2025.2.1/data/xhub/boards\XilinxBoardStore\boards\Xilinx\kcu105\1.7\board.xml as part xcku040-ffva1156-2-e specified in board_part file is either invalid or not available
WARNING: [Board 49-26] cannot add Board Part xilinx.com:kcu116:part0:1.4 available at E:/Vivado25/2025.2.1/data/xhub/boards\XilinxBoardStore\boards\Xilinx\kcu116\1.4\board.xml as part xcku5p-ffvb676-2-e specified in board_part file is either invalid or not available
WARNING: [Board 49-26] cannot add Board Part xilinx.com:kcu116:part0:1.5 available at E:/Vivado25/2025.2.1/data/xhub/boards\XilinxBoardStore\boards\Xilinx\kcu116\1.5\board.xml as part xcku5p-ffvb676-2-e specified in board_part file is either invalid or not available
WARNING: [Board 49-26] cannot add Board Part xilinx.com:kcu1500:part0:1.2 available at E:/Vivado25/2025.2.1/data/xhub/boards\XilinxBoardStore\boards\Xilinx\kcu1500\1.2\board.xml as part xcku115-flvb2104-2-e specified in board_part file is either invalid or not available
WARNING: [Board 49-26] cannot add Board Part xilinx.com:scu200:part0:1.0 available at E:/Vivado25/2025.2.1/data/xhub/boards\XilinxBoardStore\boards\Xilinx\scu200\1.0\board.xml as part xcsu200p-sbva1024-2-e specified in board_part file is either invalid or not available
WARNING: [Board 49-26] cannot add Board Part xilinx.com:scu35:part0:1.0 available at E:/Vivado25/2025.2.1/data/xhub/boards\XilinxBoardStore\boards\Xilinx\scu35\1.0\board.xml as part xcsu35p-sbvb625-2-e specified in board_part file is either invalid or not available
WARNING: [Board 49-26] cannot add Board Part xilinx.com:v80:part0:1.0 available at E:/Vivado25/2025.2.1/data/xhub/boards\XilinxBoardStore\boards\Xilinx\v80\1.0\board.xml as part xcv80-lsva4737-2mhp-e-s specified in board_part file is either invalid or not available
WARNING: [Board 49-26] cannot add Board Part xilinx.com:vck190:part0:2.2 available at E:/Vivado25/2025.2.1/data/xhub/boards\XilinxBoardStore\boards\Xilinx\vck190\production\2.2\board.xml as part xcvc1902-vsva2197-2mp-e-s specified in board_part file is either invalid or not available
WARNING: [Board 49-26] cannot add Board Part xilinx.com:vck190:part0:3.0 available at E:/Vivado25/2025.2.1/data/xhub/boards\XilinxBoardStore\boards\Xilinx\vck190\production\3.0\board.xml as part xcvc1902-vsva2197-2mp-e-s specified in board_part file is either invalid or not available
WARNING: [Board 49-26] cannot add Board Part xilinx.com:vck190:part0:3.1 available at E:/Vivado25/2025.2.1/data/xhub/boards\XilinxBoardStore\boards\Xilinx\vck190\production\3.1\board.xml as part xcvc1902-vsva2197-2mp-e-s specified in board_part file is either invalid or not available
WARNING: [Board 49-26] cannot add Board Part xilinx.com:vck190:part0:3.2 available at E:/Vivado25/2025.2.1/data/xhub/boards\XilinxBoardStore\boards\Xilinx\vck190\production\3.2\board.xml as part xcvc1902-vsva2197-2mp-e-s specified in board_part file is either invalid or not available
WARNING: [Board 49-26] cannot add Board Part xilinx.com:vck190:part0:3.3 available at E:/Vivado25/2025.2.1/data/xhub/boards\XilinxBoardStore\boards\Xilinx\vck190\production\3.3\board.xml as part xcvc1902-vsva2197-2mp-e-s specified in board_part file is either invalid or not available
WARNING: [Board 49-26] cannot add Board Part xilinx.com:vck190:part0:3.4 available at E:/Vivado25/2025.2.1/data/xhub/boards\XilinxBoardStore\boards\Xilinx\vck190\production\3.4\board.xml as part xcvc1902-vsva2197-2mp-e-s specified in board_part file is either invalid or not available
WARNING: [Board 49-26] cannot add Board Part xilinx.com:vck190_newl:part0:1.0 available at E:/Vivado25/2025.2.1/data/xhub/boards\XilinxBoardStore\boards\Xilinx\vck190_newl\production\1.0\board.xml as part xcvc1902-vsva2197-2mp-e-s specified in board_part file is either invalid or not available
WARNING: [Board 49-26] cannot add Board Part xilinx.com:vck190_newl:part0:1.1 available at E:/Vivado25/2025.2.1/data/xhub/boards\XilinxBoardStore\boards\Xilinx\vck190_newl\production\1.1\board.xml as part xcvc1902-vsva2197-2mp-e-s specified in board_part file is either invalid or not available
WARNING: [Board 49-26] cannot add Board Part xilinx.com:vck190_newl:part0:1.2 available at E:/Vivado25/2025.2.1/data/xhub/boards\XilinxBoardStore\boards\Xilinx\vck190_newl\production\1.2\board.xml as part xcvc1902-vsva2197-2mp-e-s specified in board_part file is either invalid or not available
WARNING: [Board 49-26] cannot add Board Part xilinx.com:vck190_newl:part0:1.3 available at E:/Vivado25/2025.2.1/data/xhub/boards\XilinxBoardStore\boards\Xilinx\vck190_newl\production\1.3\board.xml as part xcvc1902-vsva2197-2mp-e-s specified in board_part file is either invalid or not available
WARNING: [Board 49-26] cannot add Board Part xilinx.com:vcu108:part0:1.6 available at E:/Vivado25/2025.2.1/data/xhub/boards\XilinxBoardStore\boards\Xilinx\vcu108\1.6\board.xml as part xcvu095-ffva2104-2-e specified in board_part file is either invalid or not available
WARNING: [Board 49-26] cannot add Board Part xilinx.com:vcu108:part0:1.7 available at E:/Vivado25/2025.2.1/data/xhub/boards\XilinxBoardStore\boards\Xilinx\vcu108\1.7\board.xml as part xcvu095-ffva2104-2-e specified in board_part file is either invalid or not available
WARNING: [Board 49-26] cannot add Board Part xilinx.com:vcu110:part0:1.4 available at E:/Vivado25/2025.2.1/data/xhub/boards\XilinxBoardStore\boards\Xilinx\vcu110\1.4\board.xml as part xcvu190-flgc2104-2-e specified in board_part file is either invalid or not available
WARNING: [Board 49-26] cannot add Board Part xilinx.com:vcu118:part0:2.0 available at E:/Vivado25/2025.2.1/data/xhub/boards\XilinxBoardStore\boards\Xilinx\vcu118\2.0\board.xml as part xcvu9p-flga2104-2l-e specified in board_part file is either invalid or not available
WARNING: [Board 49-26] cannot add Board Part xilinx.com:vcu118:part0:2.3 available at E:/Vivado25/2025.2.1/data/xhub/boards\XilinxBoardStore\boards\Xilinx\vcu118\2.3\board.xml as part xcvu9p-flga2104-2l-e specified in board_part file is either invalid or not available
WARNING: [Board 49-26] cannot add Board Part xilinx.com:vcu118:part0:2.4 available at E:/Vivado25/2025.2.1/data/xhub/boards\XilinxBoardStore\boards\Xilinx\vcu118\2.4\board.xml as part xcvu9p-flga2104-2l-e specified in board_part file is either invalid or not available
WARNING: [Board 49-26] cannot add Board Part xilinx.com:vcu128:part0:1.0 available at E:/Vivado25/2025.2.1/data/xhub/boards\XilinxBoardStore\boards\Xilinx\vcu128\production\1.0\board.xml as part xcvu37p-fsvh2892-2l-e specified in board_part file is either invalid or not available
WARNING: [Board 49-26] cannot add Board Part xilinx.com:vcu129:part0:1.0 available at E:/Vivado25/2025.2.1/data/xhub/boards\XilinxBoardStore\boards\Xilinx\vcu129\production\1.0\board.xml as part xcvu29p-fsga2577-2l-e specified in board_part file is either invalid or not available
WARNING: [Board 49-26] cannot add Board Part xilinx.com:vcu1525:part0:1.3 available at E:/Vivado25/2025.2.1/data/xhub/boards\XilinxBoardStore\boards\Xilinx\vcu1525\1.3\board.xml as part xcvu9p-fsgd2104-2l-e specified in board_part file is either invalid or not available
WARNING: [Board 49-26] cannot add Board Part xilinx.com:vek280:part0:1.0 available at E:/Vivado25/2025.2.1/data/xhub/boards\XilinxBoardStore\boards\Xilinx\vek280\production\1.0\board.xml as part xcve2802-vsvh1760-2mp-e-s specified in board_part file is either invalid or not available
WARNING: [Board 49-26] cannot add Board Part xilinx.com:vek280:part0:1.1 available at E:/Vivado25/2025.2.1/data/xhub/boards\XilinxBoardStore\boards\Xilinx\vek280\production\1.1\board.xml as part xcve2802-vsvh1760-2mp-e-s specified in board_part file is either invalid or not available
WARNING: [Board 49-26] cannot add Board Part xilinx.com:vek280:part0:1.2 available at E:/Vivado25/2025.2.1/data/xhub/boards\XilinxBoardStore\boards\Xilinx\vek280\production\1.2\board.xml as part xcve2802-vsvh1760-2mp-e-s specified in board_part file is either invalid or not available
WARNING: [Board 49-26] cannot add Board Part xilinx.com:vek385:part0:1.0 available at E:/Vivado25/2025.2.1/data/xhub/boards\XilinxBoardStore\boards\Xilinx\vek385\1.0\board.xml as part xc2ve3858-ssva2112-2mp-e-s specified in board_part file is either invalid or not available
WARNING: [Board 49-26] cannot add Board Part xilinx.com:vek385:part0:1.1 available at E:/Vivado25/2025.2.1/data/xhub/boards\XilinxBoardStore\boards\Xilinx\vek385\1.1\board.xml as part xc2ve3858-ssva2112-2mp-e-s specified in board_part file is either invalid or not available
WARNING: [Board 49-26] cannot add Board Part xilinx.com:vek385_1:part0:1.0 available at E:/Vivado25/2025.2.1/data/xhub/boards\XilinxBoardStore\boards\Xilinx\vek385_2\1.0\board.xml as part xc2ve3858-ssva2112-2mp-e-s specified in board_part file is either invalid or not available
WARNING: [Board 49-26] cannot add Board Part xilinx.com:vhk158:part0:1.0 available at E:/Vivado25/2025.2.1/data/xhub/boards\XilinxBoardStore\boards\Xilinx\vhk158\production\1.0\board.xml as part xcvh1582-vsva3697-2mp-e-s specified in board_part file is either invalid or not available
WARNING: [Board 49-26] cannot add Board Part xilinx.com:vhk158:part0:1.1 available at E:/Vivado25/2025.2.1/data/xhub/boards\XilinxBoardStore\boards\Xilinx\vhk158\production\1.1\board.xml as part xcvh1582-vsva3697-2mp-e-s specified in board_part file is either invalid or not available
WARNING: [Board 49-26] cannot add Board Part xilinx.com:vhk158:part0:1.2 available at E:/Vivado25/2025.2.1/data/xhub/boards\XilinxBoardStore\boards\Xilinx\vhk158\production\1.2\board.xml as part xcvh1582-vsva3697-2mp-e-s specified in board_part file is either invalid or not available
WARNING: [Board 49-26] cannot add Board Part xilinx.com:vmk180:part0:2.2 available at E:/Vivado25/2025.2.1/data/xhub/boards\XilinxBoardStore\boards\Xilinx\vmk180\production\2.2\board.xml as part xcvm1802-vsva2197-2mp-e-s specified in board_part file is either invalid or not available
WARNING: [Board 49-26] cannot add Board Part xilinx.com:vmk180:part0:3.0 available at E:/Vivado25/2025.2.1/data/xhub/boards\XilinxBoardStore\boards\Xilinx\vmk180\production\3.0\board.xml as part xcvm1802-vsva2197-2mp-e-s specified in board_part file is either invalid or not available
WARNING: [Board 49-26] cannot add Board Part xilinx.com:vmk180:part0:3.1 available at E:/Vivado25/2025.2.1/data/xhub/boards\XilinxBoardStore\boards\Xilinx\vmk180\production\3.1\board.xml as part xcvm1802-vsva2197-2mp-e-s specified in board_part file is either invalid or not available
WARNING: [Board 49-26] cannot add Board Part xilinx.com:vmk180:part0:3.2 available at E:/Vivado25/2025.2.1/data/xhub/boards\XilinxBoardStore\boards\Xilinx\vmk180\production\3.2\board.xml as part xcvm1802-vsva2197-2mp-e-s specified in board_part file is either invalid or not available
WARNING: [Board 49-26] cannot add Board Part xilinx.com:vmk180:part0:3.3 available at E:/Vivado25/2025.2.1/data/xhub/boards\XilinxBoardStore\boards\Xilinx\vmk180\production\3.3\board.xml as part xcvm1802-vsva2197-2mp-e-s specified in board_part file is either invalid or not available
INFO: [Common 17-14] Message 'Board 49-26' appears 100 times and further instances of the messages will be disabled. Use the Tcl command set_msg_config to change the current settings.
WARNING: [Project 1-5713] Board part '' set for the project  is not found. BoardPart property will be unset. Please select board from latest repo build 
INFO: [IP_Flow 19-234] Refreshing IP repositories
INFO: [IP_Flow 19-1704] No user IP repositories specified
INFO: [IP_Flow 19-2313] Loaded Vivado IP repository 'E:/Vivado25/2025.2.1/Vivado/data/ip'.
WARNING: [IP_Flow 19-2162] IP 'pll' is locked:
* IP definition 'Clocking Wizard (6.0)' for IP 'pll' (customized with software release 2025.2) has a different revision in the IP Catalog.
open_project: Time (s): cpu = 00:00:22 ; elapsed = 00:00:10 . Memory (MB): peak = 1794.777 ; gain = 252.016
update_compile_order -fileset sources_1
open_hw_manager
WARNING: [IP_Flow 19-4067] Ignoring invalid widget type specified checkbox.Providing a default widget
WARNING: [IP_Flow 19-4067] Ignoring invalid widget type specified checkbox.Providing a default widget
connect_hw_server -allow_non_jtag
INFO: [Labtools 27-2285] Connecting to hw_server url TCP:localhost:3121
INFO: [Labtools 27-2222] Launching hw_server...
INFO: [Labtools 27-2221] Launch Output:

****** Xilinx hw_server v2025.2.1
  **** Build date : Mar 10 2026 at 23:31:30
    ** Copyright 1986-2022 Xilinx, Inc. All Rights Reserved.


INFO: [Labtools 27-3415] Connecting to cs_server url TCP:localhost:0
INFO: [Labtools 27-3417] Launching cs_server...
INFO: [Labtools 27-2221] Launch Output:


******** Xilinx cs_server v2025.2.0
  ****** Build date   : Nov 14 2025-07:16:52
    **** Build number : 2025.2.1763075812
      ** Copyright 2017-2022 Xilinx, Inc. All Rights Reserved.
      ** Copyright 2022-2026 Advanced Micro Devices, Inc. All Rights Reserved.



connect_hw_server: Time (s): cpu = 00:00:00 ; elapsed = 00:00:05 . Memory (MB): peak = 1822.363 ; gain = 3.141
open_hw_target
INFO: [Labtoolstcl 44-466] Opening hw_target localhost:3121/xilinx_tcf/Digilent/200300AFF274B
set_property PROGRAM.FILE {C:/Users/21186/Desktop/test/BTFN/pipeline7_RAS/pipeline7_RAS.runs/impl_1/top.bit} [get_hw_devices xc7k325t_0]
current_hw_device [get_hw_devices xc7k325t_0]
refresh_hw_device -update_hw_probes false [lindex [get_hw_devices xc7k325t_0] 0]
INFO: [Labtools 27-1435] Device xc7k325t (JTAG device index = 0) is not programmed (DONE status = 0).
set_property PROBES.FILE {} [get_hw_devices xc7k325t_0]
set_property FULL_PROBES.FILE {} [get_hw_devices xc7k325t_0]
set_property PROGRAM.FILE {C:/Users/21186/Desktop/test/BTFN/pipeline7_RAS/pipeline7_RAS.runs/impl_1/top.bit} [get_hw_devices xc7k325t_0]
program_hw_devices [get_hw_devices xc7k325t_0]
INFO: [Labtools 27-3164] End of startup status: HIGH
program_hw_devices: Time (s): cpu = 00:00:07 ; elapsed = 00:00:07 . Memory (MB): peak = 1871.465 ; gain = 0.000
refresh_hw_device [lindex [get_hw_devices xc7k325t_0] 0]
INFO: [Labtools 27-1434] Device xc7k325t (JTAG device index = 0) is programmed with a design that has no supported soft debug core(s) in it.
ERROR: [Labtoolstcl 44-513] HW Target shutdown. Closing target: localhost:3121/xilinx_tcf/Digilent/200300AFF274B
upgrade_ip [get_ips]
Upgrading 'pll'
INFO: [Device 21-403] Loading part xc7k325tffg900-2
INFO: [IP_Flow 19-3422] Upgraded pll (Clocking Wizard 6.0) from revision 17 to revision 18
INFO: [IP_Flow 19-1686] Generating 'Instantiation Template' target for IP 'pll'...
c:/Users/21186/Desktop/test/BTFN/BTB/ip/pll_1/pll.xci
WARNING: [IP_Flow 19-4067] Ignoring invalid widget type specified checkbox.Providing a default widget
WARNING: [IP_Flow 19-4067] Ignoring invalid widget type specified checkbox.Providing a default widget
INFO: [IP_Flow 19-3484] Absolute path of file 'c:/Users/21186/Desktop/test/src0/irom.coe' provided. It will be converted relative to IP Instance files '../../../../../../src0/irom.coe'
set_property CONFIG.Coe_File {C:/Users/21186/Desktop/test/src0/irom.coe} [get_ips IROM]
INFO: [IP_Flow 19-3484] Absolute path of file 'c:/Users/21186/Desktop/test/src0/irom.coe' provided. It will be converted relative to IP Instance files '../../../../src0/irom.coe'
INFO: [IP_Flow 19-3484] Absolute path of file 'c:/Users/21186/Desktop/test/src0/irom.coe' provided. It will be converted relative to IP Instance files '../../../../src0/irom.coe'
generate_target all [get_files  C:/Users/21186/Desktop/test/BTFN/BTB/ip/IROM/IROM.xci]
INFO: [IP_Flow 19-1686] Generating 'Instantiation Template' target for IP 'IROM'...
INFO: [IP_Flow 19-1686] Generating 'Synthesis' target for IP 'IROM'...
INFO: [IP_Flow 19-1686] Generating 'Simulation' target for IP 'IROM'...
INFO: [IP_Flow 19-1686] Generating 'Miscellaneous' target for IP 'IROM'...
INFO: [IP_Flow 19-1686] Generating 'Change Log' target for IP 'IROM'...
catch { config_ip_cache -export [get_ips -all IROM] }
export_ip_user_files -of_objects [get_files C:/Users/21186/Desktop/test/BTFN/BTB/ip/IROM/IROM.xci] -no_script -sync -force -quiet
reset_run IROM_synth_1
launch_runs IROM_synth_1 -jobs 16
[Sat Apr 11 09:07:57 2026] Launched IROM_synth_1...
Run output will be captured here: C:/Users/21186/Desktop/test/BTFN/pipeline7_RAS/pipeline7_RAS.runs/IROM_synth_1/runme.log
export_simulation -lib_map_path [list {modelsim=C:/Users/21186/Desktop/test/BTFN/pipeline7_RAS/pipeline7_RAS.cache/compile_simlib/modelsim} {questa=C:/Users/21186/Desktop/test/BTFN/pipeline7_RAS/pipeline7_RAS.cache/compile_simlib/questa} {riviera=C:/Users/21186/Desktop/test/BTFN/pipeline7_RAS/pipeline7_RAS.cache/compile_simlib/riviera} {activehdl=C:/Users/21186/Desktop/test/BTFN/pipeline7_RAS/pipeline7_RAS.cache/compile_simlib/activehdl}] -of_objects [get_files C:/Users/21186/Desktop/test/BTFN/BTB/ip/IROM/IROM.xci] -directory C:/Users/21186/Desktop/test/BTFN/pipeline7_RAS/pipeline7_RAS.ip_user_files/sim_scripts -ip_user_files_dir C:/Users/21186/Desktop/test/BTFN/pipeline7_RAS/pipeline7_RAS.ip_user_files -ipstatic_source_dir C:/Users/21186/Desktop/test/BTFN/pipeline7_RAS/pipeline7_RAS.ip_user_files/ipstatic -use_ip_compiled_libs -force -quiet
update_compile_order -fileset sources_1
WARNING: [IP_Flow 19-4067] Ignoring invalid widget type specified checkbox.Providing a default widget
WARNING: [IP_Flow 19-4067] Ignoring invalid widget type specified checkbox.Providing a default widget
reset_target all [get_files  C:/Users/21186/Desktop/test/BTFN/BTB/ip/DRAM/DRAM.xci]
export_ip_user_files -of_objects  [get_files  C:/Users/21186/Desktop/test/BTFN/BTB/ip/DRAM/DRAM.xci] -sync -no_script -force -quiet
delete_ip_run [get_files -of_objects [get_fileset DRAM] C:/Users/21186/Desktop/test/BTFN/BTB/ip/DRAM/DRAM.xci]
WARNING: [Vivado 12-1017] Problems encountered:
1. Failed to delete one or more files in run directory C:/Users/21186/Desktop/test/BTFN/pipeline7_RAS/pipeline7_RAS.runs/DRAM_synth_1

INFO: [Project 1-386] Moving file 'C:/Users/21186/Desktop/test/BTFN/BTB/ip/DRAM/DRAM.xci' from fileset 'DRAM' to fileset 'sources_1'.
update_compile_order -fileset sources_1
generate_target all [get_files  C:/Users/21186/Desktop/test/BTFN/BTB/ip/DRAM/DRAM.xci]
INFO: [IP_Flow 19-1686] Generating 'Instantiation Template' target for IP 'DRAM'...
INFO: [IP_Flow 19-1686] Generating 'Synthesis' target for IP 'DRAM'...
INFO: [IP_Flow 19-1686] Generating 'Simulation' target for IP 'DRAM'...
INFO: [IP_Flow 19-1686] Generating 'Miscellaneous' target for IP 'DRAM'...
INFO: [IP_Flow 19-1686] Generating 'Change Log' target for IP 'DRAM'...
catch { config_ip_cache -export [get_ips -all DRAM] }
export_ip_user_files -of_objects [get_files C:/Users/21186/Desktop/test/BTFN/BTB/ip/DRAM/DRAM.xci] -no_script -sync -force -quiet
create_ip_run [get_files -of_objects [get_fileset sources_1] C:/Users/21186/Desktop/test/BTFN/BTB/ip/DRAM/DRAM.xci]
launch_runs DRAM_synth_1 -jobs 16
[Sat Apr 11 09:08:33 2026] Launched DRAM_synth_1...
Run output will be captured here: C:/Users/21186/Desktop/test/BTFN/pipeline7_RAS/pipeline7_RAS.runs/DRAM_synth_1/runme.log
export_simulation -lib_map_path [list {modelsim=C:/Users/21186/Desktop/test/BTFN/pipeline7_RAS/pipeline7_RAS.cache/compile_simlib/modelsim} {questa=C:/Users/21186/Desktop/test/BTFN/pipeline7_RAS/pipeline7_RAS.cache/compile_simlib/questa} {riviera=C:/Users/21186/Desktop/test/BTFN/pipeline7_RAS/pipeline7_RAS.cache/compile_simlib/riviera} {activehdl=C:/Users/21186/Desktop/test/BTFN/pipeline7_RAS/pipeline7_RAS.cache/compile_simlib/activehdl}] -of_objects [get_files C:/Users/21186/Desktop/test/BTFN/BTB/ip/DRAM/DRAM.xci] -directory C:/Users/21186/Desktop/test/BTFN/pipeline7_RAS/pipeline7_RAS.ip_user_files/sim_scripts -ip_user_files_dir C:/Users/21186/Desktop/test/BTFN/pipeline7_RAS/pipeline7_RAS.ip_user_files -ipstatic_source_dir C:/Users/21186/Desktop/test/BTFN/pipeline7_RAS/pipeline7_RAS.ip_user_files/ipstatic -use_ip_compiled_libs -force -quiet
reset_target all [get_files  C:/Users/21186/Desktop/test/BTFN/BTB/ip/IROM/IROM.xci]
export_ip_user_files -of_objects  [get_files  C:/Users/21186/Desktop/test/BTFN/BTB/ip/IROM/IROM.xci] -sync -no_script -force -quiet
delete_ip_run [get_files -of_objects [get_fileset IROM] C:/Users/21186/Desktop/test/BTFN/BTB/ip/IROM/IROM.xci]
WARNING: [Vivado 12-1017] Problems encountered:
1. Failed to delete one or more files in run directory C:/Users/21186/Desktop/test/BTFN/pipeline7_RAS/pipeline7_RAS.runs/IROM_synth_1

INFO: [Project 1-386] Moving file 'C:/Users/21186/Desktop/test/BTFN/BTB/ip/IROM/IROM.xci' from fileset 'IROM' to fileset 'sources_1'.
update_compile_order -fileset sources_1
generate_target all [get_files  C:/Users/21186/Desktop/test/BTFN/BTB/ip/IROM/IROM.xci]
INFO: [IP_Flow 19-1686] Generating 'Instantiation Template' target for IP 'IROM'...
INFO: [IP_Flow 19-1686] Generating 'Synthesis' target for IP 'IROM'...
INFO: [IP_Flow 19-1686] Generating 'Simulation' target for IP 'IROM'...
INFO: [IP_Flow 19-1686] Generating 'Miscellaneous' target for IP 'IROM'...
INFO: [IP_Flow 19-1686] Generating 'Change Log' target for IP 'IROM'...
catch { config_ip_cache -export [get_ips -all IROM] }
INFO: [IP_Flow 19-4993] Using cached IP synthesis design for IP IROM, cache-ID = 82864257e0d5e046; cache size = 0.351 MB.
export_ip_user_files -of_objects [get_files C:/Users/21186/Desktop/test/BTFN/BTB/ip/IROM/IROM.xci] -no_script -sync -force -quiet
create_ip_run [get_files -of_objects [get_fileset sources_1] C:/Users/21186/Desktop/test/BTFN/BTB/ip/IROM/IROM.xci]
INFO: [Vivado 12-3453] The given sub-design is up-to-date, no action was taken.  If a run is still desired, use the '-force' option for the file:'C:/Users/21186/Desktop/test/BTFN/BTB/ip/IROM/IROM.xci'
export_simulation -lib_map_path [list {modelsim=C:/Users/21186/Desktop/test/BTFN/pipeline7_RAS/pipeline7_RAS.cache/compile_simlib/modelsim} {questa=C:/Users/21186/Desktop/test/BTFN/pipeline7_RAS/pipeline7_RAS.cache/compile_simlib/questa} {riviera=C:/Users/21186/Desktop/test/BTFN/pipeline7_RAS/pipeline7_RAS.cache/compile_simlib/riviera} {activehdl=C:/Users/21186/Desktop/test/BTFN/pipeline7_RAS/pipeline7_RAS.cache/compile_simlib/activehdl}] -of_objects [get_files C:/Users/21186/Desktop/test/BTFN/BTB/ip/IROM/IROM.xci] -directory C:/Users/21186/Desktop/test/BTFN/pipeline7_RAS/pipeline7_RAS.ip_user_files/sim_scripts -ip_user_files_dir C:/Users/21186/Desktop/test/BTFN/pipeline7_RAS/pipeline7_RAS.ip_user_files -ipstatic_source_dir C:/Users/21186/Desktop/test/BTFN/pipeline7_RAS/pipeline7_RAS.ip_user_files/ipstatic -use_ip_compiled_libs -force -quiet
WARNING: [IP_Flow 19-4067] Ignoring invalid widget type specified checkbox.Providing a default widget
WARNING: [IP_Flow 19-4067] Ignoring invalid widget type specified checkbox.Providing a default widget
WARNING: [IP_Flow 19-4067] Ignoring invalid widget type specified checkbox.Providing a default widget
WARNING: [IP_Flow 19-4067] Ignoring invalid widget type specified checkbox.Providing a default widget
reset_run synth_1
INFO: [Project 1-1161] Replacing file C:/Users/21186/Desktop/test/BTFN/pipeline7_RAS/pipeline7_RAS.srcs/utils_1/imports/synth_1/top.dcp with file C:/Users/21186/Desktop/test/BTFN/pipeline7_RAS/pipeline7_RAS.runs/synth_1/top.dcp
WARNING: [Vivado 12-1017] Problems encountered:
1. Failed to delete one or more files in run directory C:/Users/21186/Desktop/test/BTFN/pipeline7_RAS/pipeline7_RAS.runs/synth_1

launch_runs impl_1 -to_step write_bitstream -jobs 16
INFO: [Vivado 12-4149] The synthesis checkpoint for IP 'C:/Users/21186/Desktop/test/BTFN/BTB/ip/IROM/IROM.xci' is already up-to-date
INFO: [IP_Flow 19-1686] Generating 'Synthesis' target for IP 'pll'...
INFO: [IP_Flow 19-1686] Generating 'Implementation' target for IP 'pll'...
[Sat Apr 11 09:09:17 2026] Launched DRAM_synth_1, pll_synth_1, synth_1...
Run output will be captured here:
DRAM_synth_1: C:/Users/21186/Desktop/test/BTFN/pipeline7_RAS/pipeline7_RAS.runs/DRAM_synth_1/runme.log
pll_synth_1: C:/Users/21186/Desktop/test/BTFN/pipeline7_RAS/pipeline7_RAS.runs/pll_synth_1/runme.log
synth_1: C:/Users/21186/Desktop/test/BTFN/pipeline7_RAS/pipeline7_RAS.runs/synth_1/runme.log
[Sat Apr 11 09:09:17 2026] Launched impl_1...
Run output will be captured here: C:/Users/21186/Desktop/test/BTFN/pipeline7_RAS/pipeline7_RAS.runs/impl_1/runme.log
WARNING: [IP_Flow 19-4067] Ignoring invalid widget type specified checkbox.Providing a default widget
WARNING: [IP_Flow 19-4067] Ignoring invalid widget type specified checkbox.Providing a default widget
INFO: [IP_Flow 19-3484] Absolute path of file 'c:/Users/21186/Desktop/test/src0/irom.coe' provided. It will be converted relative to IP Instance files '../../../../../../src0/irom.coe'
set_property CONFIG.Coe_File {C:/Users/21186/Desktop/test/src0/irom.coe} [get_ips IROM]
INFO: [IP_Flow 19-3484] Absolute path of file 'c:/Users/21186/Desktop/test/src0/irom.coe' provided. It will be converted relative to IP Instance files '../../../../src0/irom.coe'
INFO: [IP_Flow 19-3484] Absolute path of file 'c:/Users/21186/Desktop/test/src0/irom.coe' provided. It will be converted relative to IP Instance files '../../../../src0/irom.coe'
WARNING: [IP_Flow 19-4067] Ignoring invalid widget type specified checkbox.Providing a default widget
WARNING: [IP_Flow 19-4067] Ignoring invalid widget type specified checkbox.Providing a default widget
INFO: [IP_Flow 19-3484] Absolute path of file 'c:/Users/21186/Desktop/test/src0/irom.coe' provided. It will be converted relative to IP Instance files '../../../../../../src0/irom.coe'
set_property CONFIG.Coe_File {C:/Users/21186/Desktop/test/src0/irom.coe} [get_ips IROM]
INFO: [IP_Flow 19-3484] Absolute path of file 'c:/Users/21186/Desktop/test/src0/irom.coe' provided. It will be converted relative to IP Instance files '../../../../src0/irom.coe'
INFO: [IP_Flow 19-3484] Absolute path of file 'c:/Users/21186/Desktop/test/src0/irom.coe' provided. It will be converted relative to IP Instance files '../../../../src0/irom.coe'
export_ip_user_files -of_objects  [get_files C:/Users/21186/Desktop/test/test/src0/irom.coe] -no_script -reset -force -quiet
remove_files  C:/Users/21186/Desktop/test/test/src0/irom.coe
export_ip_user_files -of_objects  [get_files C:/Users/21186/Desktop/test/test/src1/irom.coe] -no_script -reset -force -quiet
remove_files  C:/Users/21186/Desktop/test/test/src1/irom.coe
export_ip_user_files -of_objects  [get_files C:/Users/21186/Desktop/test/test/src2/irom.coe] -no_script -reset -force -quiet
remove_files  C:/Users/21186/Desktop/test/test/src2/irom.coe
export_ip_user_files -of_objects  [get_files c:/Users/21186/Desktop/test/src0/irom.coe] -no_script -reset -force -quiet
remove_files  c:/Users/21186/Desktop/test/src0/irom.coe
WARNING: [IP_Flow 19-4067] Ignoring invalid widget type specified checkbox.Providing a default widget
WARNING: [IP_Flow 19-4067] Ignoring invalid widget type specified checkbox.Providing a default widget
INFO: [IP_Flow 19-3484] Absolute path of file 'c:/Users/21186/Desktop/test/src0/irom.coe' provided. It will be converted relative to IP Instance files '../../../../../../src0/irom.coe'
set_property CONFIG.Coe_File {C:/Users/21186/Desktop/test/src0/irom.coe} [get_ips IROM]
INFO: [IP_Flow 19-3484] Absolute path of file 'c:/Users/21186/Desktop/test/src0/irom.coe' provided. It will be converted relative to IP Instance files '../../../../src0/irom.coe'
INFO: [IP_Flow 19-3484] Absolute path of file 'c:/Users/21186/Desktop/test/src0/irom.coe' provided. It will be converted relative to IP Instance files '../../../../src0/irom.coe'
reset_target all [get_files  C:/Users/21186/Desktop/test/BTFN/BTB/ip/IROM/IROM.xci]
export_ip_user_files -of_objects  [get_files  C:/Users/21186/Desktop/test/BTFN/BTB/ip/IROM/IROM.xci] -sync -no_script -force -quiet
generate_target all [get_files  C:/Users/21186/Desktop/test/BTFN/BTB/ip/IROM/IROM.xci]
INFO: [IP_Flow 19-1686] Generating 'Instantiation Template' target for IP 'IROM'...
INFO: [IP_Flow 19-1686] Generating 'Synthesis' target for IP 'IROM'...
INFO: [IP_Flow 19-1686] Generating 'Simulation' target for IP 'IROM'...
INFO: [IP_Flow 19-1686] Generating 'Miscellaneous' target for IP 'IROM'...
INFO: [IP_Flow 19-1686] Generating 'Change Log' target for IP 'IROM'...
catch { config_ip_cache -export [get_ips -all IROM] }
INFO: [IP_Flow 19-4993] Using cached IP synthesis design for IP IROM, cache-ID = 82864257e0d5e046; cache size = 4.036 MB.
export_ip_user_files -of_objects [get_files C:/Users/21186/Desktop/test/BTFN/BTB/ip/IROM/IROM.xci] -no_script -sync -force -quiet
create_ip_run [get_files -of_objects [get_fileset sources_1] C:/Users/21186/Desktop/test/BTFN/BTB/ip/IROM/IROM.xci]
INFO: [Vivado 12-3453] The given sub-design is up-to-date, no action was taken.  If a run is still desired, use the '-force' option for the file:'C:/Users/21186/Desktop/test/BTFN/BTB/ip/IROM/IROM.xci'
export_simulation -lib_map_path [list {modelsim=C:/Users/21186/Desktop/test/BTFN/pipeline7_RAS/pipeline7_RAS.cache/compile_simlib/modelsim} {questa=C:/Users/21186/Desktop/test/BTFN/pipeline7_RAS/pipeline7_RAS.cache/compile_simlib/questa} {riviera=C:/Users/21186/Desktop/test/BTFN/pipeline7_RAS/pipeline7_RAS.cache/compile_simlib/riviera} {activehdl=C:/Users/21186/Desktop/test/BTFN/pipeline7_RAS/pipeline7_RAS.cache/compile_simlib/activehdl}] -of_objects [get_files C:/Users/21186/Desktop/test/BTFN/BTB/ip/IROM/IROM.xci] -directory C:/Users/21186/Desktop/test/BTFN/pipeline7_RAS/pipeline7_RAS.ip_user_files/sim_scripts -ip_user_files_dir C:/Users/21186/Desktop/test/BTFN/pipeline7_RAS/pipeline7_RAS.ip_user_files -ipstatic_source_dir C:/Users/21186/Desktop/test/BTFN/pipeline7_RAS/pipeline7_RAS.ip_user_files/ipstatic -use_ip_compiled_libs -force -quiet
WARNING: [IP_Flow 19-4067] Ignoring invalid widget type specified checkbox.Providing a default widget
WARNING: [IP_Flow 19-4067] Ignoring invalid widget type specified checkbox.Providing a default widget
INFO: [IP_Flow 19-3484] Absolute path of file 'c:/Users/21186/Desktop/test/src0/irom.coe' provided. It will be converted relative to IP Instance files '../../../../../../src0/irom.coe'
set_property CONFIG.Coe_File {C:/Users/21186/Desktop/test/src0/irom.coe} [get_ips IROM]
INFO: [IP_Flow 19-3484] Absolute path of file 'c:/Users/21186/Desktop/test/src0/irom.coe' provided. It will be converted relative to IP Instance files '../../../../src0/irom.coe'
INFO: [IP_Flow 19-3484] Absolute path of file 'c:/Users/21186/Desktop/test/src0/irom.coe' provided. It will be converted relative to IP Instance files '../../../../src0/irom.coe'
WARNING: [IP_Flow 19-4067] Ignoring invalid widget type specified checkbox.Providing a default widget
WARNING: [IP_Flow 19-4067] Ignoring invalid widget type specified checkbox.Providing a default widget
WARNING: [IP_Flow 19-4067] Ignoring invalid widget type specified checkbox.Providing a default widget
WARNING: [IP_Flow 19-4067] Ignoring invalid widget type specified checkbox.Providing a default widget
INFO: [IP_Flow 19-3484] Absolute path of file 'c:/Users/21186/Desktop/test/src1/irom.coe' provided. It will be converted relative to IP Instance files '../../../../../../src1/irom.coe'
set_property CONFIG.Coe_File {C:/Users/21186/Desktop/test/src1/irom.coe} [get_ips IROM]
INFO: [IP_Flow 19-3484] Absolute path of file 'c:/Users/21186/Desktop/test/src1/irom.coe' provided. It will be converted relative to IP Instance files '../../../../src1/irom.coe'
INFO: [IP_Flow 19-3484] Absolute path of file 'c:/Users/21186/Desktop/test/src1/irom.coe' provided. It will be converted relative to IP Instance files '../../../../src1/irom.coe'
generate_target all [get_files  C:/Users/21186/Desktop/test/BTFN/BTB/ip/IROM/IROM.xci]
INFO: [IP_Flow 19-1686] Generating 'Instantiation Template' target for IP 'IROM'...
INFO: [IP_Flow 19-1686] Generating 'Synthesis' target for IP 'IROM'...
INFO: [IP_Flow 19-1686] Generating 'Simulation' target for IP 'IROM'...
INFO: [IP_Flow 19-1686] Generating 'Miscellaneous' target for IP 'IROM'...
INFO: [IP_Flow 19-1686] Generating 'Change Log' target for IP 'IROM'...
catch { config_ip_cache -export [get_ips -all IROM] }
export_ip_user_files -of_objects [get_files C:/Users/21186/Desktop/test/BTFN/BTB/ip/IROM/IROM.xci] -no_script -sync -force -quiet
create_ip_run [get_files -of_objects [get_fileset sources_1] C:/Users/21186/Desktop/test/BTFN/BTB/ip/IROM/IROM.xci]
launch_runs IROM_synth_1 -jobs 16
[Sat Apr 11 09:12:33 2026] Launched IROM_synth_1...
Run output will be captured here: C:/Users/21186/Desktop/test/BTFN/pipeline7_RAS/pipeline7_RAS.runs/IROM_synth_1/runme.log
export_simulation -lib_map_path [list {modelsim=C:/Users/21186/Desktop/test/BTFN/pipeline7_RAS/pipeline7_RAS.cache/compile_simlib/modelsim} {questa=C:/Users/21186/Desktop/test/BTFN/pipeline7_RAS/pipeline7_RAS.cache/compile_simlib/questa} {riviera=C:/Users/21186/Desktop/test/BTFN/pipeline7_RAS/pipeline7_RAS.cache/compile_simlib/riviera} {activehdl=C:/Users/21186/Desktop/test/BTFN/pipeline7_RAS/pipeline7_RAS.cache/compile_simlib/activehdl}] -of_objects [get_files C:/Users/21186/Desktop/test/BTFN/BTB/ip/IROM/IROM.xci] -directory C:/Users/21186/Desktop/test/BTFN/pipeline7_RAS/pipeline7_RAS.ip_user_files/sim_scripts -ip_user_files_dir C:/Users/21186/Desktop/test/BTFN/pipeline7_RAS/pipeline7_RAS.ip_user_files -ipstatic_source_dir C:/Users/21186/Desktop/test/BTFN/pipeline7_RAS/pipeline7_RAS.ip_user_files/ipstatic -use_ip_compiled_libs -force -quiet
update_compile_order -fileset sources_1
WARNING: [IP_Flow 19-4067] Ignoring invalid widget type specified checkbox.Providing a default widget
WARNING: [IP_Flow 19-4067] Ignoring invalid widget type specified checkbox.Providing a default widget
INFO: [IP_Flow 19-3484] Absolute path of file 'c:/Users/21186/Desktop/test/src0/irom.coe' provided. It will be converted relative to IP Instance files '../../../../../../src0/irom.coe'
WARNING: [IP_Flow 19-4067] Ignoring invalid widget type specified checkbox.Providing a default widget
WARNING: [IP_Flow 19-4067] Ignoring invalid widget type specified checkbox.Providing a default widget
INFO: [IP_Flow 19-3484] Absolute path of file 'c:/Users/21186/Desktop/test/src0/irom.coe' provided. It will be converted relative to IP Instance files '../../../../../../src0/irom.coe'
WARNING: [IP_Flow 19-4067] Ignoring invalid widget type specified checkbox.Providing a default widget
WARNING: [IP_Flow 19-4067] Ignoring invalid widget type specified checkbox.Providing a default widget
WARNING: [IP_Flow 19-4067] Ignoring invalid widget type specified checkbox.Providing a default widget
WARNING: [IP_Flow 19-4067] Ignoring invalid widget type specified checkbox.Providing a default widget
WARNING: [IP_Flow 19-4067] Ignoring invalid widget type specified checkbox.Providing a default widget
WARNING: [IP_Flow 19-4067] Ignoring invalid widget type specified checkbox.Providing a default widget
set_property -dict [list \
  CONFIG.CLKOUT1_JITTER {96.231} \
  CONFIG.CLKOUT1_PHASE_ERROR {107.074} \
  CONFIG.CLKOUT2_JITTER {74.535} \
  CONFIG.CLKOUT2_PHASE_ERROR {107.074} \
  CONFIG.CLKOUT2_REQUESTED_OUT_FREQ {265} \
  CONFIG.MMCM_CLKFBOUT_MULT_F {37} \
  CONFIG.MMCM_CLKIN2_PERIOD {10.000} \
  CONFIG.MMCM_CLKOUT0_DIVIDE_F {37} \
  CONFIG.MMCM_CLKOUT1_DIVIDE {7} \
  CONFIG.MMCM_DIVCLK_DIVIDE {4} \
] [get_ips pll]
generate_target all [get_files  C:/Users/21186/Desktop/test/BTFN/BTB/ip/pll_1/pll.xci]
INFO: [IP_Flow 19-1686] Generating 'Instantiation Template' target for IP 'pll'...
INFO: [IP_Flow 19-1686] Generating 'Synthesis' target for IP 'pll'...
INFO: [IP_Flow 19-1686] Generating 'Simulation' target for IP 'pll'...
INFO: [IP_Flow 19-1686] Generating 'Implementation' target for IP 'pll'...
INFO: [IP_Flow 19-1686] Generating 'Change Log' target for IP 'pll'...
catch { config_ip_cache -export [get_ips -all pll] }
export_ip_user_files -of_objects [get_files C:/Users/21186/Desktop/test/BTFN/BTB/ip/pll_1/pll.xci] -no_script -sync -force -quiet
reset_run pll_synth_1
launch_runs pll_synth_1 -jobs 16
[Sat Apr 11 09:15:25 2026] Launched pll_synth_1...
Run output will be captured here: C:/Users/21186/Desktop/test/BTFN/pipeline7_RAS/pipeline7_RAS.runs/pll_synth_1/runme.log
export_simulation -lib_map_path [list {modelsim=C:/Users/21186/Desktop/test/BTFN/pipeline7_RAS/pipeline7_RAS.cache/compile_simlib/modelsim} {questa=C:/Users/21186/Desktop/test/BTFN/pipeline7_RAS/pipeline7_RAS.cache/compile_simlib/questa} {riviera=C:/Users/21186/Desktop/test/BTFN/pipeline7_RAS/pipeline7_RAS.cache/compile_simlib/riviera} {activehdl=C:/Users/21186/Desktop/test/BTFN/pipeline7_RAS/pipeline7_RAS.cache/compile_simlib/activehdl}] -of_objects [get_files C:/Users/21186/Desktop/test/BTFN/BTB/ip/pll_1/pll.xci] -directory C:/Users/21186/Desktop/test/BTFN/pipeline7_RAS/pipeline7_RAS.ip_user_files/sim_scripts -ip_user_files_dir C:/Users/21186/Desktop/test/BTFN/pipeline7_RAS/pipeline7_RAS.ip_user_files -ipstatic_source_dir C:/Users/21186/Desktop/test/BTFN/pipeline7_RAS/pipeline7_RAS.ip_user_files/ipstatic -use_ip_compiled_libs -force -quiet
reset_target all [get_files  C:/Users/21186/Desktop/test/BTFN/BTB/ip/pll_1/pll.xci]
export_ip_user_files -of_objects  [get_files  C:/Users/21186/Desktop/test/BTFN/BTB/ip/pll_1/pll.xci] -sync -no_script -force -quiet
delete_ip_run [get_files -of_objects [get_fileset pll] C:/Users/21186/Desktop/test/BTFN/BTB/ip/pll_1/pll.xci]
WARNING: [Vivado 12-1017] Problems encountered:
1. Failed to delete one or more files in run directory C:/Users/21186/Desktop/test/BTFN/pipeline7_RAS/pipeline7_RAS.runs/pll_synth_1

INFO: [Project 1-386] Moving file 'C:/Users/21186/Desktop/test/BTFN/BTB/ip/pll_1/pll.xci' from fileset 'pll' to fileset 'sources_1'.
generate_target all [get_files  C:/Users/21186/Desktop/test/BTFN/BTB/ip/pll_1/pll.xci]
INFO: [IP_Flow 19-1686] Generating 'Instantiation Template' target for IP 'pll'...
INFO: [IP_Flow 19-1686] Generating 'Synthesis' target for IP 'pll'...
INFO: [IP_Flow 19-1686] Generating 'Simulation' target for IP 'pll'...
INFO: [IP_Flow 19-1686] Generating 'Implementation' target for IP 'pll'...
INFO: [IP_Flow 19-1686] Generating 'Change Log' target for IP 'pll'...
catch { config_ip_cache -export [get_ips -all pll] }
export_ip_user_files -of_objects [get_files C:/Users/21186/Desktop/test/BTFN/BTB/ip/pll_1/pll.xci] -no_script -sync -force -quiet
create_ip_run [get_files -of_objects [get_fileset sources_1] C:/Users/21186/Desktop/test/BTFN/BTB/ip/pll_1/pll.xci]
launch_runs pll_synth_1 -jobs 16
[Sat Apr 11 09:15:37 2026] Launched pll_synth_1...
Run output will be captured here: C:/Users/21186/Desktop/test/BTFN/pipeline7_RAS/pipeline7_RAS.runs/pll_synth_1/runme.log
export_simulation -lib_map_path [list {modelsim=C:/Users/21186/Desktop/test/BTFN/pipeline7_RAS/pipeline7_RAS.cache/compile_simlib/modelsim} {questa=C:/Users/21186/Desktop/test/BTFN/pipeline7_RAS/pipeline7_RAS.cache/compile_simlib/questa} {riviera=C:/Users/21186/Desktop/test/BTFN/pipeline7_RAS/pipeline7_RAS.cache/compile_simlib/riviera} {activehdl=C:/Users/21186/Desktop/test/BTFN/pipeline7_RAS/pipeline7_RAS.cache/compile_simlib/activehdl}] -of_objects [get_files C:/Users/21186/Desktop/test/BTFN/BTB/ip/pll_1/pll.xci] -directory C:/Users/21186/Desktop/test/BTFN/pipeline7_RAS/pipeline7_RAS.ip_user_files/sim_scripts -ip_user_files_dir C:/Users/21186/Desktop/test/BTFN/pipeline7_RAS/pipeline7_RAS.ip_user_files -ipstatic_source_dir C:/Users/21186/Desktop/test/BTFN/pipeline7_RAS/pipeline7_RAS.ip_user_files/ipstatic -use_ip_compiled_libs -force -quiet
WARNING: [IP_Flow 19-4067] Ignoring invalid widget type specified checkbox.Providing a default widget
WARNING: [IP_Flow 19-4067] Ignoring invalid widget type specified checkbox.Providing a default widget
reset_run synth_1
launch_runs impl_1 -to_step write_bitstream -jobs 16
[Sat Apr 11 09:16:35 2026] Launched synth_1...
Run output will be captured here: C:/Users/21186/Desktop/test/BTFN/pipeline7_RAS/pipeline7_RAS.runs/synth_1/runme.log
[Sat Apr 11 09:16:35 2026] Launched impl_1...
Run output will be captured here: C:/Users/21186/Desktop/test/BTFN/pipeline7_RAS/pipeline7_RAS.runs/impl_1/runme.log
INFO: [Labtoolstcl 44-466] Opening hw_target localhost:3121/xilinx_tcf/Digilent/200300AFF274B
INFO: [Labtools 27-1435] Device xc7k325t (JTAG device index = 0) is not programmed (DONE status = 0).
WARNING: [Labtoolstcl 44-129] No matching hw_ila_data was found.
set_property PROBES.FILE {} [get_hw_devices xc7k325t_0]
set_property FULL_PROBES.FILE {} [get_hw_devices xc7k325t_0]
set_property PROGRAM.FILE {C:/Users/21186/Desktop/test/BTFN/pipeline7_RAS/pipeline7_RAS.runs/impl_1/top.bit} [get_hw_devices xc7k325t_0]
program_hw_devices [get_hw_devices xc7k325t_0]
INFO: [Labtools 27-3164] End of startup status: HIGH
program_hw_devices: Time (s): cpu = 00:00:07 ; elapsed = 00:00:07 . Memory (MB): peak = 2253.055 ; gain = 0.000
refresh_hw_device [lindex [get_hw_devices xc7k325t_0] 0]
INFO: [Labtools 27-1434] Device xc7k325t (JTAG device index = 0) is programmed with a design that has no supported soft debug core(s) in it.
ERROR: [Labtoolstcl 44-513] HW Target shutdown. Closing target: localhost:3121/xilinx_tcf/Digilent/200300AFF274B
WARNING: [IP_Flow 19-4067] Ignoring invalid widget type specified checkbox.Providing a default widget
WARNING: [IP_Flow 19-4067] Ignoring invalid widget type specified checkbox.Providing a default widget
INFO: [IP_Flow 19-3484] Absolute path of file 'c:/Users/21186/Desktop/test/src0/irom.coe' provided. It will be converted relative to IP Instance files '../../../../../../src0/irom.coe'
set_property CONFIG.Coe_File {C:/Users/21186/Desktop/test/src0/irom.coe} [get_ips IROM]
INFO: [IP_Flow 19-3484] Absolute path of file 'c:/Users/21186/Desktop/test/src0/irom.coe' provided. It will be converted relative to IP Instance files '../../../../src0/irom.coe'
INFO: [IP_Flow 19-3484] Absolute path of file 'c:/Users/21186/Desktop/test/src0/irom.coe' provided. It will be converted relative to IP Instance files '../../../../src0/irom.coe'
generate_target all [get_files  C:/Users/21186/Desktop/test/BTFN/BTB/ip/IROM/IROM.xci]
INFO: [IP_Flow 19-1686] Generating 'Instantiation Template' target for IP 'IROM'...
INFO: [IP_Flow 19-1686] Generating 'Synthesis' target for IP 'IROM'...
INFO: [IP_Flow 19-1686] Generating 'Simulation' target for IP 'IROM'...
INFO: [IP_Flow 19-1686] Generating 'Miscellaneous' target for IP 'IROM'...
INFO: [IP_Flow 19-1686] Generating 'Change Log' target for IP 'IROM'...
catch { config_ip_cache -export [get_ips -all IROM] }
INFO: [IP_Flow 19-4993] Using cached IP synthesis design for IP IROM, cache-ID = 82864257e0d5e046; cache size = 4.452 MB.
catch { [ delete_ip_run [get_ips -all IROM] ] }
INFO: [Project 1-386] Moving file 'C:/Users/21186/Desktop/test/BTFN/BTB/ip/IROM/IROM.xci' from fileset 'IROM' to fileset 'sources_1'.
export_ip_user_files -of_objects [get_files C:/Users/21186/Desktop/test/BTFN/BTB/ip/IROM/IROM.xci] -no_script -sync -force -quiet
create_ip_run [get_files -of_objects [get_fileset sources_1] C:/Users/21186/Desktop/test/BTFN/BTB/ip/IROM/IROM.xci]
INFO: [Vivado 12-3453] The given sub-design is up-to-date, no action was taken.  If a run is still desired, use the '-force' option for the file:'C:/Users/21186/Desktop/test/BTFN/BTB/ip/IROM/IROM.xci'
export_simulation -lib_map_path [list {modelsim=C:/Users/21186/Desktop/test/BTFN/pipeline7_RAS/pipeline7_RAS.cache/compile_simlib/modelsim} {questa=C:/Users/21186/Desktop/test/BTFN/pipeline7_RAS/pipeline7_RAS.cache/compile_simlib/questa} {riviera=C:/Users/21186/Desktop/test/BTFN/pipeline7_RAS/pipeline7_RAS.cache/compile_simlib/riviera} {activehdl=C:/Users/21186/Desktop/test/BTFN/pipeline7_RAS/pipeline7_RAS.cache/compile_simlib/activehdl}] -of_objects [get_files C:/Users/21186/Desktop/test/BTFN/BTB/ip/IROM/IROM.xci] -directory C:/Users/21186/Desktop/test/BTFN/pipeline7_RAS/pipeline7_RAS.ip_user_files/sim_scripts -ip_user_files_dir C:/Users/21186/Desktop/test/BTFN/pipeline7_RAS/pipeline7_RAS.ip_user_files -ipstatic_source_dir C:/Users/21186/Desktop/test/BTFN/pipeline7_RAS/pipeline7_RAS.ip_user_files/ipstatic -use_ip_compiled_libs -force -quiet
update_compile_order -fileset sources_1
reset_target all [get_files  C:/Users/21186/Desktop/test/BTFN/BTB/ip/IROM/IROM.xci]
export_ip_user_files -of_objects  [get_files  C:/Users/21186/Desktop/test/BTFN/BTB/ip/IROM/IROM.xci] -sync -no_script -force -quiet
generate_target all [get_files  C:/Users/21186/Desktop/test/BTFN/BTB/ip/IROM/IROM.xci]
INFO: [IP_Flow 19-1686] Generating 'Instantiation Template' target for IP 'IROM'...
INFO: [IP_Flow 19-1686] Generating 'Synthesis' target for IP 'IROM'...
INFO: [IP_Flow 19-1686] Generating 'Simulation' target for IP 'IROM'...
INFO: [IP_Flow 19-1686] Generating 'Miscellaneous' target for IP 'IROM'...
INFO: [IP_Flow 19-1686] Generating 'Change Log' target for IP 'IROM'...
catch { config_ip_cache -export [get_ips -all IROM] }
INFO: [IP_Flow 19-4993] Using cached IP synthesis design for IP IROM, cache-ID = 82864257e0d5e046; cache size = 4.452 MB.
export_ip_user_files -of_objects [get_files C:/Users/21186/Desktop/test/BTFN/BTB/ip/IROM/IROM.xci] -no_script -sync -force -quiet
create_ip_run [get_files -of_objects [get_fileset sources_1] C:/Users/21186/Desktop/test/BTFN/BTB/ip/IROM/IROM.xci]
INFO: [Vivado 12-3453] The given sub-design is up-to-date, no action was taken.  If a run is still desired, use the '-force' option for the file:'C:/Users/21186/Desktop/test/BTFN/BTB/ip/IROM/IROM.xci'
export_simulation -lib_map_path [list {modelsim=C:/Users/21186/Desktop/test/BTFN/pipeline7_RAS/pipeline7_RAS.cache/compile_simlib/modelsim} {questa=C:/Users/21186/Desktop/test/BTFN/pipeline7_RAS/pipeline7_RAS.cache/compile_simlib/questa} {riviera=C:/Users/21186/Desktop/test/BTFN/pipeline7_RAS/pipeline7_RAS.cache/compile_simlib/riviera} {activehdl=C:/Users/21186/Desktop/test/BTFN/pipeline7_RAS/pipeline7_RAS.cache/compile_simlib/activehdl}] -of_objects [get_files C:/Users/21186/Desktop/test/BTFN/BTB/ip/IROM/IROM.xci] -directory C:/Users/21186/Desktop/test/BTFN/pipeline7_RAS/pipeline7_RAS.ip_user_files/sim_scripts -ip_user_files_dir C:/Users/21186/Desktop/test/BTFN/pipeline7_RAS/pipeline7_RAS.ip_user_files -ipstatic_source_dir C:/Users/21186/Desktop/test/BTFN/pipeline7_RAS/pipeline7_RAS.ip_user_files/ipstatic -use_ip_compiled_libs -force -quiet
reset_run synth_1
INFO: [Project 1-1161] Replacing file C:/Users/21186/Desktop/test/BTFN/pipeline7_RAS/pipeline7_RAS.srcs/utils_1/imports/synth_1/top.dcp with file C:/Users/21186/Desktop/test/BTFN/pipeline7_RAS/pipeline7_RAS.runs/synth_1/top.dcp
launch_runs impl_1 -to_step write_bitstream -jobs 16
INFO: [Vivado 12-4149] The synthesis checkpoint for IP 'C:/Users/21186/Desktop/test/BTFN/BTB/ip/IROM/IROM.xci' is already up-to-date
[Sat Apr 11 09:22:29 2026] Launched synth_1...
Run output will be captured here: C:/Users/21186/Desktop/test/BTFN/pipeline7_RAS/pipeline7_RAS.runs/synth_1/runme.log
[Sat Apr 11 09:22:29 2026] Launched impl_1...
Run output will be captured here: C:/Users/21186/Desktop/test/BTFN/pipeline7_RAS/pipeline7_RAS.runs/impl_1/runme.log
disconnect_hw_server localhost:3121
connect_hw_server -allow_non_jtag
INFO: [Labtools 27-2285] Connecting to hw_server url TCP:localhost:3121
INFO: [Labtools 27-3415] Connecting to cs_server url TCP:localhost:0
INFO: [Labtools 27-3417] Launching cs_server...
INFO: [Labtools 27-2221] Launch Output:


******** Xilinx cs_server v2025.2.0
  ****** Build date   : Nov 14 2025-07:16:52
    **** Build number : 2025.2.1763075812
      ** Copyright 2017-2022 Xilinx, Inc. All Rights Reserved.
      ** Copyright 2022-2026 Advanced Micro Devices, Inc. All Rights Reserved.



open_hw_target
INFO: [Labtoolstcl 44-466] Opening hw_target localhost:3121/xilinx_tcf/Digilent/200300AFF274B
set_property PROGRAM.FILE {C:/Users/21186/Desktop/test/BTFN/pipeline7_RAS/pipeline7_RAS.runs/impl_1/top.bit} [get_hw_devices xc7k325t_0]
current_hw_device [get_hw_devices xc7k325t_0]
refresh_hw_device -update_hw_probes false [lindex [get_hw_devices xc7k325t_0] 0]
INFO: [Labtools 27-1435] Device xc7k325t (JTAG device index = 0) is not programmed (DONE status = 0).
set_property PROBES.FILE {} [get_hw_devices xc7k325t_0]
set_property FULL_PROBES.FILE {} [get_hw_devices xc7k325t_0]
set_property PROGRAM.FILE {C:/Users/21186/Desktop/test/BTFN/pipeline7_RAS/pipeline7_RAS.runs/impl_1/top.bit} [get_hw_devices xc7k325t_0]
program_hw_devices [get_hw_devices xc7k325t_0]
INFO: [Labtools 27-3164] End of startup status: HIGH
program_hw_devices: Time (s): cpu = 00:00:07 ; elapsed = 00:00:07 . Memory (MB): peak = 2253.055 ; gain = 0.000
refresh_hw_device [lindex [get_hw_devices xc7k325t_0] 0]
INFO: [Labtools 27-1434] Device xc7k325t (JTAG device index = 0) is programmed with a design that has no supported soft debug core(s) in it.
ERROR: [Labtoolstcl 44-513] HW Target shutdown. Closing target: localhost:3121/xilinx_tcf/Digilent/200300AFF274B
exit
INFO: [Common 17-206] Exiting Vivado at Sat Apr 11 09:38:17 2026...
