#-----------------------------------------------------------
# Vivado v2025.2.1 (64-bit)
# SW Build 6403652 on Thu Mar 19 19:48:24 GMT 2026
# IP Build 6403511 on Thu Mar 19 12:41:45 MDT 2026
# SharedData Build 6403650 on Thu Mar 19 14:02:13 MDT 2026
# Start of session at: Sat Apr 11 09:03:31 2026
# Process ID         : 27484
# Current directory  : C:/Users/21186/Desktop/test/BTFN/pipeline7_RAS
# Command line       : vivado.exe -gui_launcher_event rodinguilauncherevent40164 C:\Users\21186\Desktop\test\BTFN\pipeline7_RAS\pipeline7_RAS.xpr
# Log file           : C:/Users/21186/Desktop/test/BTFN/pipeline7_RAS/vivado.log
# Journal file       : C:/Users/21186/Desktop/test/BTFN/pipeline7_RAS\vivado.jou
# Running On         : KuonjiAlice
# Platform           : Windows Server 2016 or Windows 10
# Operating System   : 26200
# Processor Detail   : AMD Ryzen 9 8945HX with Radeon Graphics        
# CPU Frequency      : 2495 MHz
# CPU Physical cores : 16
# CPU Logical cores  : 32
# Host memory        : 34142 MB
# Swap memory        : 34359 MB
# Total Virtual      : 68501 MB
# Available Virtual  : 46814 MB
#-----------------------------------------------------------
start_gui
open_project C:/Users/21186/Desktop/test/BTFN/pipeline7_RAS/pipeline7_RAS.xpr
update_compile_order -fileset sources_1
open_hw_manager
connect_hw_server -allow_non_jtag
open_hw_target
set_property PROGRAM.FILE {C:/Users/21186/Desktop/test/BTFN/pipeline7_RAS/pipeline7_RAS.runs/impl_1/top.bit} [get_hw_devices xc7k325t_0]
current_hw_device [get_hw_devices xc7k325t_0]
refresh_hw_device -update_hw_probes false [lindex [get_hw_devices xc7k325t_0] 0]
set_property PROBES.FILE {} [get_hw_devices xc7k325t_0]
set_property FULL_PROBES.FILE {} [get_hw_devices xc7k325t_0]
set_property PROGRAM.FILE {C:/Users/21186/Desktop/test/BTFN/pipeline7_RAS/pipeline7_RAS.runs/impl_1/top.bit} [get_hw_devices xc7k325t_0]
program_hw_devices [get_hw_devices xc7k325t_0]
refresh_hw_device [lindex [get_hw_devices xc7k325t_0] 0]
upgrade_ip [get_ips]
set_property CONFIG.Coe_File {C:/Users/21186/Desktop/test/src0/irom.coe} [get_ips IROM]
generate_target all [get_files  C:/Users/21186/Desktop/test/BTFN/BTB/ip/IROM/IROM.xci]
catch { config_ip_cache -export [get_ips -all IROM] }
export_ip_user_files -of_objects [get_files C:/Users/21186/Desktop/test/BTFN/BTB/ip/IROM/IROM.xci] -no_script -sync -force -quiet
reset_run IROM_synth_1
launch_runs IROM_synth_1 -jobs 16
wait_on_run IROM_synth_1
export_simulation -lib_map_path [list {modelsim=C:/Users/21186/Desktop/test/BTFN/pipeline7_RAS/pipeline7_RAS.cache/compile_simlib/modelsim} {questa=C:/Users/21186/Desktop/test/BTFN/pipeline7_RAS/pipeline7_RAS.cache/compile_simlib/questa} {riviera=C:/Users/21186/Desktop/test/BTFN/pipeline7_RAS/pipeline7_RAS.cache/compile_simlib/riviera} {activehdl=C:/Users/21186/Desktop/test/BTFN/pipeline7_RAS/pipeline7_RAS.cache/compile_simlib/activehdl}] -of_objects [get_files C:/Users/21186/Desktop/test/BTFN/BTB/ip/IROM/IROM.xci] -directory C:/Users/21186/Desktop/test/BTFN/pipeline7_RAS/pipeline7_RAS.ip_user_files/sim_scripts -ip_user_files_dir C:/Users/21186/Desktop/test/BTFN/pipeline7_RAS/pipeline7_RAS.ip_user_files -ipstatic_source_dir C:/Users/21186/Desktop/test/BTFN/pipeline7_RAS/pipeline7_RAS.ip_user_files/ipstatic -use_ip_compiled_libs -force -quiet
update_compile_order -fileset sources_1
reset_target all [get_files  C:/Users/21186/Desktop/test/BTFN/BTB/ip/DRAM/DRAM.xci]
export_ip_user_files -of_objects  [get_files  C:/Users/21186/Desktop/test/BTFN/BTB/ip/DRAM/DRAM.xci] -sync -no_script -force -quiet
delete_ip_run [get_files -of_objects [get_fileset DRAM] C:/Users/21186/Desktop/test/BTFN/BTB/ip/DRAM/DRAM.xci]
update_compile_order -fileset sources_1
generate_target all [get_files  C:/Users/21186/Desktop/test/BTFN/BTB/ip/DRAM/DRAM.xci]
catch { config_ip_cache -export [get_ips -all DRAM] }
export_ip_user_files -of_objects [get_files C:/Users/21186/Desktop/test/BTFN/BTB/ip/DRAM/DRAM.xci] -no_script -sync -force -quiet
create_ip_run [get_files -of_objects [get_fileset sources_1] C:/Users/21186/Desktop/test/BTFN/BTB/ip/DRAM/DRAM.xci]
launch_runs DRAM_synth_1 -jobs 16
wait_on_run DRAM_synth_1
export_simulation -lib_map_path [list {modelsim=C:/Users/21186/Desktop/test/BTFN/pipeline7_RAS/pipeline7_RAS.cache/compile_simlib/modelsim} {questa=C:/Users/21186/Desktop/test/BTFN/pipeline7_RAS/pipeline7_RAS.cache/compile_simlib/questa} {riviera=C:/Users/21186/Desktop/test/BTFN/pipeline7_RAS/pipeline7_RAS.cache/compile_simlib/riviera} {activehdl=C:/Users/21186/Desktop/test/BTFN/pipeline7_RAS/pipeline7_RAS.cache/compile_simlib/activehdl}] -of_objects [get_files C:/Users/21186/Desktop/test/BTFN/BTB/ip/DRAM/DRAM.xci] -directory C:/Users/21186/Desktop/test/BTFN/pipeline7_RAS/pipeline7_RAS.ip_user_files/sim_scripts -ip_user_files_dir C:/Users/21186/Desktop/test/BTFN/pipeline7_RAS/pipeline7_RAS.ip_user_files -ipstatic_source_dir C:/Users/21186/Desktop/test/BTFN/pipeline7_RAS/pipeline7_RAS.ip_user_files/ipstatic -use_ip_compiled_libs -force -quiet
reset_target all [get_files  C:/Users/21186/Desktop/test/BTFN/BTB/ip/IROM/IROM.xci]
export_ip_user_files -of_objects  [get_files  C:/Users/21186/Desktop/test/BTFN/BTB/ip/IROM/IROM.xci] -sync -no_script -force -quiet
delete_ip_run [get_files -of_objects [get_fileset IROM] C:/Users/21186/Desktop/test/BTFN/BTB/ip/IROM/IROM.xci]
update_compile_order -fileset sources_1
generate_target all [get_files  C:/Users/21186/Desktop/test/BTFN/BTB/ip/IROM/IROM.xci]
catch { config_ip_cache -export [get_ips -all IROM] }
export_ip_user_files -of_objects [get_files C:/Users/21186/Desktop/test/BTFN/BTB/ip/IROM/IROM.xci] -no_script -sync -force -quiet
create_ip_run [get_files -of_objects [get_fileset sources_1] C:/Users/21186/Desktop/test/BTFN/BTB/ip/IROM/IROM.xci]
export_simulation -lib_map_path [list {modelsim=C:/Users/21186/Desktop/test/BTFN/pipeline7_RAS/pipeline7_RAS.cache/compile_simlib/modelsim} {questa=C:/Users/21186/Desktop/test/BTFN/pipeline7_RAS/pipeline7_RAS.cache/compile_simlib/questa} {riviera=C:/Users/21186/Desktop/test/BTFN/pipeline7_RAS/pipeline7_RAS.cache/compile_simlib/riviera} {activehdl=C:/Users/21186/Desktop/test/BTFN/pipeline7_RAS/pipeline7_RAS.cache/compile_simlib/activehdl}] -of_objects [get_files C:/Users/21186/Desktop/test/BTFN/BTB/ip/IROM/IROM.xci] -directory C:/Users/21186/Desktop/test/BTFN/pipeline7_RAS/pipeline7_RAS.ip_user_files/sim_scripts -ip_user_files_dir C:/Users/21186/Desktop/test/BTFN/pipeline7_RAS/pipeline7_RAS.ip_user_files -ipstatic_source_dir C:/Users/21186/Desktop/test/BTFN/pipeline7_RAS/pipeline7_RAS.ip_user_files/ipstatic -use_ip_compiled_libs -force -quiet
reset_run synth_1
launch_runs impl_1 -to_step write_bitstream -jobs 16
wait_on_run impl_1
set_property CONFIG.Coe_File {C:/Users/21186/Desktop/test/src0/irom.coe} [get_ips IROM]
set_property CONFIG.Coe_File {C:/Users/21186/Desktop/test/src0/irom.coe} [get_ips IROM]
export_ip_user_files -of_objects  [get_files C:/Users/21186/Desktop/test/test/src0/irom.coe] -no_script -reset -force -quiet
remove_files  C:/Users/21186/Desktop/test/test/src0/irom.coe
export_ip_user_files -of_objects  [get_files C:/Users/21186/Desktop/test/test/src1/irom.coe] -no_script -reset -force -quiet
remove_files  C:/Users/21186/Desktop/test/test/src1/irom.coe
export_ip_user_files -of_objects  [get_files C:/Users/21186/Desktop/test/test/src2/irom.coe] -no_script -reset -force -quiet
remove_files  C:/Users/21186/Desktop/test/test/src2/irom.coe
export_ip_user_files -of_objects  [get_files c:/Users/21186/Desktop/test/src0/irom.coe] -no_script -reset -force -quiet
remove_files  c:/Users/21186/Desktop/test/src0/irom.coe
set_property CONFIG.Coe_File {C:/Users/21186/Desktop/test/src0/irom.coe} [get_ips IROM]
reset_target all [get_files  C:/Users/21186/Desktop/test/BTFN/BTB/ip/IROM/IROM.xci]
export_ip_user_files -of_objects  [get_files  C:/Users/21186/Desktop/test/BTFN/BTB/ip/IROM/IROM.xci] -sync -no_script -force -quiet
generate_target all [get_files  C:/Users/21186/Desktop/test/BTFN/BTB/ip/IROM/IROM.xci]
catch { config_ip_cache -export [get_ips -all IROM] }
export_ip_user_files -of_objects [get_files C:/Users/21186/Desktop/test/BTFN/BTB/ip/IROM/IROM.xci] -no_script -sync -force -quiet
create_ip_run [get_files -of_objects [get_fileset sources_1] C:/Users/21186/Desktop/test/BTFN/BTB/ip/IROM/IROM.xci]
export_simulation -lib_map_path [list {modelsim=C:/Users/21186/Desktop/test/BTFN/pipeline7_RAS/pipeline7_RAS.cache/compile_simlib/modelsim} {questa=C:/Users/21186/Desktop/test/BTFN/pipeline7_RAS/pipeline7_RAS.cache/compile_simlib/questa} {riviera=C:/Users/21186/Desktop/test/BTFN/pipeline7_RAS/pipeline7_RAS.cache/compile_simlib/riviera} {activehdl=C:/Users/21186/Desktop/test/BTFN/pipeline7_RAS/pipeline7_RAS.cache/compile_simlib/activehdl}] -of_objects [get_files C:/Users/21186/Desktop/test/BTFN/BTB/ip/IROM/IROM.xci] -directory C:/Users/21186/Desktop/test/BTFN/pipeline7_RAS/pipeline7_RAS.ip_user_files/sim_scripts -ip_user_files_dir C:/Users/21186/Desktop/test/BTFN/pipeline7_RAS/pipeline7_RAS.ip_user_files -ipstatic_source_dir C:/Users/21186/Desktop/test/BTFN/pipeline7_RAS/pipeline7_RAS.ip_user_files/ipstatic -use_ip_compiled_libs -force -quiet
set_property CONFIG.Coe_File {C:/Users/21186/Desktop/test/src0/irom.coe} [get_ips IROM]
set_property CONFIG.Coe_File {C:/Users/21186/Desktop/test/src1/irom.coe} [get_ips IROM]
generate_target all [get_files  C:/Users/21186/Desktop/test/BTFN/BTB/ip/IROM/IROM.xci]
catch { config_ip_cache -export [get_ips -all IROM] }
export_ip_user_files -of_objects [get_files C:/Users/21186/Desktop/test/BTFN/BTB/ip/IROM/IROM.xci] -no_script -sync -force -quiet
create_ip_run [get_files -of_objects [get_fileset sources_1] C:/Users/21186/Desktop/test/BTFN/BTB/ip/IROM/IROM.xci]
launch_runs IROM_synth_1 -jobs 16
wait_on_run IROM_synth_1
export_simulation -lib_map_path [list {modelsim=C:/Users/21186/Desktop/test/BTFN/pipeline7_RAS/pipeline7_RAS.cache/compile_simlib/modelsim} {questa=C:/Users/21186/Desktop/test/BTFN/pipeline7_RAS/pipeline7_RAS.cache/compile_simlib/questa} {riviera=C:/Users/21186/Desktop/test/BTFN/pipeline7_RAS/pipeline7_RAS.cache/compile_simlib/riviera} {activehdl=C:/Users/21186/Desktop/test/BTFN/pipeline7_RAS/pipeline7_RAS.cache/compile_simlib/activehdl}] -of_objects [get_files C:/Users/21186/Desktop/test/BTFN/BTB/ip/IROM/IROM.xci] -directory C:/Users/21186/Desktop/test/BTFN/pipeline7_RAS/pipeline7_RAS.ip_user_files/sim_scripts -ip_user_files_dir C:/Users/21186/Desktop/test/BTFN/pipeline7_RAS/pipeline7_RAS.ip_user_files -ipstatic_source_dir C:/Users/21186/Desktop/test/BTFN/pipeline7_RAS/pipeline7_RAS.ip_user_files/ipstatic -use_ip_compiled_libs -force -quiet
update_compile_order -fileset sources_1
set_property -dict [list \
  CONFIG.CLKOUT1_JITTER {96.231} \
  CONFIG.CLKOUT1_PHASE_ERROR {107.074} \
  CONFIG.CLKOUT2_JITTER {74.535} \
  CONFIG.CLKOUT2_PHASE_ERROR {107.074} \
  CONFIG.CLKOUT2_REQUESTED_OUT_FREQ {265} \
  CONFIG.MMCM_CLKFBOUT_MULT_F {37} \
  CONFIG.MMCM_CLKIN2_PERIOD {10.000} \
  CONFIG.MMCM_CLKOUT0_DIVIDE_F {37} \
  CONFIG.MMCM_CLKOUT1_DIVIDE {7} \
  CONFIG.MMCM_DIVCLK_DIVIDE {4} \
] [get_ips pll]
generate_target all [get_files  C:/Users/21186/Desktop/test/BTFN/BTB/ip/pll_1/pll.xci]
catch { config_ip_cache -export [get_ips -all pll] }
export_ip_user_files -of_objects [get_files C:/Users/21186/Desktop/test/BTFN/BTB/ip/pll_1/pll.xci] -no_script -sync -force -quiet
reset_run pll_synth_1
launch_runs pll_synth_1 -jobs 16
wait_on_run pll_synth_1
export_simulation -lib_map_path [list {modelsim=C:/Users/21186/Desktop/test/BTFN/pipeline7_RAS/pipeline7_RAS.cache/compile_simlib/modelsim} {questa=C:/Users/21186/Desktop/test/BTFN/pipeline7_RAS/pipeline7_RAS.cache/compile_simlib/questa} {riviera=C:/Users/21186/Desktop/test/BTFN/pipeline7_RAS/pipeline7_RAS.cache/compile_simlib/riviera} {activehdl=C:/Users/21186/Desktop/test/BTFN/pipeline7_RAS/pipeline7_RAS.cache/compile_simlib/activehdl}] -of_objects [get_files C:/Users/21186/Desktop/test/BTFN/BTB/ip/pll_1/pll.xci] -directory C:/Users/21186/Desktop/test/BTFN/pipeline7_RAS/pipeline7_RAS.ip_user_files/sim_scripts -ip_user_files_dir C:/Users/21186/Desktop/test/BTFN/pipeline7_RAS/pipeline7_RAS.ip_user_files -ipstatic_source_dir C:/Users/21186/Desktop/test/BTFN/pipeline7_RAS/pipeline7_RAS.ip_user_files/ipstatic -use_ip_compiled_libs -force -quiet
reset_target all [get_files  C:/Users/21186/Desktop/test/BTFN/BTB/ip/pll_1/pll.xci]
export_ip_user_files -of_objects  [get_files  C:/Users/21186/Desktop/test/BTFN/BTB/ip/pll_1/pll.xci] -sync -no_script -force -quiet
delete_ip_run [get_files -of_objects [get_fileset pll] C:/Users/21186/Desktop/test/BTFN/BTB/ip/pll_1/pll.xci]
generate_target all [get_files  C:/Users/21186/Desktop/test/BTFN/BTB/ip/pll_1/pll.xci]
catch { config_ip_cache -export [get_ips -all pll] }
export_ip_user_files -of_objects [get_files C:/Users/21186/Desktop/test/BTFN/BTB/ip/pll_1/pll.xci] -no_script -sync -force -quiet
create_ip_run [get_files -of_objects [get_fileset sources_1] C:/Users/21186/Desktop/test/BTFN/BTB/ip/pll_1/pll.xci]
launch_runs pll_synth_1 -jobs 16
wait_on_run pll_synth_1
export_simulation -lib_map_path [list {modelsim=C:/Users/21186/Desktop/test/BTFN/pipeline7_RAS/pipeline7_RAS.cache/compile_simlib/modelsim} {questa=C:/Users/21186/Desktop/test/BTFN/pipeline7_RAS/pipeline7_RAS.cache/compile_simlib/questa} {riviera=C:/Users/21186/Desktop/test/BTFN/pipeline7_RAS/pipeline7_RAS.cache/compile_simlib/riviera} {activehdl=C:/Users/21186/Desktop/test/BTFN/pipeline7_RAS/pipeline7_RAS.cache/compile_simlib/activehdl}] -of_objects [get_files C:/Users/21186/Desktop/test/BTFN/BTB/ip/pll_1/pll.xci] -directory C:/Users/21186/Desktop/test/BTFN/pipeline7_RAS/pipeline7_RAS.ip_user_files/sim_scripts -ip_user_files_dir C:/Users/21186/Desktop/test/BTFN/pipeline7_RAS/pipeline7_RAS.ip_user_files -ipstatic_source_dir C:/Users/21186/Desktop/test/BTFN/pipeline7_RAS/pipeline7_RAS.ip_user_files/ipstatic -use_ip_compiled_libs -force -quiet
reset_run synth_1
launch_runs impl_1 -to_step write_bitstream -jobs 16
wait_on_run impl_1
set_property PROBES.FILE {} [get_hw_devices xc7k325t_0]
set_property FULL_PROBES.FILE {} [get_hw_devices xc7k325t_0]
set_property PROGRAM.FILE {C:/Users/21186/Desktop/test/BTFN/pipeline7_RAS/pipeline7_RAS.runs/impl_1/top.bit} [get_hw_devices xc7k325t_0]
program_hw_devices [get_hw_devices xc7k325t_0]
refresh_hw_device [lindex [get_hw_devices xc7k325t_0] 0]
set_property CONFIG.Coe_File {C:/Users/21186/Desktop/test/src0/irom.coe} [get_ips IROM]
generate_target all [get_files  C:/Users/21186/Desktop/test/BTFN/BTB/ip/IROM/IROM.xci]
catch { config_ip_cache -export [get_ips -all IROM] }
catch { [ delete_ip_run [get_ips -all IROM] ] }
export_ip_user_files -of_objects [get_files C:/Users/21186/Desktop/test/BTFN/BTB/ip/IROM/IROM.xci] -no_script -sync -force -quiet
create_ip_run [get_files -of_objects [get_fileset sources_1] C:/Users/21186/Desktop/test/BTFN/BTB/ip/IROM/IROM.xci]
export_simulation -lib_map_path [list {modelsim=C:/Users/21186/Desktop/test/BTFN/pipeline7_RAS/pipeline7_RAS.cache/compile_simlib/modelsim} {questa=C:/Users/21186/Desktop/test/BTFN/pipeline7_RAS/pipeline7_RAS.cache/compile_simlib/questa} {riviera=C:/Users/21186/Desktop/test/BTFN/pipeline7_RAS/pipeline7_RAS.cache/compile_simlib/riviera} {activehdl=C:/Users/21186/Desktop/test/BTFN/pipeline7_RAS/pipeline7_RAS.cache/compile_simlib/activehdl}] -of_objects [get_files C:/Users/21186/Desktop/test/BTFN/BTB/ip/IROM/IROM.xci] -directory C:/Users/21186/Desktop/test/BTFN/pipeline7_RAS/pipeline7_RAS.ip_user_files/sim_scripts -ip_user_files_dir C:/Users/21186/Desktop/test/BTFN/pipeline7_RAS/pipeline7_RAS.ip_user_files -ipstatic_source_dir C:/Users/21186/Desktop/test/BTFN/pipeline7_RAS/pipeline7_RAS.ip_user_files/ipstatic -use_ip_compiled_libs -force -quiet
update_compile_order -fileset sources_1
reset_target all [get_files  C:/Users/21186/Desktop/test/BTFN/BTB/ip/IROM/IROM.xci]
export_ip_user_files -of_objects  [get_files  C:/Users/21186/Desktop/test/BTFN/BTB/ip/IROM/IROM.xci] -sync -no_script -force -quiet
generate_target all [get_files  C:/Users/21186/Desktop/test/BTFN/BTB/ip/IROM/IROM.xci]
catch { config_ip_cache -export [get_ips -all IROM] }
export_ip_user_files -of_objects [get_files C:/Users/21186/Desktop/test/BTFN/BTB/ip/IROM/IROM.xci] -no_script -sync -force -quiet
create_ip_run [get_files -of_objects [get_fileset sources_1] C:/Users/21186/Desktop/test/BTFN/BTB/ip/IROM/IROM.xci]
export_simulation -lib_map_path [list {modelsim=C:/Users/21186/Desktop/test/BTFN/pipeline7_RAS/pipeline7_RAS.cache/compile_simlib/modelsim} {questa=C:/Users/21186/Desktop/test/BTFN/pipeline7_RAS/pipeline7_RAS.cache/compile_simlib/questa} {riviera=C:/Users/21186/Desktop/test/BTFN/pipeline7_RAS/pipeline7_RAS.cache/compile_simlib/riviera} {activehdl=C:/Users/21186/Desktop/test/BTFN/pipeline7_RAS/pipeline7_RAS.cache/compile_simlib/activehdl}] -of_objects [get_files C:/Users/21186/Desktop/test/BTFN/BTB/ip/IROM/IROM.xci] -directory C:/Users/21186/Desktop/test/BTFN/pipeline7_RAS/pipeline7_RAS.ip_user_files/sim_scripts -ip_user_files_dir C:/Users/21186/Desktop/test/BTFN/pipeline7_RAS/pipeline7_RAS.ip_user_files -ipstatic_source_dir C:/Users/21186/Desktop/test/BTFN/pipeline7_RAS/pipeline7_RAS.ip_user_files/ipstatic -use_ip_compiled_libs -force -quiet
reset_run synth_1
launch_runs impl_1 -to_step write_bitstream -jobs 16
wait_on_run impl_1
disconnect_hw_server localhost:3121
connect_hw_server -allow_non_jtag
open_hw_target
set_property PROGRAM.FILE {C:/Users/21186/Desktop/test/BTFN/pipeline7_RAS/pipeline7_RAS.runs/impl_1/top.bit} [get_hw_devices xc7k325t_0]
current_hw_device [get_hw_devices xc7k325t_0]
refresh_hw_device -update_hw_probes false [lindex [get_hw_devices xc7k325t_0] 0]
set_property PROBES.FILE {} [get_hw_devices xc7k325t_0]
set_property FULL_PROBES.FILE {} [get_hw_devices xc7k325t_0]
set_property PROGRAM.FILE {C:/Users/21186/Desktop/test/BTFN/pipeline7_RAS/pipeline7_RAS.runs/impl_1/top.bit} [get_hw_devices xc7k325t_0]
program_hw_devices [get_hw_devices xc7k325t_0]
refresh_hw_device [lindex [get_hw_devices xc7k325t_0] 0]
