Copyright 1986-2022 Xilinx, Inc. All Rights Reserved. Copyright 2022-2026 Advanced Micro Devices, Inc. All Rights Reserved.
---------------------------------------------------------------------------------------------------------------------------------------------
| Tool Version : Vivado v.2025.2.1 (lin64) Build 6403652 Thu Mar 19 13:47:00 MDT 2026
| Date         : Fri Jul 17 17:10:58 2026
| Host         : localhost.localdomain running 64-bit openSUSE Tumbleweed
| Command      : report_control_sets -verbose -file fpga_top_control_sets_placed.rpt
| Design       : fpga_top
| Device       : xc7k325t
---------------------------------------------------------------------------------------------------------------------------------------------

Control Set Information

Table of Contents
-----------------
1. Summary
2. Histogram
3. Flip-Flop Distribution
4. Detailed Control Set Information

1. Summary
----------

+----------------------------------------------------------+-------+
|                          Status                          | Count |
+----------------------------------------------------------+-------+
| Total control sets                                       |    38 |
|    Minimum number of control sets                        |    38 |
|    Addition due to synthesis replication                 |     0 |
|    Addition due to physical synthesis replication        |     0 |
| Unused register locations in slices containing registers |   109 |
+----------------------------------------------------------+-------+
* Control sets can be merged at opt_design using control_set_merge or merge_equivalent_drivers
** Run report_qor_suggestions for automated merging and remapping suggestions


2. Histogram
------------

+--------------------+-------+
|       Fanout       | Count |
+--------------------+-------+
| Total control sets |    38 |
| >= 0 to < 4        |     3 |
| >= 4 to < 6        |     4 |
| >= 6 to < 8        |     4 |
| >= 8 to < 10       |     4 |
| >= 10 to < 12      |     0 |
| >= 12 to < 14      |     0 |
| >= 14 to < 16      |     0 |
| >= 16              |    23 |
+--------------------+-------+
* Control sets can be remapped at either synth_design or opt_design


3. Flip-Flop Distribution
-------------------------

+--------------+-----------------------+------------------------+-----------------+--------------+
| Clock Enable | Synchronous Set/Reset | Asynchronous Set/Reset | Total Registers | Total Slices |
+--------------+-----------------------+------------------------+-----------------+--------------+
| No           | No                    | No                     |              48 |           36 |
| No           | No                    | Yes                    |               2 |            1 |
| No           | Yes                   | No                     |             314 |          114 |
| Yes          | No                    | No                     |            1056 |          521 |
| Yes          | No                    | Yes                    |               0 |            0 |
| Yes          | Yes                   | No                     |             191 |           88 |
+--------------+-----------------------+------------------------+-----------------+--------------+


4. Detailed Control Set Information
-----------------------------------

+--------------+------------------------------------------+---------------------------------+------------------+----------------+--------------+
| Clock Signal |               Enable Signal              |         Set/Reset Signal        | Slice Load Count | Bel Load Count | Bels / Slice |
+--------------+------------------------------------------+---------------------------------+------------------+----------------+--------------+
|  clk_core    |                                          | u_uart/txd                      |                1 |              1 |         1.00 |
|  clk_core    | u_uart/shifter[7]_i_2_n_0                |                                 |                1 |              1 |         1.00 |
|  clk_core    |                                          | rst_sync[1]_i_1_n_0             |                1 |              2 |         2.00 |
|  clk_core    |                                          | u_core/dmem_wen_r[3]_i_1_n_0    |                2 |              4 |         2.00 |
|  clk_core    | u_core/E[0]                              | rst                             |                1 |              4 |         4.00 |
|  clk_core    | u_core/u_md/pc_e0[0]                     | u_core/u_md/q_instr_reg[1][4]   |                1 |              4 |         4.00 |
|  clk_core    | u_core/ras_cnt[3]_i_1_n_0                | rst                             |                2 |              4 |         2.00 |
|  clk_core    | u_core/btgt0[15]_i_1_n_0                 | u_core/dmem_wdata_r[7]_i_1_n_0  |                5 |              6 |         1.20 |
|  clk_core    | u_core/u_md/pc_e0[0]                     | u_core/u_md/q_instr_reg[1][5]   |                4 |              6 |         1.50 |
|  clk_core    | u_core/u_md/pc_e0[0]                     | u_core/u_md/redirect_reg        |                2 |              6 |         3.00 |
|  clk_core    | u_uart/shifter[7]_i_2_n_0                | u_uart/shifter[7]_i_1_n_0       |                2 |              7 |         3.50 |
|  clk_core    | u_core/pht_reg_0_127_0_0_i_2_n_0         |                                 |                2 |              8 |         4.00 |
|  clk_core    | u_core/dmem_wen_r_reg[2]_0[0]            | rst                             |                2 |              8 |         4.00 |
|  clk_core    | u_core/upd_br_r                          | rst                             |                6 |              8 |         1.33 |
|  clk_core    | u_core/pht_reg_128_255_0_0_i_1_n_0       |                                 |                2 |              8 |         4.00 |
|  clk_core    | u_uart/E[0]                              | u_core/SR[0]                    |                4 |             16 |         4.00 |
|  clk_core    | u_core/u_md/rd_wen_m02                   | u_core/rd_e0[4]_i_1_n_0         |               14 |             23 |         1.64 |
|  clk_core    |                                          | u_core/dmem_addr_r_reg[15]_0[1] |                8 |             28 |         3.50 |
|  clk_core    | u_core/u_md/spec_res_r[0]                |                                 |               10 |             31 |         3.10 |
|  clk_core    | u_core/btgt0[15]_i_1_n_0                 | u_core/alu_m1[31]_i_1_n_0       |               24 |             31 |         1.29 |
|  clk_core    | u_core/u_md/dividend[0]                  |                                 |               11 |             32 |         2.91 |
|  clk_core    | u_core/u_md/prod_r[0]                    |                                 |               13 |             34 |         2.62 |
|  clk_core    | u_core/u_md/quot0_in[2]                  |                                 |               10 |             35 |         3.50 |
|  clk_core    | u_core/p_0_in0_out_7                     |                                 |                6 |             44 |         7.33 |
|  clk_core    |                                          |                                 |               36 |             48 |         1.33 |
|  clk_core    | u_core/btb_tgt_reg_r1_0_63_0_2_i_1_n_0   |                                 |               15 |             60 |         4.00 |
|  clk_core    | u_core/btb_tgt_reg_r1_64_127_0_2_i_1_n_0 |                                 |               15 |             60 |         4.00 |
|  clk_core    | u_core/u_md/q_cnt_reg[1][0]              |                                 |               28 |             65 |         2.32 |
|  clk_core    | u_core/u_md/E[0]                         |                                 |               41 |             65 |         1.59 |
|  clk_core    | u_core/u_md/q_cnt_reg[1]_0[0]            |                                 |               32 |             65 |         2.03 |
|  clk_core    | u_core/u_md/q_cnt_reg[0]_0[0]            |                                 |               36 |             65 |         1.81 |
|  clk_core    | u_core/u_md/quot1_in[2]                  | u_core/u_md/quot0_in[2]         |               21 |             68 |         3.24 |
|  clk_core    |                                          | u_core/p_11_out                 |               49 |            128 |         2.61 |
|  clk_core    |                                          | rst                             |               54 |            153 |         2.83 |
|  clk_core    | u_core/u_rf/p_0_in8_out                  |                                 |               22 |            176 |         8.00 |
|  clk_core    | u_core/u_rf/p_0_in10_out                 |                                 |               22 |            176 |         8.00 |
|  clk_core    | u_core/u_md/pc_e0[0]                     |                                 |              169 |            324 |         1.92 |
|  clk_core    | u_core/btgt0[15]_i_1_n_0                 |                                 |              170 |            339 |         1.99 |
+--------------+------------------------------------------+---------------------------------+------------------+----------------+--------------+


