#-----------------------------------------------------------
# xsim v2025.2.1 (64-bit)
# SW Build 6403652 on Thu Mar 19 19:48:24 GMT 2026
# IP Build 6403511 on Thu Mar 19 12:41:45 MDT 2026
# SharedData Build 6403650 on Thu Mar 19 14:02:13 MDT 2026
# Start of session at: Sat Jul 18 16:47:43 2026
# Process ID         : 44668
# Current directory  : C:/Users/21186/Desktop/CICC2026/in_order/fpga_race/xsim_work
# Command line       : xsim.exe -log xsim_5m.log -mode tcl -source {xsim.dir/tb_xsim/xsim_script.tcl}
# Log file           : C:/Users/21186/Desktop/CICC2026/in_order/fpga_race/xsim_work/xsim_5m.log
# Journal file       : C:/Users/21186/Desktop/CICC2026/in_order/fpga_race/xsim_work\xsim.jou
# Running On         : KuonjiAlice
# Platform           : Windows Server 2016 or Windows 10
# Operating System   : 26200
# Processor Detail   : AMD Ryzen 9 8945HX with Radeon Graphics        
# CPU Frequency      : 2495 MHz
# CPU Physical cores : 16
# CPU Logical cores  : 32
# Host memory        : 34142 MB
# Swap memory        : 2147 MB
# Total Virtual      : 36289 MB
# Available Virtual  : 6445 MB
#-----------------------------------------------------------
source xsim.dir/tb_xsim/xsim_script.tcl
# xsim {tb_xsim} -autoloadwcfg -tclbatch {C:/Users/21186/Desktop/CICC2026/in_order/fpga_race/sim/xsim_run.tcl}
Time resolution is 1 ps
source C:/Users/21186/Desktop/CICC2026/in_order/fpga_race/sim/xsim_run.tcl
## run all
 Block Memory Generator module loading initial data...
 Block Memory Generator data initialization complete.
Block Memory Generator module tb_xsim.dut.u_irom_fetch.inst.native_mem_module.blk_mem_gen_v8_4_12_inst is using a behavioral model for simulation which will not precisely model memory collision behavior.
 Block Memory Generator module loading initial data...
 Block Memory Generator data initialization complete.
Block Memory Generator module tb_xsim.dut.u_irom_data.inst.native_mem_module.blk_mem_gen_v8_4_12_inst is using a behavioral model for simulation which will not precisely model memory collision behavior.
 Block Memory Generator module loading initial data...
 Block Memory Generator data initialization complete.
Block Memory Generator module tb_xsim.dut.bridge_inst.Mem_DRAM.inst.native_mem_module.blk_mem_gen_v8_4_12_inst is using a behavioral model for simulation which will not precisely model memory collision behavior.
XSIM_INFO: reset released; MAX_CYCLES=5000000
XSIM_X: cycle=1 pc=80000008 imem=80000010/771000ef daddr=xxxxxxxX wen=0
XSIM_PROGRESS: cycle=1000000 pc=800010c0 same_pc=999977 seg=00000000 led=00000000 cnt_start=0 cnt_stop=0
XSIM_PROGRESS: cycle=2000000 pc=800010c0 same_pc=1999977 seg=00000000 led=00000000 cnt_start=0 cnt_stop=0
XSIM_PROGRESS: cycle=3000000 pc=800010c0 same_pc=2999977 seg=00000000 led=00000000 cnt_start=0 cnt_stop=0
XSIM_PROGRESS: cycle=4000000 pc=800010c0 same_pc=3999977 seg=00000000 led=00000000 cnt_start=0 cnt_stop=0
XSIM_PROGRESS: cycle=5000000 pc=800010c0 same_pc=4999977 seg=00000000 led=00000000 cnt_start=0 cnt_stop=0
XSIM_RESULT: TIMEOUT cycles=5000000 seg=00000000 led=00000000 cnt_start=0 cnt_stop=0 pc=800010c0 same_pc=4999977 x_seen=1 pc_oob=0
$finish called at time : 22730181840 ps : File "C:/Users/21186/Desktop/CICC2026/in_order/fpga_race/sim/tb_xsim.sv" Line 120
run: Time (s): cpu = 00:00:00 ; elapsed = 00:00:14 . Memory (MB): peak = 215.176 ; gain = 0.027
## quit
INFO: xsimkernel Simulation Memory Usage: 14532 KB (Peak: 14532 KB), Simulation CPU Usage: 13374 ms
INFO: [Common 17-206] Exiting xsim at Sat Jul 18 16:47:59 2026...
