INFO: [VRFC 10-2263] Analyzing SystemVerilog file "C:/Users/21186/Desktop/CICC2026/in_order/fpga_race/xsim_work/core_xsim.v" into library work
INFO: [VRFC 10-311] analyzing module core
WARNING: [VRFC 10-3380] identifier 'idr_r' is used before its declaration [C:/Users/21186/Desktop/CICC2026/in_order/fpga_race/xsim_work/core_xsim.v:106]
WARNING: [VRFC 10-3380] identifier 'fsel_rs1_1' is used before its declaration [C:/Users/21186/Desktop/CICC2026/in_order/fpga_race/xsim_work/core_xsim.v:305]
WARNING: [VRFC 10-3380] identifier 'fsel_rs1_1' is used before its declaration [C:/Users/21186/Desktop/CICC2026/in_order/fpga_race/xsim_work/core_xsim.v:312]
WARNING: [VRFC 10-3380] identifier 'rd_wen_m1' is used before its declaration [C:/Users/21186/Desktop/CICC2026/in_order/fpga_race/xsim_work/core_xsim.v:572]
WARNING: [VRFC 10-3380] identifier 'rd_m1' is used before its declaration [C:/Users/21186/Desktop/CICC2026/in_order/fpga_race/xsim_work/core_xsim.v:573]
WARNING: [VRFC 10-3380] identifier 'rd_wen_m0' is used before its declaration [C:/Users/21186/Desktop/CICC2026/in_order/fpga_race/xsim_work/core_xsim.v:574]
WARNING: [VRFC 10-3380] identifier 'rd_m0' is used before its declaration [C:/Users/21186/Desktop/CICC2026/in_order/fpga_race/xsim_work/core_xsim.v:575]
WARNING: [VRFC 10-3380] identifier 'rd_wen_x1' is used before its declaration [C:/Users/21186/Desktop/CICC2026/in_order/fpga_race/xsim_work/core_xsim.v:576]
WARNING: [VRFC 10-3380] identifier 'rd_x1' is used before its declaration [C:/Users/21186/Desktop/CICC2026/in_order/fpga_race/xsim_work/core_xsim.v:577]
WARNING: [VRFC 10-3380] identifier 'rd_wen_x0' is used before its declaration [C:/Users/21186/Desktop/CICC2026/in_order/fpga_race/xsim_work/core_xsim.v:578]
WARNING: [VRFC 10-3380] identifier 'rd_x0' is used before its declaration [C:/Users/21186/Desktop/CICC2026/in_order/fpga_race/xsim_work/core_xsim.v:579]
WARNING: [VRFC 10-3380] identifier 'alu_m1' is used before its declaration [C:/Users/21186/Desktop/CICC2026/in_order/fpga_race/xsim_work/core_xsim.v:587]
WARNING: [VRFC 10-3380] identifier 'alu_m0' is used before its declaration [C:/Users/21186/Desktop/CICC2026/in_order/fpga_race/xsim_work/core_xsim.v:588]
WARNING: [VRFC 10-3380] identifier 'alu_x1' is used before its declaration [C:/Users/21186/Desktop/CICC2026/in_order/fpga_race/xsim_work/core_xsim.v:589]
WARNING: [VRFC 10-3380] identifier 'alu_x0' is used before its declaration [C:/Users/21186/Desktop/CICC2026/in_order/fpga_race/xsim_work/core_xsim.v:590]
WARNING: [VRFC 10-3380] identifier 'dmem_addr_r' is used before its declaration [C:/Users/21186/Desktop/CICC2026/in_order/fpga_race/xsim_work/core_xsim.v:844]
WARNING: [VRFC 10-3380] identifier 'dmem_addr_r' is used before its declaration [C:/Users/21186/Desktop/CICC2026/in_order/fpga_race/xsim_work/core_xsim.v:845]
WARNING: [VRFC 10-3380] identifier 'dmem_wen_r' is used before its declaration [C:/Users/21186/Desktop/CICC2026/in_order/fpga_race/xsim_work/core_xsim.v:846]
WARNING: [VRFC 10-3380] identifier 'dmem1_wen_r' is used before its declaration [C:/Users/21186/Desktop/CICC2026/in_order/fpga_race/xsim_work/core_xsim.v:847]
WARNING: [VRFC 10-3380] identifier 'dmem_wen_r' is used before its declaration [C:/Users/21186/Desktop/CICC2026/in_order/fpga_race/xsim_work/core_xsim.v:848]
WARNING: [VRFC 10-3380] identifier 'dmem1_addr_r' is used before its declaration [C:/Users/21186/Desktop/CICC2026/in_order/fpga_race/xsim_work/core_xsim.v:849]
WARNING: [VRFC 10-3380] identifier 'dmem1_wdata_r' is used before its declaration [C:/Users/21186/Desktop/CICC2026/in_order/fpga_race/xsim_work/core_xsim.v:850]
WARNING: [VRFC 10-3380] identifier 'dmem_addr_r' is used before its declaration [C:/Users/21186/Desktop/CICC2026/in_order/fpga_race/xsim_work/core_xsim.v:898]
WARNING: [VRFC 10-3380] identifier 'dmem1_addr_r' is used before its declaration [C:/Users/21186/Desktop/CICC2026/in_order/fpga_race/xsim_work/core_xsim.v:902]
WARNING: [VRFC 10-3380] identifier 'dmem_wdata_r' is used before its declaration [C:/Users/21186/Desktop/CICC2026/in_order/fpga_race/xsim_work/core_xsim.v:910]
WARNING: [VRFC 10-3380] identifier 'dmem1_wdata_r' is used before its declaration [C:/Users/21186/Desktop/CICC2026/in_order/fpga_race/xsim_work/core_xsim.v:911]
WARNING: [VRFC 10-3380] identifier 'l0_spec_addr' is used before its declaration [C:/Users/21186/Desktop/CICC2026/in_order/fpga_race/xsim_work/core_xsim.v:959]
WARNING: [VRFC 10-3380] identifier 'dmem_wen_r' is used before its declaration [C:/Users/21186/Desktop/CICC2026/in_order/fpga_race/xsim_work/core_xsim.v:964]
WARNING: [VRFC 10-3380] identifier 'dmem1_wen_r' is used before its declaration [C:/Users/21186/Desktop/CICC2026/in_order/fpga_race/xsim_work/core_xsim.v:965]
WARNING: [VRFC 10-3380] identifier 'dmem_wen_r' is used before its declaration [C:/Users/21186/Desktop/CICC2026/in_order/fpga_race/xsim_work/core_xsim.v:966]
WARNING: [VRFC 10-3380] identifier 'dmem_addr_r' is used before its declaration [C:/Users/21186/Desktop/CICC2026/in_order/fpga_race/xsim_work/core_xsim.v:972]
WARNING: [VRFC 10-3380] identifier 'dmem1_addr_r' is used before its declaration [C:/Users/21186/Desktop/CICC2026/in_order/fpga_race/xsim_work/core_xsim.v:973]
WARNING: [VRFC 10-3380] identifier 'l0_fill_vd' is used before its declaration [C:/Users/21186/Desktop/CICC2026/in_order/fpga_race/xsim_work/core_xsim.v:974]
WARNING: [VRFC 10-3380] identifier 'l1_fill_vd' is used before its declaration [C:/Users/21186/Desktop/CICC2026/in_order/fpga_race/xsim_work/core_xsim.v:975]
WARNING: [VRFC 10-3380] identifier 'dmem_addr_r' is used before its declaration [C:/Users/21186/Desktop/CICC2026/in_order/fpga_race/xsim_work/core_xsim.v:1015]
WARNING: [VRFC 10-3380] identifier 'dmem1_addr_r' is used before its declaration [C:/Users/21186/Desktop/CICC2026/in_order/fpga_race/xsim_work/core_xsim.v:1016]
WARNING: [VRFC 10-3380] identifier 'l0_fill_vd' is used before its declaration [C:/Users/21186/Desktop/CICC2026/in_order/fpga_race/xsim_work/core_xsim.v:1017]
WARNING: [VRFC 10-3380] identifier 'l1_fill_vd' is used before its declaration [C:/Users/21186/Desktop/CICC2026/in_order/fpga_race/xsim_work/core_xsim.v:1018]
WARNING: [VRFC 10-3380] identifier 'l0_dw_en' is used before its declaration [C:/Users/21186/Desktop/CICC2026/in_order/fpga_race/xsim_work/core_xsim.v:1028]
WARNING: [VRFC 10-3380] identifier 'valid_m0' is used before its declaration [C:/Users/21186/Desktop/CICC2026/in_order/fpga_race/xsim_work/core_xsim.v:1035]
WARNING: [VRFC 10-3380] identifier 'dmem_addr_r' is used before its declaration [C:/Users/21186/Desktop/CICC2026/in_order/fpga_race/xsim_work/core_xsim.v:1036]
WARNING: [VRFC 10-3380] identifier 'dmem_addr_r' is used before its declaration [C:/Users/21186/Desktop/CICC2026/in_order/fpga_race/xsim_work/core_xsim.v:1037]
WARNING: [VRFC 10-3380] identifier 'dmem_addr_r' is used before its declaration [C:/Users/21186/Desktop/CICC2026/in_order/fpga_race/xsim_work/core_xsim.v:1038]
WARNING: [VRFC 10-3380] identifier 'valid_m1' is used before its declaration [C:/Users/21186/Desktop/CICC2026/in_order/fpga_race/xsim_work/core_xsim.v:1065]
WARNING: [VRFC 10-3380] identifier 'dmem1_addr_r' is used before its declaration [C:/Users/21186/Desktop/CICC2026/in_order/fpga_race/xsim_work/core_xsim.v:1066]
WARNING: [VRFC 10-3380] identifier 'dmem1_addr_r' is used before its declaration [C:/Users/21186/Desktop/CICC2026/in_order/fpga_race/xsim_work/core_xsim.v:1069]
WARNING: [VRFC 10-3380] identifier 'dmem1_addr_r' is used before its declaration [C:/Users/21186/Desktop/CICC2026/in_order/fpga_race/xsim_work/core_xsim.v:1070]
WARNING: [VRFC 10-3380] identifier 'dmem_addr_r' is used before its declaration [C:/Users/21186/Desktop/CICC2026/in_order/fpga_race/xsim_work/core_xsim.v:1080]
WARNING: [VRFC 10-3380] identifier 'dmem1_addr_r' is used before its declaration [C:/Users/21186/Desktop/CICC2026/in_order/fpga_race/xsim_work/core_xsim.v:1081]
WARNING: [VRFC 10-3380] identifier 'dmem_wdata_r' is used before its declaration [C:/Users/21186/Desktop/CICC2026/in_order/fpga_race/xsim_work/core_xsim.v:1083]
WARNING: [VRFC 10-3380] identifier 'dmem1_wdata_r' is used before its declaration [C:/Users/21186/Desktop/CICC2026/in_order/fpga_race/xsim_work/core_xsim.v:1084]
WARNING: [VRFC 10-3380] identifier 'dmem_addr_r' is used before its declaration [C:/Users/21186/Desktop/CICC2026/in_order/fpga_race/xsim_work/core_xsim.v:1087]
WARNING: [VRFC 10-3380] identifier 'dmem1_addr_r' is used before its declaration [C:/Users/21186/Desktop/CICC2026/in_order/fpga_race/xsim_work/core_xsim.v:1088]
WARNING: [VRFC 10-3380] identifier 'dmem_addr_r' is used before its declaration [C:/Users/21186/Desktop/CICC2026/in_order/fpga_race/xsim_work/core_xsim.v:1090]
WARNING: [VRFC 10-3380] identifier 'dmem1_addr_r' is used before its declaration [C:/Users/21186/Desktop/CICC2026/in_order/fpga_race/xsim_work/core_xsim.v:1091]
