#-----------------------------------------------------------
# xsim v2025.2.1 (64-bit)
# SW Build 6403652 on Thu Mar 19 19:48:24 GMT 2026
# IP Build 6403511 on Thu Mar 19 12:41:45 MDT 2026
# SharedData Build 6403650 on Thu Mar 19 14:02:13 MDT 2026
# Start of session at: Sat Jul 18 17:06:45 2026
# Process ID         : 42420
# Current directory  : C:/Users/21186/Desktop/CICC2026/in_order/fpga_race/xsim_work_hazard_probe
# Command line       : xsim.exe -log xsim_probe.log -mode tcl -source {xsim.dir/tb_xsim_probe/xsim_script.tcl}
# Log file           : C:/Users/21186/Desktop/CICC2026/in_order/fpga_race/xsim_work_hazard_probe/xsim_probe.log
# Journal file       : C:/Users/21186/Desktop/CICC2026/in_order/fpga_race/xsim_work_hazard_probe\xsim.jou
# Running On         : KuonjiAlice
# Platform           : Windows Server 2016 or Windows 10
# Operating System   : 26200
# Processor Detail   : AMD Ryzen 9 8945HX with Radeon Graphics        
# CPU Frequency      : 2495 MHz
# CPU Physical cores : 16
# CPU Logical cores  : 32
# Host memory        : 34142 MB
# Swap memory        : 2147 MB
# Total Virtual      : 36289 MB
# Available Virtual  : 6185 MB
#-----------------------------------------------------------
source xsim.dir/tb_xsim_probe/xsim_script.tcl
# xsim {tb_xsim_probe} -autoloadwcfg -tclbatch {xsim_run.tcl}
Time resolution is 1 ps
source xsim_run.tcl
## run all
 Block Memory Generator module loading initial data...
 Block Memory Generator data initialization complete.
Block Memory Generator module tb_xsim.dut.u_irom_fetch.inst.native_mem_module.blk_mem_gen_v8_4_12_inst is using a behavioral model for simulation which will not precisely model memory collision behavior.
 Block Memory Generator module loading initial data...
 Block Memory Generator data initialization complete.
Block Memory Generator module tb_xsim.dut.u_irom_data.inst.native_mem_module.blk_mem_gen_v8_4_12_inst is using a behavioral model for simulation which will not precisely model memory collision behavior.
XSIM_INFO: reset released; MAX_CYCLES=5000000
XSIM_TRACE: c=1 pc_f=80000008 imem_addr=80000010 i0=771000ef i1=4ed010ef qcnt=2 q0pc=80000000 q0=00121117 pop=1 iss=1/0 hz0=0 mstall=0 redir=0 idr=0/0 e0v=0 div=0 md=0/0
XSIM_X: cycle=1 pc=80000008 imem=80000010/771000ef daddr=xxxxxxxX wen=0
XSIM_TRACE: c=2 pc_f=80000010 imem_addr=80000010 i0=0d4000ef i1=0000006f qcnt=3 q0pc=80000004 q0=05010113 pop=1 iss=1/0 hz0=0 mstall=0 redir=0 idr=0/0 e0v=1 div=0 md=0/0
XSIM_TRACE: c=3 pc_f=80000010 imem_addr=80000018 i0=0d4000ef i1=0000006f qcnt=2 q0pc=80000008 q0=771000ef pop=1 iss=1/0 hz0=0 mstall=0 redir=0 idr=1/0 e0v=1 div=0 md=0/0
XSIM_TRACE: c=4 pc_f=80000018 imem_addr=80000f78 i0=fe010113 i1=00112e23 qcnt=0 q0pc=80000008 q0=771000ef pop=0 iss=0/0 hz0=0 mstall=0 redir=0 idr=0/1 e0v=1 div=0 md=0/0
XSIM_TRACE: c=5 pc_f=80000f78 imem_addr=80000f80 i0=000ff317 i1=09030313 qcnt=0 q0pc=80000008 q0=771000ef pop=0 iss=0/0 hz0=0 mstall=0 redir=0 idr=0/0 e0v=0 div=0 md=0/0
XSIM_TRACE: c=6 pc_f=80000f80 imem_addr=80000f88 i0=00132c23 i1=0a4000ef qcnt=2 q0pc=80000f78 q0=000ff317 pop=1 iss=1/0 hz0=0 mstall=0 redir=0 idr=0/0 e0v=0 div=0 md=0/0
XSIM_TRACE: c=7 pc_f=80000f88 imem_addr=80000f88 i0=184000ef i1=34c000ef qcnt=3 q0pc=80000f7c q0=09030313 pop=1 iss=1/0 hz0=0 mstall=0 redir=0 idr=0/0 e0v=1 div=0 md=0/0
XSIM_TRACE: c=8 pc_f=80000f88 imem_addr=80000f90 i0=184000ef i1=34c000ef qcnt=2 q0pc=80000f80 q0=00132c23 pop=1 iss=1/0 hz0=0 mstall=0 redir=0 idr=0/0 e0v=1 div=0 md=0/0
XSIM_TRACE: c=9 pc_f=80000f90 imem_addr=80000f90 i0=468000ef i1=294000ef qcnt=3 q0pc=80000f84 q0=0a4000ef pop=1 iss=1/0 hz0=0 mstall=0 redir=0 idr=1/0 e0v=1 div=0 md=0/0
XSIM_TRACE: c=10 pc_f=80000f90 imem_addr=80001028 i0=468000ef i1=294000ef qcnt=0 q0pc=80000f84 q0=0a4000ef pop=0 iss=0/0 hz0=0 mstall=0 redir=0 idr=0/1 e0v=1 div=0 md=0/0
XSIM_TRACE: c=11 pc_f=80001028 imem_addr=80001030 i0=800002b7 i1=fff28293 qcnt=0 q0pc=80000f84 q0=0a4000ef pop=0 iss=0/0 hz0=0 mstall=0 redir=0 idr=0/0 e0v=0 div=0 md=0/0
XSIM_TRACE: c=12 pc_f=80001030 imem_addr=80001038 i0=00100313 i1=006283b3 qcnt=2 q0pc=80001028 q0=800002b7 pop=1 iss=1/0 hz0=0 mstall=0 redir=0 idr=0/0 e0v=0 div=0 md=0/0
XSIM_TRACE: c=13 pc_f=80001038 imem_addr=80001038 i0=80000e37 i1=07c39663 qcnt=3 q0pc=8000102c q0=fff28293 pop=2 iss=1/1 hz0=0 mstall=0 redir=0 idr=0/0 e0v=1 div=0 md=0/0
XSIM_TRACE: c=14 pc_f=80001038 imem_addr=80001040 i0=80000e37 i1=07c39663 qcnt=1 q0pc=80001034 q0=006283b3 pop=1 iss=1/0 hz0=0 mstall=0 redir=0 idr=0/0 e0v=1 div=0 md=0/0
XSIM_TRACE: c=15 pc_f=80001040 imem_addr=80001048 i0=fff00293 i1=00100313 qcnt=2 q0pc=80001038 q0=80000e37 pop=1 iss=1/0 hz0=0 mstall=0 redir=0 idr=0/0 e0v=1 div=0 md=0/0
XSIM_TRACE: c=16 pc_f=80001048 imem_addr=80001048 i0=006283b3 i1=04039e63 qcnt=3 q0pc=8000103c q0=07c39663 pop=2 iss=1/1 hz0=0 mstall=0 redir=0 idr=0/0 e0v=1 div=0 md=0/0
XSIM_TRACE: c=17 pc_f=80001048 imem_addr=80001050 i0=006283b3 i1=04039e63 qcnt=1 q0pc=80001044 q0=00100313 pop=1 iss=1/0 hz0=0 mstall=0 redir=0 idr=0/0 e0v=1 div=0 md=0/0
XSIM_TRACE: c=18 pc_f=80001050 imem_addr=800010a8 i0=123452b7 i1=67828293 qcnt=2 q0pc=80001048 q0=006283b3 pop=0 iss=0/0 hz0=0 mstall=0 redir=1 idr=0/0 e0v=1 div=0 md=0/0
XSIM_TRACE: c=19 pc_f=800010a8 imem_addr=800010b0 i0=000ff297 i1=f5c28293 qcnt=0 q0pc=80001048 q0=006283b3 pop=0 iss=0/0 hz0=0 mstall=0 redir=0 idr=0/0 e0v=0 div=0 md=0/0
XSIM_TRACE: c=20 pc_f=800010b0 imem_addr=800010b8 i0=0002a303 i1=00130313 qcnt=2 q0pc=800010a8 q0=000ff297 pop=1 iss=1/0 hz0=0 mstall=0 redir=0 idr=0/0 e0v=0 div=0 md=0/0
XSIM_HAZ: c=20 rs=31/0 use=0/0 ld_e=0:r7 ld_m=0:r0 ld_e1=0:r28 ld_m1=0:r0 vm=0/0 vx=0/0 vw=1/0 wb=0:r12:00000001
XSIM_TRACE: c=21 pc_f=800010b8 imem_addr=800010b8 i0=0062a023 i1=00008067 qcnt=3 q0pc=800010ac q0=f5c28293 pop=1 iss=1/0 hz0=0 mstall=0 redir=0 idr=0/0 e0v=1 div=0 md=0/0
XSIM_HAZ: c=21 rs=5/28 use=1/0 ld_e=0:r5 ld_m=0:r7 ld_e1=0:r5 ld_m1=0:r28 vm=0/0 vx=0/0 vw=0/0 wb=0:r6:00000001
XSIM_TRACE: c=22 pc_f=800010b8 imem_addr=800010c0 i0=0062a023 i1=00008067 qcnt=2 q0pc=800010b0 q0=0002a303 pop=1 iss=1/0 hz0=0 mstall=0 redir=0 idr=0/0 e0v=1 div=0 md=0/0
XSIM_HAZ: c=22 rs=5/0 use=1/0 ld_e=0:r5 ld_m=0:r5 ld_e1=0:r6 ld_m1=0:r5 vm=1/0 vx=0/0 vw=0/0 wb=0:r0:00000001
XSIM_TRACE: c=23 pc_f=800010c0 imem_addr=800010c0 i0=00000293 i1=07b28313 qcnt=3 q0pc=800010b4 q0=00130313 pop=0 iss=0/0 hz0=1 mstall=0 redir=0 idr=0/0 e0v=1 div=0 md=0/0
XSIM_HAZ: c=23 rs=6/1 use=1/0 ld_e=1:r6 ld_m=0:r5 ld_e1=0:r6 ld_m1=0:r6 vm=1/0 vx=1/0 vw=0/0 wb=0:r7:00000000
XSIM_TRACE: c=24 pc_f=800010c0 imem_addr=800010c0 i0=00000293 i1=07b28313 qcnt=3 q0pc=800010b4 q0=00130313 pop=0 iss=0/0 hz0=1 mstall=0 redir=0 idr=0/0 e0v=0 div=0 md=0/0
XSIM_HAZ: c=24 rs=6/1 use=1/0 ld_e=0:r6 ld_m=1:r6 ld_e1=0:r0 ld_m1=0:r6 vm=1/0 vx=1/0 vw=1/0 wb=1:r5:801000a8
XSIM_TRACE: c=25 pc_f=800010c0 imem_addr=800010c0 i0=00000293 i1=07b28313 qcnt=3 q0pc=800010b4 q0=00130313 pop=1 iss=1/0 hz0=0 mstall=0 redir=0 idr=0/0 e0v=0 div=0 md=0/0
XSIM_HAZ: c=25 rs=6/1 use=1/0 ld_e=0:r6 ld_m=0:r6 ld_e1=0:r0 ld_m1=0:r0 vm=0/0 vx=1/0 vw=1/0 wb=1:r5:80100004
XSIM_TRACE: c=26 pc_f=800010c0 imem_addr=800010c8 i0=00000293 i1=07b28313 qcnt=2 q0pc=800010b8 q0=0062a023 pop=1 iss=1/0 hz0=0 mstall=0 redir=0 idr=0/0 e0v=1 div=0 md=0/0
XSIM_HAZ: c=26 rs=5/6 use=1/1 ld_e=0:r6 ld_m=0:r6 ld_e1=0:r0 ld_m1=0:r0 vm=0/0 vx=0/0 vw=1/0 wb=1:r6:00000000
XSIM_TRACE: c=27 pc_f=800010c8 imem_addr=800010c8 i0=07b00393 i1=02731463 qcnt=3 q0pc=800010bc q0=00008067 pop=1 iss=1/0 hz0=0 mstall=0 redir=0 idr=1/0 e0v=1 div=0 md=0/0
XSIM_HAZ: c=27 rs=1/0 use=1/0 ld_e=0:r0 ld_m=0:r6 ld_e1=0:r0 ld_m1=0:r0 vm=1/0 vx=0/0 vw=0/0 wb=0:r6:801000a9
XSIM_TRACE: c=28 pc_f=800010c8 imem_addr=80000f88 i0=07b00393 i1=02731463 qcnt=0 q0pc=800010bc q0=00008067 pop=0 iss=0/0 hz0=0 mstall=0 redir=0 idr=0/1 e0v=1 div=0 md=0/0
XSIM_HAZ: c=28 rs=1/0 use=1/0 ld_e=0:r0 ld_m=0:r0 ld_e1=0:r5 ld_m1=0:r0 vm=1/0 vx=1/0 vw=0/0 wb=0:r6:801000a9
XSIM_TRACE: c=29 pc_f=80000f88 imem_addr=80000f90 i0=184000ef i1=34c000ef qcnt=0 q0pc=800010bc q0=00008067 pop=0 iss=0/0 hz0=0 mstall=0 redir=0 idr=0/0 e0v=0 div=0 md=0/0
XSIM_HAZ: c=29 rs=1/0 use=1/0 ld_e=0:r0 ld_m=0:r0 ld_e1=0:r5 ld_m1=0:r5 vm=1/0 vx=1/0 vw=1/0 wb=1:r6:801000a9
XSIM_TRACE: c=30 pc_f=80000f90 imem_addr=80000f98 i0=468000ef i1=294000ef qcnt=2 q0pc=80000f88 q0=184000ef pop=1 iss=1/0 hz0=0 mstall=0 redir=0 idr=1/0 e0v=0 div=0 md=0/0
XSIM_HAZ: c=30 rs=0/4 use=0/0 ld_e=0:r0 ld_m=0:r0 ld_e1=0:r5 ld_m1=0:r5 vm=0/0 vx=1/0 vw=1/0 wb=0:r0:80100004
XSIM_TRACE: c=31 pc_f=80000f98 imem_addr=8000110c i0=1d0000ef i1=4b0000ef qcnt=0 q0pc=80000f88 q0=184000ef pop=0 iss=0/0 hz0=0 mstall=0 redir=0 idr=0/1 e0v=1 div=0 md=0/0
XSIM_HAZ: c=31 rs=0/4 use=0/0 ld_e=0:r1 ld_m=0:r0 ld_e1=0:r1 ld_m1=0:r5 vm=0/0 vx=0/0 vw=1/0 wb=1:r0:800010c0
XSIM_TRACE: c=32 pc_f=8000110c imem_addr=80001114 i0=800002b7 i1=fff28293 qcnt=0 q0pc=80000f88 q0=184000ef pop=0 iss=0/0 hz0=0 mstall=0 redir=0 idr=0/0 e0v=0 div=0 md=0/0
XSIM_HAZ: c=32 rs=0/4 use=0/0 ld_e=0:r1 ld_m=0:r1 ld_e1=0:r1 ld_m1=0:r1 vm=1/0 vx=0/0 vw=0/0 wb=0:r0:800010c0
XSIM_TRACE: c=33 pc_f=80001114 imem_addr=8000111c i0=80000337 i1=fff30313 qcnt=2 q0pc=8000110c q0=800002b7 pop=1 iss=1/0 hz0=0 mstall=0 redir=0 idr=0/0 e0v=0 div=0 md=0/0
XSIM_HAZ: c=33 rs=0/0 use=0/0 ld_e=0:r1 ld_m=0:r1 ld_e1=0:r1 ld_m1=0:r1 vm=0/0 vx=1/0 vw=0/0 wb=0:r0:800010c0
XSIM_TRACE: c=34 pc_f=8000111c imem_addr=8000111c i0=406283b3 i1=02039863 qcnt=3 q0pc=80001110 q0=fff28293 pop=2 iss=1/1 hz0=0 mstall=0 redir=0 idr=0/0 e0v=1 div=0 md=0/0
XSIM_HAZ: c=34 rs=5/31 use=1/0 ld_e=0:r5 ld_m=0:r1 ld_e1=0:r5 ld_m1=0:r1 vm=0/0 vx=0/0 vw=1/0 wb=1:r1:80000f8c
XSIM_TRACE: c=35 pc_f=8000111c imem_addr=80001124 i0=406283b3 i1=02039863 qcnt=1 q0pc=80001118 q0=fff30313 pop=1 iss=1/0 hz0=0 mstall=0 redir=0 idr=0/0 e0v=1 div=0 md=0/0
XSIM_HAZ: c=35 rs=6/31 use=1/0 ld_e=0:r5 ld_m=0:r5 ld_e1=0:r6 ld_m1=0:r5 vm=1/0 vx=0/0 vw=0/0 wb=0:r1:80000f8c
XSIM_TRACE: c=36 pc_f=80001124 imem_addr=8000112c i0=00000293 i1=fff00313 qcnt=2 q0pc=8000111c q0=406283b3 pop=1 iss=1/0 hz0=0 mstall=0 redir=0 idr=0/0 e0v=1 div=0 md=0/0
XSIM_TRACE: c=37 pc_f=8000112c imem_addr=8000112c i0=406283b3 i1=00100e13 qcnt=3 q0pc=80001120 q0=02039863 pop=2 iss=1/1 hz0=0 mstall=0 redir=0 idr=0/0 e0v=1 div=0 md=0/0
XSIM_TRACE: c=38 pc_f=8000112c imem_addr=80001134 i0=406283b3 i1=00100e13 qcnt=1 q0pc=80001128 q0=fff00313 pop=1 iss=1/0 hz0=0 mstall=0 redir=0 idr=0/0 e0v=1 div=0 md=0/0
XSIM_TRACE: c=39 pc_f=80001134 imem_addr=8000113c i0=01c39e63 i1=000ff297 qcnt=2 q0pc=8000112c q0=406283b3 pop=2 iss=1/1 hz0=0 mstall=0 redir=0 idr=0/0 e0v=1 div=0 md=0/0
XSIM_TRACE: c=40 pc_f=8000113c imem_addr=80001144 i0=ec828293 i1=0002a303 qcnt=2 q0pc=80001134 q0=01c39e63 pop=2 iss=1/1 hz0=0 mstall=0 redir=0 idr=0/0 e0v=1 div=0 md=0/0
XSIM_TRACE: c=41 pc_f=80001144 imem_addr=8000114c i0=00130313 i1=0062a023 qcnt=2 q0pc=8000113c q0=ec828293 pop=1 iss=1/0 hz0=0 mstall=0 redir=0 idr=0/0 e0v=1 div=0 md=0/0
XSIM_TRACE: c=42 pc_f=8000114c imem_addr=8000114c i0=00008067 i1=000ff297 qcnt=3 q0pc=80001140 q0=0002a303 pop=1 iss=1/0 hz0=0 mstall=0 redir=0 idr=0/0 e0v=1 div=0 md=0/0
XSIM_TRACE: c=43 pc_f=8000114c imem_addr=80001154 i0=00008067 i1=000ff297 qcnt=2 q0pc=80001144 q0=00130313 pop=0 iss=0/0 hz0=1 mstall=0 redir=0 idr=0/0 e0v=1 div=0 md=0/0
XSIM_TRACE: c=44 pc_f=80001154 imem_addr=80001154 i0=eb428293 i1=0002a303 qcnt=4 q0pc=80001144 q0=00130313 pop=0 iss=0/0 hz0=1 mstall=0 redir=0 idr=0/0 e0v=0 div=0 md=0/0
XSIM_TRACE: c=45 pc_f=80001154 imem_addr=80001154 i0=eb428293 i1=0002a303 qcnt=4 q0pc=80001144 q0=00130313 pop=1 iss=1/0 hz0=0 mstall=0 redir=0 idr=0/0 e0v=0 div=0 md=0/0
XSIM_TRACE: c=46 pc_f=80001154 imem_addr=80001154 i0=eb428293 i1=0002a303 qcnt=3 q0pc=80001148 q0=0062a023 pop=1 iss=1/0 hz0=0 mstall=0 redir=0 idr=0/0 e0v=1 div=0 md=0/0
XSIM_TRACE: c=47 pc_f=80001154 imem_addr=8000115c i0=eb428293 i1=0002a303 qcnt=2 q0pc=8000114c q0=00008067 pop=1 iss=1/0 hz0=0 mstall=0 redir=0 idr=1/0 e0v=1 div=0 md=0/0
XSIM_TRACE: c=48 pc_f=8000115c imem_addr=80000f8c i0=00130313 i1=0062a023 qcnt=0 q0pc=8000114c q0=00008067 pop=0 iss=0/0 hz0=0 mstall=0 redir=0 idr=0/1 e0v=1 div=0 md=0/0
XSIM_TRACE: c=49 pc_f=80000f8c imem_addr=80000f94 i0=34c000ef i1=468000ef qcnt=0 q0pc=8000114c q0=00008067 pop=0 iss=0/0 hz0=0 mstall=0 redir=0 idr=0/0 e0v=0 div=0 md=0/0
XSIM_TRACE: c=50 pc_f=80000f94 imem_addr=80000f9c i0=294000ef i1=1d0000ef qcnt=2 q0pc=80000f8c q0=34c000ef pop=1 iss=1/0 hz0=0 mstall=0 redir=0 idr=1/0 e0v=0 div=0 md=0/0
XSIM_TRACE: c=51 pc_f=80000f9c imem_addr=800012d8 i0=4b0000ef i1=55c000ef qcnt=0 q0pc=80000f8c q0=34c000ef pop=0 iss=0/0 hz0=0 mstall=0 redir=0 idr=0/1 e0v=1 div=0 md=0/0
XSIM_TRACE: c=52 pc_f=800012d8 imem_addr=800012e0 i0=fff00293 i1=00000313 qcnt=0 q0pc=80000f8c q0=34c000ef pop=0 iss=0/0 hz0=0 mstall=0 redir=0 idr=0/0 e0v=0 div=0 md=0/0
XSIM_TRACE: c=53 pc_f=800012e0 imem_addr=800012e8 i0=0062a3b3 i1=00100e13 qcnt=2 q0pc=800012d8 q0=fff00293 pop=2 iss=1/1 hz0=0 mstall=0 redir=0 idr=0/0 e0v=0 div=0 md=0/0
XSIM_TRACE: c=54 pc_f=800012e8 imem_addr=800012f0 i0=05c39063 i1=07b00293 qcnt=2 q0pc=800012e0 q0=0062a3b3 pop=2 iss=1/1 hz0=0 mstall=0 redir=0 idr=0/0 e0v=1 div=0 md=0/0
XSIM_TRACE: c=55 pc_f=800012f0 imem_addr=800012f8 i0=07b00313 i1=0062a3b3 qcnt=2 q0pc=800012e8 q0=05c39063 pop=2 iss=1/1 hz0=0 mstall=0 redir=0 idr=0/0 e0v=1 div=0 md=0/0
XSIM_TRACE: c=56 pc_f=800012f8 imem_addr=80001300 i0=02039863 i1=800002b7 qcnt=2 q0pc=800012f0 q0=07b00313 pop=1 iss=1/0 hz0=0 mstall=0 redir=0 idr=0/0 e0v=1 div=0 md=0/0
XSIM_TRACE: c=57 pc_f=80001300 imem_addr=80001300 i0=fff28293 i1=fff00313 qcnt=3 q0pc=800012f4 q0=0062a3b3 pop=1 iss=1/0 hz0=0 mstall=0 redir=0 idr=0/0 e0v=1 div=0 md=0/0
XSIM_TRACE: c=58 pc_f=80001300 imem_addr=80001308 i0=fff28293 i1=fff00313 qcnt=2 q0pc=800012f8 q0=02039863 pop=2 iss=1/1 hz0=0 mstall=0 redir=0 idr=0/0 e0v=1 div=0 md=0/0
XSIM_TRACE: c=59 pc_f=80001308 imem_addr=80001310 i0=0062a3b3 i1=00039e63 qcnt=2 q0pc=80001300 q0=fff28293 pop=2 iss=1/1 hz0=0 mstall=0 redir=0 idr=0/0 e0v=1 div=0 md=0/0
XSIM_TRACE: c=60 pc_f=80001310 imem_addr=80001318 i0=000ff297 i1=cf028293 qcnt=2 q0pc=80001308 q0=0062a3b3 pop=1 iss=1/0 hz0=0 mstall=0 redir=0 idr=0/0 e0v=1 div=0 md=0/0
XSIM_TRACE: c=61 pc_f=80001318 imem_addr=80001318 i0=0002a303 i1=00130313 qcnt=3 q0pc=8000130c q0=00039e63 pop=2 iss=1/1 hz0=0 mstall=0 redir=0 idr=0/0 e0v=1 div=0 md=0/0
XSIM_TRACE: c=62 pc_f=80001318 imem_addr=80001320 i0=0002a303 i1=00130313 qcnt=1 q0pc=80001314 q0=cf028293 pop=1 iss=1/0 hz0=0 mstall=0 redir=0 idr=0/0 e0v=1 div=0 md=0/0
XSIM_TRACE: c=63 pc_f=80001320 imem_addr=80001328 i0=0062a023 i1=00008067 qcnt=2 q0pc=80001318 q0=0002a303 pop=0 iss=0/0 hz0=0 mstall=0 redir=1 idr=0/0 e0v=1 div=0 md=0/0
XSIM_TRACE: c=64 pc_f=80001328 imem_addr=80001330 i0=000ff297 i1=cdc28293 qcnt=0 q0pc=80001318 q0=0002a303 pop=0 iss=0/0 hz0=0 mstall=0 redir=0 idr=0/0 e0v=0 div=0 md=0/0
XSIM_TRACE: c=65 pc_f=80001330 imem_addr=80001338 i0=0002a303 i1=00130313 qcnt=2 q0pc=80001328 q0=000ff297 pop=1 iss=1/0 hz0=0 mstall=0 redir=0 idr=0/0 e0v=0 div=0 md=0/0
XSIM_TRACE: c=66 pc_f=80001338 imem_addr=80001338 i0=0062a023 i1=00008067 qcnt=3 q0pc=8000132c q0=cdc28293 pop=1 iss=1/0 hz0=0 mstall=0 redir=0 idr=0/0 e0v=1 div=0 md=0/0
XSIM_TRACE: c=67 pc_f=80001338 imem_addr=80001340 i0=0062a023 i1=00008067 qcnt=2 q0pc=80001330 q0=0002a303 pop=1 iss=1/0 hz0=0 mstall=0 redir=0 idr=0/0 e0v=1 div=0 md=0/0
XSIM_TRACE: c=68 pc_f=80001340 imem_addr=80001340 i0=fff00293 i1=0002a313 qcnt=3 q0pc=80001334 q0=00130313 pop=0 iss=0/0 hz0=1 mstall=0 redir=0 idr=0/0 e0v=1 div=0 md=0/0
XSIM_TRACE: c=69 pc_f=80001340 imem_addr=80001340 i0=fff00293 i1=0002a313 qcnt=3 q0pc=80001334 q0=00130313 pop=0 iss=0/0 hz0=1 mstall=0 redir=0 idr=0/0 e0v=0 div=0 md=0/0
XSIM_TRACE: c=70 pc_f=80001340 imem_addr=80001340 i0=fff00293 i1=0002a313 qcnt=3 q0pc=80001334 q0=00130313 pop=1 iss=1/0 hz0=0 mstall=0 redir=0 idr=0/0 e0v=0 div=0 md=0/0
XSIM_TRACE: c=71 pc_f=80001340 imem_addr=80001348 i0=fff00293 i1=0002a313 qcnt=2 q0pc=80001338 q0=0062a023 pop=1 iss=1/0 hz0=0 mstall=0 redir=0 idr=0/0 e0v=1 div=0 md=0/0
XSIM_TRACE: c=72 pc_f=80001348 imem_addr=80001348 i0=00100393 i1=04731663 qcnt=3 q0pc=8000133c q0=00008067 pop=1 iss=1/0 hz0=0 mstall=0 redir=0 idr=1/0 e0v=1 div=0 md=0/0
XSIM_TRACE: c=73 pc_f=80001348 imem_addr=80000f90 i0=00100393 i1=04731663 qcnt=0 q0pc=8000133c q0=00008067 pop=0 iss=0/0 hz0=0 mstall=0 redir=0 idr=0/1 e0v=1 div=0 md=0/0
XSIM_TRACE: c=74 pc_f=80000f90 imem_addr=80000f98 i0=468000ef i1=294000ef qcnt=0 q0pc=8000133c q0=00008067 pop=0 iss=0/0 hz0=0 mstall=0 redir=0 idr=0/0 e0v=0 div=0 md=0/0
XSIM_TRACE: c=75 pc_f=80000f98 imem_addr=80000fa0 i0=1d0000ef i1=4b0000ef qcnt=2 q0pc=80000f90 q0=468000ef pop=1 iss=1/0 hz0=0 mstall=0 redir=0 idr=1/0 e0v=0 div=0 md=0/0
XSIM_TRACE: c=76 pc_f=80000fa0 imem_addr=800013f8 i0=55c000ef i1=600000ef qcnt=0 q0pc=80000f90 q0=468000ef pop=0 iss=0/0 hz0=0 mstall=0 redir=0 idr=0/1 e0v=1 div=0 md=0/0
XSIM_TRACE: c=77 pc_f=800013f8 imem_addr=80001400 i0=fff00293 i1=00000313 qcnt=0 q0pc=80000f90 q0=468000ef pop=0 iss=0/0 hz0=0 mstall=0 redir=0 idr=0/0 e0v=0 div=0 md=0/0
XSIM_TRACE: c=78 pc_f=80001400 imem_addr=80001408 i0=0062b3b3 i1=02039863 qcnt=2 q0pc=800013f8 q0=fff00293 pop=2 iss=1/1 hz0=0 mstall=0 redir=0 idr=0/0 e0v=0 div=0 md=0/0
XSIM_TRACE: c=79 pc_f=80001408 imem_addr=80001410 i0=00000293 i1=00100313 qcnt=2 q0pc=80001400 q0=0062b3b3 pop=1 iss=1/0 hz0=0 mstall=0 redir=0 idr=0/0 e0v=1 div=0 md=0/0
XSIM_TRACE: c=80 pc_f=80001410 imem_addr=80001410 i0=0062b3b3 i1=00100e13 qcnt=3 q0pc=80001404 q0=02039863 pop=2 iss=1/1 hz0=0 mstall=0 redir=0 idr=0/0 e0v=1 div=0 md=0/0
XSIM_TRACE: c=81 pc_f=80001410 imem_addr=80001418 i0=0062b3b3 i1=00100e13 qcnt=1 q0pc=8000140c q0=00100313 pop=1 iss=1/0 hz0=0 mstall=0 redir=0 idr=0/0 e0v=1 div=0 md=0/0
XSIM_TRACE: c=82 pc_f=80001418 imem_addr=80001420 i0=01c39e63 i1=000ff297 qcnt=2 q0pc=80001410 q0=0062b3b3 pop=2 iss=1/1 hz0=0 mstall=0 redir=0 idr=0/0 e0v=1 div=0 md=0/0
XSIM_TRACE: c=83 pc_f=80001420 imem_addr=80001428 i0=be428293 i1=0002a303 qcnt=2 q0pc=80001418 q0=01c39e63 pop=2 iss=1/1 hz0=0 mstall=0 redir=0 idr=0/0 e0v=1 div=0 md=0/0
XSIM_TRACE: c=84 pc_f=80001428 imem_addr=80001430 i0=00130313 i1=0062a023 qcnt=2 q0pc=80001420 q0=be428293 pop=1 iss=1/0 hz0=0 mstall=0 redir=0 idr=0/0 e0v=1 div=0 md=0/0
XSIM_TRACE: c=85 pc_f=80001430 imem_addr=80001430 i0=00008067 i1=000ff297 qcnt=3 q0pc=80001424 q0=0002a303 pop=1 iss=1/0 hz0=0 mstall=0 redir=0 idr=0/0 e0v=1 div=0 md=0/0
XSIM_TRACE: c=86 pc_f=80001430 imem_addr=80001438 i0=00008067 i1=000ff297 qcnt=2 q0pc=80001428 q0=00130313 pop=0 iss=0/0 hz0=1 mstall=0 redir=0 idr=0/0 e0v=1 div=0 md=0/0
XSIM_TRACE: c=87 pc_f=80001438 imem_addr=80001438 i0=bd028293 i1=0002a303 qcnt=4 q0pc=80001428 q0=00130313 pop=0 iss=0/0 hz0=1 mstall=0 redir=0 idr=0/0 e0v=0 div=0 md=0/0
XSIM_TRACE: c=88 pc_f=80001438 imem_addr=80001438 i0=bd028293 i1=0002a303 qcnt=4 q0pc=80001428 q0=00130313 pop=1 iss=1/0 hz0=0 mstall=0 redir=0 idr=0/0 e0v=0 div=0 md=0/0
XSIM_TRACE: c=89 pc_f=80001438 imem_addr=80001438 i0=bd028293 i1=0002a303 qcnt=3 q0pc=8000142c q0=0062a023 pop=1 iss=1/0 hz0=0 mstall=0 redir=0 idr=0/0 e0v=1 div=0 md=0/0
XSIM_TRACE: c=90 pc_f=80001438 imem_addr=80001440 i0=bd028293 i1=0002a303 qcnt=2 q0pc=80001430 q0=00008067 pop=1 iss=1/0 hz0=0 mstall=0 redir=0 idr=1/0 e0v=1 div=0 md=0/0
XSIM_TRACE: c=91 pc_f=80001440 imem_addr=80000f94 i0=00130313 i1=0062a023 qcnt=0 q0pc=80001430 q0=00008067 pop=0 iss=0/0 hz0=0 mstall=0 redir=0 idr=0/1 e0v=1 div=0 md=0/0
XSIM_TRACE: c=92 pc_f=80000f94 imem_addr=80000f9c i0=294000ef i1=1d0000ef qcnt=0 q0pc=80001430 q0=00008067 pop=0 iss=0/0 hz0=0 mstall=0 redir=0 idr=0/0 e0v=0 div=0 md=0/0
XSIM_TRACE: c=93 pc_f=80000f9c imem_addr=80000fa4 i0=4b0000ef i1=55c000ef qcnt=2 q0pc=80000f94 q0=294000ef pop=1 iss=1/0 hz0=0 mstall=0 redir=0 idr=1/0 e0v=0 div=0 md=0/0
XSIM_TRACE: c=94 pc_f=80000fa4 imem_addr=80001228 i0=600000ef i1=6ac000ef qcnt=0 q0pc=80000f94 q0=294000ef pop=0 iss=0/0 hz0=0 mstall=0 redir=0 idr=0/1 e0v=1 div=0 md=0/0
XSIM_TRACE: c=95 pc_f=80001228 imem_addr=80001230 i0=aaaab2b7 i1=aaa28293 qcnt=0 q0pc=80000f94 q0=294000ef pop=0 iss=0/0 hz0=0 mstall=0 redir=0 idr=0/0 e0v=0 div=0 md=0/0
XSIM_TRACE: c=96 pc_f=80001230 imem_addr=80001238 i0=55555337 i1=55530313 qcnt=2 q0pc=80001228 q0=aaaab2b7 pop=1 iss=1/0 hz0=0 mstall=0 redir=0 idr=0/0 e0v=0 div=0 md=0/0
XSIM_TRACE: c=97 pc_f=80001238 imem_addr=80001238 i0=0062e3b3 i1=fff00e13 qcnt=3 q0pc=8000122c q0=aaa28293 pop=2 iss=1/1 hz0=0 mstall=0 redir=0 idr=0/0 e0v=1 div=0 md=0/0
XSIM_TRACE: c=98 pc_f=80001238 imem_addr=80001240 i0=0062e3b3 i1=fff00e13 qcnt=1 q0pc=80001234 q0=55530313 pop=1 iss=1/0 hz0=0 mstall=0 redir=0 idr=0/0 e0v=1 div=0 md=0/0
XSIM_TRACE: c=99 pc_f=80001240 imem_addr=80001248 i0=03c39663 i1=00000293 qcnt=2 q0pc=80001238 q0=0062e3b3 pop=2 iss=1/1 hz0=0 mstall=0 redir=0 idr=0/0 e0v=1 div=0 md=0/0
XSIM_TRACE: c=100 pc_f=80001248 imem_addr=80001250 i0=00000313 i1=0062e3b3 qcnt=2 q0pc=80001240 q0=03c39663 pop=2 iss=1/1 hz0=0 mstall=0 redir=0 idr=0/0 e0v=1 div=0 md=0/0
XSIM_PROGRESS: cycle=1000000 pc=80001710 same_pc=0 seg=00000000 led=00000000 cnt_start=0 cnt_stop=0
XSIM_PROGRESS: cycle=2000000 pc=80001730 same_pc=0 seg=00000000 led=00000000 cnt_start=0 cnt_stop=0
XSIM_PROGRESS: cycle=3000000 pc=80001738 same_pc=2 seg=00000000 led=00000000 cnt_start=0 cnt_stop=0
XSIM_PROGRESS: cycle=4000000 pc=80001710 same_pc=0 seg=00000000 led=00000000 cnt_start=0 cnt_stop=0
XSIM_PROGRESS: cycle=5000000 pc=80001730 same_pc=0 seg=00000000 led=00000000 cnt_start=0 cnt_stop=0
XSIM_RESULT: TIMEOUT cycles=5000000 seg=00000000 led=00000000 cnt_start=0 cnt_stop=0 pc=80001730 same_pc=0 x_seen=1 pc_oob=0
$finish called at time : 22730181840 ps : File "C:/Users/21186/Desktop/CICC2026/in_order/fpga_race/sim/tb_xsim.sv" Line 144
run: Time (s): cpu = 00:00:00 ; elapsed = 00:01:30 . Memory (MB): peak = 213.539 ; gain = 0.090
## quit
INFO: xsimkernel Simulation Memory Usage: 15224 KB (Peak: 15224 KB), Simulation CPU Usage: 87327 ms
INFO: [Common 17-206] Exiting xsim at Sat Jul 18 17:08:17 2026...
