#-----------------------------------------------------------
# Vivado v2024.1 (64-bit)
# SW Build 5076996 on Wed May 22 18:37:14 MDT 2024
# IP Build 5075265 on Wed May 22 21:45:21 MDT 2024
# SharedData Build 5076995 on Wed May 22 18:29:18 MDT 2024
# Start of session at: Tue Mar 17 09:59:24 2026
# Process ID: 37684
# Current directory: C:/Users/21186/Desktop/verify/dual-issue/JYD2025_Contest-Template
# Command line: vivado.exe -gui_launcher_event rodinguilauncherevent17848 C:\Users\21186\Desktop\verify\dual-issue\JYD2025_Contest-Template\digital_twin.xpr
# Log file: C:/Users/21186/Desktop/verify/dual-issue/JYD2025_Contest-Template/vivado.log
# Journal file: C:/Users/21186/Desktop/verify/dual-issue/JYD2025_Contest-Template\vivado.jou
# Running On        :KuonjiAlice
# Platform          :Windows Server 2016 or Windows 10
# Operating System  :26200
# Processor Detail  :AMD Ryzen 9 8945HX with Radeon Graphics        
# CPU Frequency     :2495 MHz
# CPU Physical cores:16
# CPU Logical cores :32
# Host memory       :34142 MB
# Swap memory       :2147 MB
# Total Virtual     :36289 MB
# Available Virtual :20751 MB
#-----------------------------------------------------------
start_gui
Sourcing tcl script 'D:/Xilinx/Vivado/2024.1/scripts/Vivado_init.tcl'
open_project C:/Users/21186/Desktop/verify/dual-issue/JYD2025_Contest-Template/digital_twin.xpr
WARNING: [Board 49-26] cannot add Board Part xilinx.com:vck190:part0:2.2 available at D:/Xilinx/Vivado/2024.1/data/xhub/boards/XilinxBoardStore/boards/Xilinx/vck190/production/2.2/board.xml as part xcvc1902-vsva2197-2mp-e-s specified in board_part file is either invalid or not available
WARNING: [Board 49-26] cannot add Board Part xilinx.com:vck190:part0:3.0 available at D:/Xilinx/Vivado/2024.1/data/xhub/boards/XilinxBoardStore/boards/Xilinx/vck190/production/3.0/board.xml as part xcvc1902-vsva2197-2mp-e-s specified in board_part file is either invalid or not available
WARNING: [Board 49-26] cannot add Board Part xilinx.com:vck190:part0:3.1 available at D:/Xilinx/Vivado/2024.1/data/xhub/boards/XilinxBoardStore/boards/Xilinx/vck190/production/3.1/board.xml as part xcvc1902-vsva2197-2mp-e-s specified in board_part file is either invalid or not available
WARNING: [Board 49-26] cannot add Board Part xilinx.com:vck190:part0:3.2 available at D:/Xilinx/Vivado/2024.1/data/xhub/boards/XilinxBoardStore/boards/Xilinx/vck190/production/3.2/board.xml as part xcvc1902-vsva2197-2mp-e-s specified in board_part file is either invalid or not available
WARNING: [Board 49-26] cannot add Board Part xilinx.com:vck190:part0:3.3 available at D:/Xilinx/Vivado/2024.1/data/xhub/boards/XilinxBoardStore/boards/Xilinx/vck190/production/3.3/board.xml as part xcvc1902-vsva2197-2mp-e-s specified in board_part file is either invalid or not available
WARNING: [Board 49-26] cannot add Board Part xilinx.com:vck190_newl:part0:1.0 available at D:/Xilinx/Vivado/2024.1/data/xhub/boards/XilinxBoardStore/boards/Xilinx/vck190_newl/production/1.0/board.xml as part xcvc1902-vsva2197-2mp-e-s specified in board_part file is either invalid or not available
WARNING: [Board 49-26] cannot add Board Part xilinx.com:vck190_newl:part0:1.1 available at D:/Xilinx/Vivado/2024.1/data/xhub/boards/XilinxBoardStore/boards/Xilinx/vck190_newl/production/1.1/board.xml as part xcvc1902-vsva2197-2mp-e-s specified in board_part file is either invalid or not available
WARNING: [Board 49-26] cannot add Board Part xilinx.com:vck190_newl:part0:1.2 available at D:/Xilinx/Vivado/2024.1/data/xhub/boards/XilinxBoardStore/boards/Xilinx/vck190_newl/production/1.2/board.xml as part xcvc1902-vsva2197-2mp-e-s specified in board_part file is either invalid or not available
WARNING: [Board 49-26] cannot add Board Part xilinx.com:vek280:part0:1.0 available at D:/Xilinx/Vivado/2024.1/data/xhub/boards/XilinxBoardStore/boards/Xilinx/vek280/production/1.0/board.xml as part xcve2802-vsvh1760-2mp-e-s specified in board_part file is either invalid or not available
WARNING: [Board 49-26] cannot add Board Part xilinx.com:vek280:part0:1.1 available at D:/Xilinx/Vivado/2024.1/data/xhub/boards/XilinxBoardStore/boards/Xilinx/vek280/production/1.1/board.xml as part xcve2802-vsvh1760-2mp-e-s specified in board_part file is either invalid or not available
WARNING: [Board 49-26] cannot add Board Part xilinx.com:vek280:part0:1.2 available at D:/Xilinx/Vivado/2024.1/data/xhub/boards/XilinxBoardStore/boards/Xilinx/vek280/production/1.2/board.xml as part xcve2802-vsvh1760-2mp-e-s specified in board_part file is either invalid or not available
WARNING: [Board 49-26] cannot add Board Part xilinx.com:vek280_es:part0:1.0 available at D:/Xilinx/Vivado/2024.1/data/xhub/boards/XilinxBoardStore/boards/Xilinx/vek280/es/rev_a/1.0/board.xml as part xcve2802-vsvh1760-2lp-e-s-es1 specified in board_part file is either invalid or not available
WARNING: [Board 49-26] cannot add Board Part xilinx.com:vek280_es:part0:1.1 available at D:/Xilinx/Vivado/2024.1/data/xhub/boards/XilinxBoardStore/boards/Xilinx/vek280/es/rev_a/1.1/board.xml as part xcve2802-vsvh1760-2lp-e-s-es1 specified in board_part file is either invalid or not available
WARNING: [Board 49-26] cannot add Board Part xilinx.com:vek280_es_revb:part0:1.0 available at D:/Xilinx/Vivado/2024.1/data/xhub/boards/XilinxBoardStore/boards/Xilinx/vek280/es/rev_b/1.0/board.xml as part xcve2802-vsvh1760-2mp-e-s-es1 specified in board_part file is either invalid or not available
WARNING: [Board 49-26] cannot add Board Part xilinx.com:vek280_es_revb:part0:1.1 available at D:/Xilinx/Vivado/2024.1/data/xhub/boards/XilinxBoardStore/boards/Xilinx/vek280/es/rev_b/1.1/board.xml as part xcve2802-vsvh1760-2mp-e-s-es1 specified in board_part file is either invalid or not available
WARNING: [Board 49-26] cannot add Board Part xilinx.com:vhk158:part0:1.0 available at D:/Xilinx/Vivado/2024.1/data/xhub/boards/XilinxBoardStore/boards/Xilinx/vhk158/production/1.0/board.xml as part xcvh1582-vsva3697-2mp-e-s specified in board_part file is either invalid or not available
WARNING: [Board 49-26] cannot add Board Part xilinx.com:vhk158:part0:1.1 available at D:/Xilinx/Vivado/2024.1/data/xhub/boards/XilinxBoardStore/boards/Xilinx/vhk158/production/1.1/board.xml as part xcvh1582-vsva3697-2mp-e-s specified in board_part file is either invalid or not available
WARNING: [Board 49-26] cannot add Board Part xilinx.com:vhk158_es:part0:1.0 available at D:/Xilinx/Vivado/2024.1/data/xhub/boards/XilinxBoardStore/boards/Xilinx/vhk158/es/1.0/board.xml as part xcvh1582-vsva3697-2mp-e-s-es1 specified in board_part file is either invalid or not available
WARNING: [Board 49-26] cannot add Board Part xilinx.com:vhk158_es:part0:1.1 available at D:/Xilinx/Vivado/2024.1/data/xhub/boards/XilinxBoardStore/boards/Xilinx/vhk158/es/1.1/board.xml as part xcvh1582-vsva3697-2mp-e-s-es1 specified in board_part file is either invalid or not available
WARNING: [Board 49-26] cannot add Board Part xilinx.com:vmk180:part0:2.2 available at D:/Xilinx/Vivado/2024.1/data/xhub/boards/XilinxBoardStore/boards/Xilinx/vmk180/production/2.2/board.xml as part xcvm1802-vsva2197-2mp-e-s specified in board_part file is either invalid or not available
WARNING: [Board 49-26] cannot add Board Part xilinx.com:vmk180:part0:3.0 available at D:/Xilinx/Vivado/2024.1/data/xhub/boards/XilinxBoardStore/boards/Xilinx/vmk180/production/3.0/board.xml as part xcvm1802-vsva2197-2mp-e-s specified in board_part file is either invalid or not available
WARNING: [Board 49-26] cannot add Board Part xilinx.com:vmk180:part0:3.1 available at D:/Xilinx/Vivado/2024.1/data/xhub/boards/XilinxBoardStore/boards/Xilinx/vmk180/production/3.1/board.xml as part xcvm1802-vsva2197-2mp-e-s specified in board_part file is either invalid or not available
WARNING: [Board 49-26] cannot add Board Part xilinx.com:vmk180:part0:3.2 available at D:/Xilinx/Vivado/2024.1/data/xhub/boards/XilinxBoardStore/boards/Xilinx/vmk180/production/3.2/board.xml as part xcvm1802-vsva2197-2mp-e-s specified in board_part file is either invalid or not available
WARNING: [Board 49-26] cannot add Board Part xilinx.com:vmk180_newl:part0:1.0 available at D:/Xilinx/Vivado/2024.1/data/xhub/boards/XilinxBoardStore/boards/Xilinx/vmk180_newl/production/1.0/board.xml as part xcvm1802-vsva2197-2mp-e-s specified in board_part file is either invalid or not available
WARNING: [Board 49-26] cannot add Board Part xilinx.com:vmk180_newl:part0:1.1 available at D:/Xilinx/Vivado/2024.1/data/xhub/boards/XilinxBoardStore/boards/Xilinx/vmk180_newl/production/1.1/board.xml as part xcvm1802-vsva2197-2mp-e-s specified in board_part file is either invalid or not available
WARNING: [Board 49-26] cannot add Board Part xilinx.com:vpk120:part0:1.0 available at D:/Xilinx/Vivado/2024.1/data/xhub/boards/XilinxBoardStore/boards/Xilinx/vpk120/production/1.0/board.xml as part xcvp1202-vsva2785-2mp-e-s specified in board_part file is either invalid or not available
WARNING: [Board 49-26] cannot add Board Part xilinx.com:vpk120:part0:1.1 available at D:/Xilinx/Vivado/2024.1/data/xhub/boards/XilinxBoardStore/boards/Xilinx/vpk120/production/1.1/board.xml as part xcvp1202-vsva2785-2mp-e-s specified in board_part file is either invalid or not available
WARNING: [Board 49-26] cannot add Board Part xilinx.com:vpk120:part0:1.2 available at D:/Xilinx/Vivado/2024.1/data/xhub/boards/XilinxBoardStore/boards/Xilinx/vpk120/production/1.2/board.xml as part xcvp1202-vsva2785-2mp-e-s specified in board_part file is either invalid or not available
WARNING: [Board 49-26] cannot add Board Part xilinx.com:vpk180:part0:1.0 available at D:/Xilinx/Vivado/2024.1/data/xhub/boards/XilinxBoardStore/boards/Xilinx/vpk180/production/1.0/board.xml as part xcvp1802-lsvc4072-2mp-e-s specified in board_part file is either invalid or not available
WARNING: [Board 49-26] cannot add Board Part xilinx.com:vpk180:part0:1.1 available at D:/Xilinx/Vivado/2024.1/data/xhub/boards/XilinxBoardStore/boards/Xilinx/vpk180/production/1.1/board.xml as part xcvp1802-lsvc4072-2mp-e-s specified in board_part file is either invalid or not available
WARNING: [Board 49-26] cannot add Board Part xilinx.com:vpk180:part0:1.2 available at D:/Xilinx/Vivado/2024.1/data/xhub/boards/XilinxBoardStore/boards/Xilinx/vpk180/production/1.2/board.xml as part xcvp1802-lsvc4072-2mp-e-s specified in board_part file is either invalid or not available
WARNING: [Board 49-26] cannot add Board Part xilinx.com:zcu208ld:part0:2.0 available at D:/Xilinx/Vivado/2024.1/data/xhub/boards/XilinxBoardStore/boards/Xilinx/zcu208ld/production/2.0/board.xml as part xczu58dr-fsvg1517-2-i specified in board_part file is either invalid or not available
WARNING: [Board 49-26] cannot add Board Part xilinx.com:zcu216ld:part0:2.0 available at D:/Xilinx/Vivado/2024.1/data/xhub/boards/XilinxBoardStore/boards/Xilinx/zcu216ld/production/2.0/board.xml as part xczu59dr-ffvf1760-2-i specified in board_part file is either invalid or not available
WARNING: [Board 49-26] cannot add Board Part xilinx.com:zcu670ld:part0:1.0 available at D:/Xilinx/Vivado/2024.1/data/xhub/boards/XilinxBoardStore/boards/Xilinx/zcu670ld/1.0/board.xml as part xczu57dr-fsve1156-2-i specified in board_part file is either invalid or not available
INFO: [Project 1-313] Project file moved from 'C:/Users/21186/Desktop/verify/pipeline6_if2_predict/JYD2025_Contest-Template' since last save.
WARNING: [Project 1-312] File not found as 'C:/Users/21186/Desktop/verify/dual-issue/src/BTFN_if2_predict/myCPU.sv'; using path 'C:/Users/21186/Desktop/verify/pipeline6_if2_predict/src/BTFN_if2_predict/myCPU.sv' instead.
WARNING: [Project 1-312] File not found as 'C:/Users/21186/Desktop/verify/dual-issue/src/BTFN_if2_predict/Decode.sv'; using path 'C:/Users/21186/Desktop/verify/pipeline6_if2_predict/src/BTFN_if2_predict/Decode.sv' instead.
WARNING: [Project 1-312] File not found as 'C:/Users/21186/Desktop/verify/dual-issue/src/BTFN_if2_predict/SegReg_IF1_IF2.sv'; using path 'C:/Users/21186/Desktop/verify/pipeline6_if2_predict/src/BTFN_if2_predict/SegReg_IF1_IF2.sv' instead.
WARNING: [Project 1-312] File not found as 'C:/Users/21186/Desktop/verify/dual-issue/src/BTFN_if2_predict/SegReg_LS_WB.sv'; using path 'C:/Users/21186/Desktop/verify/pipeline6_if2_predict/src/BTFN_if2_predict/SegReg_LS_WB.sv' instead.
WARNING: [Project 1-312] File not found as 'C:/Users/21186/Desktop/verify/dual-issue/src/BTFN_if2_predict/SegReg_EX_LS.sv'; using path 'C:/Users/21186/Desktop/verify/pipeline6_if2_predict/src/BTFN_if2_predict/SegReg_EX_LS.sv' instead.
WARNING: [Project 1-312] File not found as 'C:/Users/21186/Desktop/verify/dual-issue/src/BTFN_if2_predict/SegReg_IF2_ID.sv'; using path 'C:/Users/21186/Desktop/verify/pipeline6_if2_predict/src/BTFN_if2_predict/SegReg_IF2_ID.sv' instead.
WARNING: [Project 1-312] File not found as 'C:/Users/21186/Desktop/verify/dual-issue/src/BTFN_if2_predict/Hazard.sv'; using path 'C:/Users/21186/Desktop/verify/pipeline6_if2_predict/src/BTFN_if2_predict/Hazard.sv' instead.
WARNING: [Project 1-312] File not found as 'C:/Users/21186/Desktop/verify/dual-issue/src/BTFN_if2_predict/SegReg_ID_EX.sv'; using path 'C:/Users/21186/Desktop/verify/pipeline6_if2_predict/src/BTFN_if2_predict/SegReg_ID_EX.sv' instead.
WARNING: [Project 1-312] File not found as 'C:/Users/21186/Desktop/verify/dual-issue/src/BTFN_if2_predict/Bridge.sv'; using path 'C:/Users/21186/Desktop/verify/pipeline6_if2_predict/src/BTFN_if2_predict/Bridge.sv' instead.
WARNING: [Project 1-312] File not found as 'C:/Users/21186/Desktop/verify/dual-issue/src/BTFN_if2_predict/CPU.sv'; using path 'C:/Users/21186/Desktop/verify/pipeline6_if2_predict/src/BTFN_if2_predict/CPU.sv' instead.
WARNING: [Project 1-312] File not found as 'C:/Users/21186/Desktop/verify/dual-issue/src/BTFN_if2_predict/Regfile.sv'; using path 'C:/Users/21186/Desktop/verify/pipeline6_if2_predict/src/BTFN_if2_predict/Regfile.sv' instead.
WARNING: [Project 1-312] File not found as 'C:/Users/21186/Desktop/verify/dual-issue/src/BTFN_if2_predict/PC.sv'; using path 'C:/Users/21186/Desktop/verify/pipeline6_if2_predict/src/BTFN_if2_predict/PC.sv' instead.
WARNING: [Project 1-312] File not found as 'C:/Users/21186/Desktop/verify/dual-issue/src/BTFN_if2_predict/Read_Ctrl.sv'; using path 'C:/Users/21186/Desktop/verify/pipeline6_if2_predict/src/BTFN_if2_predict/Read_Ctrl.sv' instead.
WARNING: [Project 1-312] File not found as 'C:/Users/21186/Desktop/verify/dual-issue/src/BTFN_if2_predict/Write_Ctrl.sv'; using path 'C:/Users/21186/Desktop/verify/pipeline6_if2_predict/src/BTFN_if2_predict/Write_Ctrl.sv' instead.
WARNING: [Project 1-312] File not found as 'C:/Users/21186/Desktop/verify/dual-issue/src/BTFN_if2_predict/ALU.sv'; using path 'C:/Users/21186/Desktop/verify/pipeline6_if2_predict/src/BTFN_if2_predict/ALU.sv' instead.
WARNING: [Project 1-312] File not found as 'C:/Users/21186/Desktop/verify/dual-issue/src/BTFN_if2_predict/Branch.sv'; using path 'C:/Users/21186/Desktop/verify/pipeline6_if2_predict/src/BTFN_if2_predict/Branch.sv' instead.
WARNING: [Project 1-312] File not found as 'C:/Users/21186/Desktop/verify/dual-issue/src/BTFN_if2_predict/config.sv'; using path 'C:/Users/21186/Desktop/verify/pipeline6_if2_predict/src/BTFN_if2_predict/config.sv' instead.
WARNING: [Project 1-312] File not found as 'C:/Users/21186/Desktop/verify/dual-issue/src/BTFN_if2_predict/Mux2_1.sv'; using path 'C:/Users/21186/Desktop/verify/pipeline6_if2_predict/src/BTFN_if2_predict/Mux2_1.sv' instead.
WARNING: [Project 1-312] File not found as 'C:/Users/21186/Desktop/verify/dual-issue/src/BTFN_if2_predict/Mux4_1.sv'; using path 'C:/Users/21186/Desktop/verify/pipeline6_if2_predict/src/BTFN_if2_predict/Mux4_1.sv' instead.
WARNING: [Project 1-312] File not found as 'C:/Users/21186/Desktop/verify/dual-issue/src/BTFN_if2_predict/NPC_Mux.sv'; using path 'C:/Users/21186/Desktop/verify/pipeline6_if2_predict/src/BTFN_if2_predict/NPC_Mux.sv' instead.
CRITICAL WARNING: [Project 1-19] Could not find the file 'C:/Users/21186/Desktop/verify/FPGA/Genesys_riscv.xdc'.
Scanning sources...
Finished scanning sources
WARNING: [Project 1-312] File not found as 'C:/Users/21186/Desktop/verify/dual-issue/src/BTFN_if2_predict/myCPU.sv'; using path 'C:/Users/21186/Desktop/verify/pipeline6_if2_predict/src/BTFN_if2_predict/myCPU.sv' instead.
WARNING: [Project 1-312] File not found as 'C:/Users/21186/Desktop/verify/dual-issue/src/BTFN_if2_predict/Decode.sv'; using path 'C:/Users/21186/Desktop/verify/pipeline6_if2_predict/src/BTFN_if2_predict/Decode.sv' instead.
WARNING: [Project 1-312] File not found as 'C:/Users/21186/Desktop/verify/dual-issue/src/BTFN_if2_predict/SegReg_IF1_IF2.sv'; using path 'C:/Users/21186/Desktop/verify/pipeline6_if2_predict/src/BTFN_if2_predict/SegReg_IF1_IF2.sv' instead.
WARNING: [Project 1-312] File not found as 'C:/Users/21186/Desktop/verify/dual-issue/src/BTFN_if2_predict/SegReg_LS_WB.sv'; using path 'C:/Users/21186/Desktop/verify/pipeline6_if2_predict/src/BTFN_if2_predict/SegReg_LS_WB.sv' instead.
WARNING: [Project 1-312] File not found as 'C:/Users/21186/Desktop/verify/dual-issue/src/BTFN_if2_predict/SegReg_EX_LS.sv'; using path 'C:/Users/21186/Desktop/verify/pipeline6_if2_predict/src/BTFN_if2_predict/SegReg_EX_LS.sv' instead.
WARNING: [Project 1-312] File not found as 'C:/Users/21186/Desktop/verify/dual-issue/src/BTFN_if2_predict/SegReg_IF2_ID.sv'; using path 'C:/Users/21186/Desktop/verify/pipeline6_if2_predict/src/BTFN_if2_predict/SegReg_IF2_ID.sv' instead.
WARNING: [Project 1-312] File not found as 'C:/Users/21186/Desktop/verify/dual-issue/src/BTFN_if2_predict/Hazard.sv'; using path 'C:/Users/21186/Desktop/verify/pipeline6_if2_predict/src/BTFN_if2_predict/Hazard.sv' instead.
WARNING: [Project 1-312] File not found as 'C:/Users/21186/Desktop/verify/dual-issue/src/BTFN_if2_predict/SegReg_ID_EX.sv'; using path 'C:/Users/21186/Desktop/verify/pipeline6_if2_predict/src/BTFN_if2_predict/SegReg_ID_EX.sv' instead.
WARNING: [Project 1-312] File not found as 'C:/Users/21186/Desktop/verify/dual-issue/src/BTFN_if2_predict/Bridge.sv'; using path 'C:/Users/21186/Desktop/verify/pipeline6_if2_predict/src/BTFN_if2_predict/Bridge.sv' instead.
WARNING: [Project 1-312] File not found as 'C:/Users/21186/Desktop/verify/dual-issue/src/BTFN_if2_predict/CPU.sv'; using path 'C:/Users/21186/Desktop/verify/pipeline6_if2_predict/src/BTFN_if2_predict/CPU.sv' instead.
WARNING: [Project 1-312] File not found as 'C:/Users/21186/Desktop/verify/dual-issue/src/BTFN_if2_predict/Regfile.sv'; using path 'C:/Users/21186/Desktop/verify/pipeline6_if2_predict/src/BTFN_if2_predict/Regfile.sv' instead.
WARNING: [Project 1-312] File not found as 'C:/Users/21186/Desktop/verify/dual-issue/src/BTFN_if2_predict/PC.sv'; using path 'C:/Users/21186/Desktop/verify/pipeline6_if2_predict/src/BTFN_if2_predict/PC.sv' instead.
WARNING: [Project 1-312] File not found as 'C:/Users/21186/Desktop/verify/dual-issue/src/BTFN_if2_predict/Read_Ctrl.sv'; using path 'C:/Users/21186/Desktop/verify/pipeline6_if2_predict/src/BTFN_if2_predict/Read_Ctrl.sv' instead.
WARNING: [Project 1-312] File not found as 'C:/Users/21186/Desktop/verify/dual-issue/src/BTFN_if2_predict/Write_Ctrl.sv'; using path 'C:/Users/21186/Desktop/verify/pipeline6_if2_predict/src/BTFN_if2_predict/Write_Ctrl.sv' instead.
WARNING: [Project 1-312] File not found as 'C:/Users/21186/Desktop/verify/dual-issue/src/BTFN_if2_predict/ALU.sv'; using path 'C:/Users/21186/Desktop/verify/pipeline6_if2_predict/src/BTFN_if2_predict/ALU.sv' instead.
WARNING: [Project 1-312] File not found as 'C:/Users/21186/Desktop/verify/dual-issue/src/BTFN_if2_predict/Branch.sv'; using path 'C:/Users/21186/Desktop/verify/pipeline6_if2_predict/src/BTFN_if2_predict/Branch.sv' instead.
WARNING: [Project 1-312] File not found as 'C:/Users/21186/Desktop/verify/dual-issue/src/BTFN_if2_predict/config.sv'; using path 'C:/Users/21186/Desktop/verify/pipeline6_if2_predict/src/BTFN_if2_predict/config.sv' instead.
WARNING: [Project 1-312] File not found as 'C:/Users/21186/Desktop/verify/dual-issue/src/BTFN_if2_predict/Mux2_1.sv'; using path 'C:/Users/21186/Desktop/verify/pipeline6_if2_predict/src/BTFN_if2_predict/Mux2_1.sv' instead.
WARNING: [Project 1-312] File not found as 'C:/Users/21186/Desktop/verify/dual-issue/src/BTFN_if2_predict/Mux4_1.sv'; using path 'C:/Users/21186/Desktop/verify/pipeline6_if2_predict/src/BTFN_if2_predict/Mux4_1.sv' instead.
WARNING: [Project 1-312] File not found as 'C:/Users/21186/Desktop/verify/dual-issue/src/BTFN_if2_predict/NPC_Mux.sv'; using path 'C:/Users/21186/Desktop/verify/pipeline6_if2_predict/src/BTFN_if2_predict/NPC_Mux.sv' instead.
WARNING: [Project 1-312] File not found as 'C:/Users/21186/Desktop/verify/dual-issue/src/BTFN_if2_predict/myCPU.sv'; using path 'C:/Users/21186/Desktop/verify/pipeline6_if2_predict/src/BTFN_if2_predict/myCPU.sv' instead.
WARNING: [Project 1-312] File not found as 'C:/Users/21186/Desktop/verify/dual-issue/src/BTFN_if2_predict/Decode.sv'; using path 'C:/Users/21186/Desktop/verify/pipeline6_if2_predict/src/BTFN_if2_predict/Decode.sv' instead.
WARNING: [Project 1-312] File not found as 'C:/Users/21186/Desktop/verify/dual-issue/src/BTFN_if2_predict/SegReg_IF1_IF2.sv'; using path 'C:/Users/21186/Desktop/verify/pipeline6_if2_predict/src/BTFN_if2_predict/SegReg_IF1_IF2.sv' instead.
WARNING: [Project 1-312] File not found as 'C:/Users/21186/Desktop/verify/dual-issue/src/BTFN_if2_predict/SegReg_LS_WB.sv'; using path 'C:/Users/21186/Desktop/verify/pipeline6_if2_predict/src/BTFN_if2_predict/SegReg_LS_WB.sv' instead.
WARNING: [Project 1-312] File not found as 'C:/Users/21186/Desktop/verify/dual-issue/src/BTFN_if2_predict/SegReg_EX_LS.sv'; using path 'C:/Users/21186/Desktop/verify/pipeline6_if2_predict/src/BTFN_if2_predict/SegReg_EX_LS.sv' instead.
WARNING: [Project 1-312] File not found as 'C:/Users/21186/Desktop/verify/dual-issue/src/BTFN_if2_predict/SegReg_IF2_ID.sv'; using path 'C:/Users/21186/Desktop/verify/pipeline6_if2_predict/src/BTFN_if2_predict/SegReg_IF2_ID.sv' instead.
WARNING: [Project 1-312] File not found as 'C:/Users/21186/Desktop/verify/dual-issue/src/BTFN_if2_predict/Hazard.sv'; using path 'C:/Users/21186/Desktop/verify/pipeline6_if2_predict/src/BTFN_if2_predict/Hazard.sv' instead.
WARNING: [Project 1-312] File not found as 'C:/Users/21186/Desktop/verify/dual-issue/src/BTFN_if2_predict/SegReg_ID_EX.sv'; using path 'C:/Users/21186/Desktop/verify/pipeline6_if2_predict/src/BTFN_if2_predict/SegReg_ID_EX.sv' instead.
WARNING: [Project 1-312] File not found as 'C:/Users/21186/Desktop/verify/dual-issue/src/BTFN_if2_predict/Bridge.sv'; using path 'C:/Users/21186/Desktop/verify/pipeline6_if2_predict/src/BTFN_if2_predict/Bridge.sv' instead.
WARNING: [Project 1-312] File not found as 'C:/Users/21186/Desktop/verify/dual-issue/src/BTFN_if2_predict/CPU.sv'; using path 'C:/Users/21186/Desktop/verify/pipeline6_if2_predict/src/BTFN_if2_predict/CPU.sv' instead.
WARNING: [Project 1-312] File not found as 'C:/Users/21186/Desktop/verify/dual-issue/src/BTFN_if2_predict/Regfile.sv'; using path 'C:/Users/21186/Desktop/verify/pipeline6_if2_predict/src/BTFN_if2_predict/Regfile.sv' instead.
WARNING: [Project 1-312] File not found as 'C:/Users/21186/Desktop/verify/dual-issue/src/BTFN_if2_predict/PC.sv'; using path 'C:/Users/21186/Desktop/verify/pipeline6_if2_predict/src/BTFN_if2_predict/PC.sv' instead.
WARNING: [Project 1-312] File not found as 'C:/Users/21186/Desktop/verify/dual-issue/src/BTFN_if2_predict/Read_Ctrl.sv'; using path 'C:/Users/21186/Desktop/verify/pipeline6_if2_predict/src/BTFN_if2_predict/Read_Ctrl.sv' instead.
WARNING: [Project 1-312] File not found as 'C:/Users/21186/Desktop/verify/dual-issue/src/BTFN_if2_predict/Write_Ctrl.sv'; using path 'C:/Users/21186/Desktop/verify/pipeline6_if2_predict/src/BTFN_if2_predict/Write_Ctrl.sv' instead.
WARNING: [Project 1-312] File not found as 'C:/Users/21186/Desktop/verify/dual-issue/src/BTFN_if2_predict/ALU.sv'; using path 'C:/Users/21186/Desktop/verify/pipeline6_if2_predict/src/BTFN_if2_predict/ALU.sv' instead.
WARNING: [Project 1-312] File not found as 'C:/Users/21186/Desktop/verify/dual-issue/src/BTFN_if2_predict/Branch.sv'; using path 'C:/Users/21186/Desktop/verify/pipeline6_if2_predict/src/BTFN_if2_predict/Branch.sv' instead.
WARNING: [Project 1-312] File not found as 'C:/Users/21186/Desktop/verify/dual-issue/src/BTFN_if2_predict/config.sv'; using path 'C:/Users/21186/Desktop/verify/pipeline6_if2_predict/src/BTFN_if2_predict/config.sv' instead.
WARNING: [Project 1-312] File not found as 'C:/Users/21186/Desktop/verify/dual-issue/src/BTFN_if2_predict/Mux2_1.sv'; using path 'C:/Users/21186/Desktop/verify/pipeline6_if2_predict/src/BTFN_if2_predict/Mux2_1.sv' instead.
WARNING: [Project 1-312] File not found as 'C:/Users/21186/Desktop/verify/dual-issue/src/BTFN_if2_predict/Mux4_1.sv'; using path 'C:/Users/21186/Desktop/verify/pipeline6_if2_predict/src/BTFN_if2_predict/Mux4_1.sv' instead.
WARNING: [Project 1-312] File not found as 'C:/Users/21186/Desktop/verify/dual-issue/src/BTFN_if2_predict/NPC_Mux.sv'; using path 'C:/Users/21186/Desktop/verify/pipeline6_if2_predict/src/BTFN_if2_predict/NPC_Mux.sv' instead.
INFO: [IP_Flow 19-234] Refreshing IP repositories
INFO: [IP_Flow 19-1704] No user IP repositories specified
INFO: [IP_Flow 19-2313] Loaded Vivado IP repository 'D:/Xilinx/Vivado/2024.1/data/ip'.
open_project: Time (s): cpu = 00:00:14 ; elapsed = 00:00:07 . Memory (MB): peak = 2123.324 ; gain = 387.023
export_ip_user_files -of_objects  [get_files C:/Users/21186/Desktop/verify/FPGA/Genesys_riscv.xdc] -no_script -reset -force -quiet
remove_files  -fileset constrs_1 C:/Users/21186/Desktop/verify/FPGA/Genesys_riscv.xdc
set_property is_enabled false [get_files  C:/Users/21186/Desktop/verify/pipeline6_if2_predict/src/BTFN_if2_predict/myCPU.sv]
set_property is_enabled false [get_files  C:/Users/21186/Desktop/verify/pipeline6_if2_predict/src/BTFN_if2_predict/CPU.sv]
add_files -norecurse {C:/Users/21186/Desktop/verify/dual-issue/src/Issue1.sv C:/Users/21186/Desktop/verify/dual-issue/src/config.sv C:/Users/21186/Desktop/verify/dual-issue/src/Inst_Buffer.sv C:/Users/21186/Desktop/verify/dual-issue/src/CORE.sv C:/Users/21186/Desktop/verify/dual-issue/src/LSU.sv C:/Users/21186/Desktop/verify/dual-issue/src/RF.sv C:/Users/21186/Desktop/verify/dual-issue/src/ALU.sv C:/Users/21186/Desktop/verify/dual-issue/src/Decoder.sv C:/Users/21186/Desktop/verify/dual-issue/src/Fronted.sv C:/Users/21186/Desktop/verify/dual-issue/src/Decode.sv C:/Users/21186/Desktop/verify/dual-issue/src/Eexcute.sv C:/Users/21186/Desktop/verify/dual-issue/src/Fetch.sv}
export_ip_user_files -of_objects  [get_files C:/Users/21186/Desktop/verify/pipeline6_if2_predict/src/BTFN_if2_predict/config.sv] -no_script -reset -force -quiet
remove_files  C:/Users/21186/Desktop/verify/pipeline6_if2_predict/src/BTFN_if2_predict/config.sv
add_files -fileset constrs_1 -norecurse C:/Users/21186/Desktop/verify/dual-issue/Genesys_riscv.xdc
WARNING: [IP_Flow 19-4067] Ignoring invalid widget type specified checkbox.Providing a default widget
WARNING: [IP_Flow 19-4067] Ignoring invalid widget type specified checkbox.Providing a default widget
set_property CONFIG.Write_Width_A {64} [get_ips IROM]
generate_target all [get_files  C:/Users/21186/Desktop/verify/dual-issue/JYD2025_Contest-Template/digital_twin.srcs/sources_1/ip/IROM/IROM.xci]
INFO: [IP_Flow 19-1686] Generating 'Instantiation Template' target for IP 'IROM'...
INFO: [IP_Flow 19-1686] Generating 'Synthesis' target for IP 'IROM'...
INFO: [IP_Flow 19-1686] Generating 'Simulation' target for IP 'IROM'...
INFO: [IP_Flow 19-1686] Generating 'Miscellaneous' target for IP 'IROM'...
INFO: [IP_Flow 19-1686] Generating 'Change Log' target for IP 'IROM'...
catch { config_ip_cache -export [get_ips -all IROM] }
INFO: [IP_Flow 19-6924] IPCACHE: Running cache check for IP inst: IROM
export_ip_user_files -of_objects [get_files C:/Users/21186/Desktop/verify/dual-issue/JYD2025_Contest-Template/digital_twin.srcs/sources_1/ip/IROM/IROM.xci] -no_script -sync -force -quiet
reset_run IROM_synth_1
WARNING: [Vivado 12-1017] Problems encountered:
1. Failed to delete one or more files in run directory C:/Users/21186/Desktop/verify/dual-issue/JYD2025_Contest-Template/digital_twin.runs/IROM_synth_1

launch_runs IROM_synth_1 -jobs 16
INFO: [IP_Flow 19-6924] IPCACHE: Running cache check for IP inst: IROM
[Tue Mar 17 10:12:26 2026] Launched IROM_synth_1...
Run output will be captured here: C:/Users/21186/Desktop/verify/dual-issue/JYD2025_Contest-Template/digital_twin.runs/IROM_synth_1/runme.log
export_simulation -of_objects [get_files C:/Users/21186/Desktop/verify/dual-issue/JYD2025_Contest-Template/digital_twin.srcs/sources_1/ip/IROM/IROM.xci] -directory C:/Users/21186/Desktop/verify/dual-issue/JYD2025_Contest-Template/digital_twin.ip_user_files/sim_scripts -ip_user_files_dir C:/Users/21186/Desktop/verify/dual-issue/JYD2025_Contest-Template/digital_twin.ip_user_files -ipstatic_source_dir C:/Users/21186/Desktop/verify/dual-issue/JYD2025_Contest-Template/digital_twin.ip_user_files/ipstatic -lib_map_path [list {modelsim=C:/Users/21186/Desktop/verify/dual-issue/JYD2025_Contest-Template/digital_twin.cache/compile_simlib/modelsim} {questa=C:/Users/21186/Desktop/verify/dual-issue/JYD2025_Contest-Template/digital_twin.cache/compile_simlib/questa} {riviera=C:/Users/21186/Desktop/verify/dual-issue/JYD2025_Contest-Template/digital_twin.cache/compile_simlib/riviera} {activehdl=C:/Users/21186/Desktop/verify/dual-issue/JYD2025_Contest-Template/digital_twin.cache/compile_simlib/activehdl}] -use_ip_compiled_libs -force -quiet
export_ip_user_files -of_objects  [get_files C:/Users/21186/Desktop/verify/dual-issue/JYD2025_Contest-Template/digital_twin.srcs/sim_1/new/tb_trace.sv] -no_script -reset -force -quiet
remove_files  -fileset sim_1 C:/Users/21186/Desktop/verify/dual-issue/JYD2025_Contest-Template/digital_twin.srcs/sim_1/new/tb_trace.sv
set_property SOURCE_SET sources_1 [get_filesets sim_1]
add_files -fileset sim_1 -norecurse C:/Users/21186/Desktop/verify/dual-issue/tb_trace.sv
WARNING: [IP_Flow 19-4067] Ignoring invalid widget type specified checkbox.Providing a default widget
WARNING: [IP_Flow 19-4067] Ignoring invalid widget type specified checkbox.Providing a default widget
INFO: [IP_Flow 19-3484] Absolute path of file 'c:/Users/21186/Desktop/verify/dual-issue/coe/irom2.coe' provided. It will be converted relative to IP Instance files '../../../../../coe/irom2.coe'
set_property CONFIG.Coe_File {C:/Users/21186/Desktop/verify/dual-issue/coe/irom2.coe} [get_ips IROM]
INFO: [IP_Flow 19-3484] Absolute path of file 'c:/Users/21186/Desktop/verify/dual-issue/coe/irom2.coe' provided. It will be converted relative to IP Instance files '../../../../../coe/irom2.coe'
generate_target all [get_files  C:/Users/21186/Desktop/verify/dual-issue/JYD2025_Contest-Template/digital_twin.srcs/sources_1/ip/IROM/IROM.xci]
INFO: [IP_Flow 19-1686] Generating 'Instantiation Template' target for IP 'IROM'...
INFO: [IP_Flow 19-1686] Generating 'Synthesis' target for IP 'IROM'...
INFO: [IP_Flow 19-1686] Generating 'Simulation' target for IP 'IROM'...
INFO: [IP_Flow 19-1686] Generating 'Miscellaneous' target for IP 'IROM'...
INFO: [IP_Flow 19-1686] Generating 'Change Log' target for IP 'IROM'...
catch { config_ip_cache -export [get_ips -all IROM] }
INFO: [IP_Flow 19-6924] IPCACHE: Running cache check for IP inst: IROM
export_ip_user_files -of_objects [get_files C:/Users/21186/Desktop/verify/dual-issue/JYD2025_Contest-Template/digital_twin.srcs/sources_1/ip/IROM/IROM.xci] -no_script -sync -force -quiet
reset_run IROM_synth_1
launch_runs IROM_synth_1 -jobs 16
INFO: [IP_Flow 19-6924] IPCACHE: Running cache check for IP inst: IROM
[Tue Mar 17 10:31:33 2026] Launched IROM_synth_1...
Run output will be captured here: C:/Users/21186/Desktop/verify/dual-issue/JYD2025_Contest-Template/digital_twin.runs/IROM_synth_1/runme.log
export_simulation -of_objects [get_files C:/Users/21186/Desktop/verify/dual-issue/JYD2025_Contest-Template/digital_twin.srcs/sources_1/ip/IROM/IROM.xci] -directory C:/Users/21186/Desktop/verify/dual-issue/JYD2025_Contest-Template/digital_twin.ip_user_files/sim_scripts -ip_user_files_dir C:/Users/21186/Desktop/verify/dual-issue/JYD2025_Contest-Template/digital_twin.ip_user_files -ipstatic_source_dir C:/Users/21186/Desktop/verify/dual-issue/JYD2025_Contest-Template/digital_twin.ip_user_files/ipstatic -lib_map_path [list {modelsim=C:/Users/21186/Desktop/verify/dual-issue/JYD2025_Contest-Template/digital_twin.cache/compile_simlib/modelsim} {questa=C:/Users/21186/Desktop/verify/dual-issue/JYD2025_Contest-Template/digital_twin.cache/compile_simlib/questa} {riviera=C:/Users/21186/Desktop/verify/dual-issue/JYD2025_Contest-Template/digital_twin.cache/compile_simlib/riviera} {activehdl=C:/Users/21186/Desktop/verify/dual-issue/JYD2025_Contest-Template/digital_twin.cache/compile_simlib/activehdl}] -use_ip_compiled_libs -force -quiet
reset_target all [get_files  C:/Users/21186/Desktop/verify/dual-issue/JYD2025_Contest-Template/digital_twin.srcs/sources_1/ip/IROM/IROM.xci]
export_ip_user_files -of_objects  [get_files  C:/Users/21186/Desktop/verify/dual-issue/JYD2025_Contest-Template/digital_twin.srcs/sources_1/ip/IROM/IROM.xci] -sync -no_script -force -quiet
delete_ip_run [get_files -of_objects [get_fileset IROM] C:/Users/21186/Desktop/verify/dual-issue/JYD2025_Contest-Template/digital_twin.srcs/sources_1/ip/IROM/IROM.xci]
WARNING: [Vivado 12-1017] Problems encountered:
1. Failed to delete one or more files in run directory C:/Users/21186/Desktop/verify/dual-issue/JYD2025_Contest-Template/digital_twin.runs/IROM_synth_1

INFO: [Project 1-386] Moving file 'C:/Users/21186/Desktop/verify/dual-issue/JYD2025_Contest-Template/digital_twin.srcs/sources_1/ip/IROM/IROM.xci' from fileset 'IROM' to fileset 'sources_1'.
generate_target all [get_files  C:/Users/21186/Desktop/verify/dual-issue/JYD2025_Contest-Template/digital_twin.srcs/sources_1/ip/IROM/IROM.xci]
INFO: [IP_Flow 19-1686] Generating 'Instantiation Template' target for IP 'IROM'...
INFO: [IP_Flow 19-1686] Generating 'Synthesis' target for IP 'IROM'...
INFO: [IP_Flow 19-1686] Generating 'Simulation' target for IP 'IROM'...
INFO: [IP_Flow 19-1686] Generating 'Miscellaneous' target for IP 'IROM'...
INFO: [IP_Flow 19-1686] Generating 'Change Log' target for IP 'IROM'...
catch { config_ip_cache -export [get_ips -all IROM] }
INFO: [IP_Flow 19-6924] IPCACHE: Running cache check for IP inst: IROM
export_ip_user_files -of_objects [get_files C:/Users/21186/Desktop/verify/dual-issue/JYD2025_Contest-Template/digital_twin.srcs/sources_1/ip/IROM/IROM.xci] -no_script -sync -force -quiet
create_ip_run [get_files -of_objects [get_fileset sources_1] C:/Users/21186/Desktop/verify/dual-issue/JYD2025_Contest-Template/digital_twin.srcs/sources_1/ip/IROM/IROM.xci]
launch_runs IROM_synth_1 -jobs 16
INFO: [IP_Flow 19-6924] IPCACHE: Running cache check for IP inst: IROM
[Tue Mar 17 10:31:48 2026] Launched IROM_synth_1...
Run output will be captured here: C:/Users/21186/Desktop/verify/dual-issue/JYD2025_Contest-Template/digital_twin.runs/IROM_synth_1/runme.log
export_simulation -of_objects [get_files C:/Users/21186/Desktop/verify/dual-issue/JYD2025_Contest-Template/digital_twin.srcs/sources_1/ip/IROM/IROM.xci] -directory C:/Users/21186/Desktop/verify/dual-issue/JYD2025_Contest-Template/digital_twin.ip_user_files/sim_scripts -ip_user_files_dir C:/Users/21186/Desktop/verify/dual-issue/JYD2025_Contest-Template/digital_twin.ip_user_files -ipstatic_source_dir C:/Users/21186/Desktop/verify/dual-issue/JYD2025_Contest-Template/digital_twin.ip_user_files/ipstatic -lib_map_path [list {modelsim=C:/Users/21186/Desktop/verify/dual-issue/JYD2025_Contest-Template/digital_twin.cache/compile_simlib/modelsim} {questa=C:/Users/21186/Desktop/verify/dual-issue/JYD2025_Contest-Template/digital_twin.cache/compile_simlib/questa} {riviera=C:/Users/21186/Desktop/verify/dual-issue/JYD2025_Contest-Template/digital_twin.cache/compile_simlib/riviera} {activehdl=C:/Users/21186/Desktop/verify/dual-issue/JYD2025_Contest-Template/digital_twin.cache/compile_simlib/activehdl}] -use_ip_compiled_libs -force -quiet
INFO: [Device 21-403] Loading part xc7k325tffg900-2
INFO: [Device 21-9227] Part: xc7k325tffg900-2 does not have CEAM library.
set_property -dict [list \
  CONFIG.CLKOUT2_JITTER {136.686} \
  CONFIG.CLKOUT2_REQUESTED_OUT_FREQ {100} \
  CONFIG.MMCM_CLKOUT1_DIVIDE {9} \
] [get_ips pll]
generate_target all [get_files  C:/Users/21186/Desktop/verify/dual-issue/JYD2025_Contest-Template/digital_twin.srcs/sources_1/ip/pll_1/pll.xci]
INFO: [IP_Flow 19-1686] Generating 'Instantiation Template' target for IP 'pll'...
INFO: [IP_Flow 19-1686] Generating 'Synthesis' target for IP 'pll'...
INFO: [IP_Flow 19-1686] Generating 'Simulation' target for IP 'pll'...
INFO: [IP_Flow 19-1686] Generating 'Implementation' target for IP 'pll'...
INFO: [IP_Flow 19-1686] Generating 'Change Log' target for IP 'pll'...
catch { config_ip_cache -export [get_ips -all pll] }
INFO: [IP_Flow 19-6924] IPCACHE: Running cache check for IP inst: pll
INFO: [IP_Flow 19-6922] IPCACHE: Exporting cached entry 999b4e4b33287482 to dir: c:/Users/21186/Desktop/verify/dual-issue/JYD2025_Contest-Template/digital_twin.gen/sources_1/ip/pll
INFO: [IP_Flow 19-6928] IPCACHE: copied cached file c:/Users/21186/Desktop/verify/dual-issue/JYD2025_Contest-Template/digital_twin.cache/ip/2024.1/9/9/999b4e4b33287482/pll.dcp to c:/Users/21186/Desktop/verify/dual-issue/JYD2025_Contest-Template/digital_twin.gen/sources_1/ip/pll/pll.dcp.
INFO: [IP_Flow 19-6926] IPCACHE: added file to list for BOM: c:/Users/21186/Desktop/verify/dual-issue/JYD2025_Contest-Template/digital_twin.gen/sources_1/ip/pll/pll.dcp
INFO: [IP_Flow 19-6928] IPCACHE: copied cached file c:/Users/21186/Desktop/verify/dual-issue/JYD2025_Contest-Template/digital_twin.cache/ip/2024.1/9/9/999b4e4b33287482/pll_sim_netlist.v to c:/Users/21186/Desktop/verify/dual-issue/JYD2025_Contest-Template/digital_twin.gen/sources_1/ip/pll/pll_sim_netlist.v.
INFO: [IP_Flow 19-6926] IPCACHE: added file to list for BOM: c:/Users/21186/Desktop/verify/dual-issue/JYD2025_Contest-Template/digital_twin.gen/sources_1/ip/pll/pll_sim_netlist.v
INFO: [IP_Flow 19-6928] IPCACHE: copied cached file c:/Users/21186/Desktop/verify/dual-issue/JYD2025_Contest-Template/digital_twin.cache/ip/2024.1/9/9/999b4e4b33287482/pll_sim_netlist.vhdl to c:/Users/21186/Desktop/verify/dual-issue/JYD2025_Contest-Template/digital_twin.gen/sources_1/ip/pll/pll_sim_netlist.vhdl.
INFO: [IP_Flow 19-6926] IPCACHE: added file to list for BOM: c:/Users/21186/Desktop/verify/dual-issue/JYD2025_Contest-Template/digital_twin.gen/sources_1/ip/pll/pll_sim_netlist.vhdl
INFO: [IP_Flow 19-6928] IPCACHE: copied cached file c:/Users/21186/Desktop/verify/dual-issue/JYD2025_Contest-Template/digital_twin.cache/ip/2024.1/9/9/999b4e4b33287482/pll_stub.v to c:/Users/21186/Desktop/verify/dual-issue/JYD2025_Contest-Template/digital_twin.gen/sources_1/ip/pll/pll_stub.v.
INFO: [IP_Flow 19-6926] IPCACHE: added file to list for BOM: c:/Users/21186/Desktop/verify/dual-issue/JYD2025_Contest-Template/digital_twin.gen/sources_1/ip/pll/pll_stub.v
INFO: [IP_Flow 19-6928] IPCACHE: copied cached file c:/Users/21186/Desktop/verify/dual-issue/JYD2025_Contest-Template/digital_twin.cache/ip/2024.1/9/9/999b4e4b33287482/pll_stub.vhdl to c:/Users/21186/Desktop/verify/dual-issue/JYD2025_Contest-Template/digital_twin.gen/sources_1/ip/pll/pll_stub.vhdl.
INFO: [IP_Flow 19-6926] IPCACHE: added file to list for BOM: c:/Users/21186/Desktop/verify/dual-issue/JYD2025_Contest-Template/digital_twin.gen/sources_1/ip/pll/pll_stub.vhdl
INFO: [IP_Flow 19-4993] Using cached IP synthesis design for IP pll, cache-ID = 999b4e4b33287482; cache size = 5.651 MB.
export_ip_user_files -of_objects [get_files C:/Users/21186/Desktop/verify/dual-issue/JYD2025_Contest-Template/digital_twin.srcs/sources_1/ip/pll_1/pll.xci] -no_script -sync -force -quiet
create_ip_run [get_files -of_objects [get_fileset sources_1] C:/Users/21186/Desktop/verify/dual-issue/JYD2025_Contest-Template/digital_twin.srcs/sources_1/ip/pll_1/pll.xci]
INFO: [Vivado 12-3453] The given sub-design is up-to-date, no action was taken.  If a run is still desired, use the '-force' option for the file:'C:/Users/21186/Desktop/verify/dual-issue/JYD2025_Contest-Template/digital_twin.srcs/sources_1/ip/pll_1/pll.xci'
export_simulation -of_objects [get_files C:/Users/21186/Desktop/verify/dual-issue/JYD2025_Contest-Template/digital_twin.srcs/sources_1/ip/pll_1/pll.xci] -directory C:/Users/21186/Desktop/verify/dual-issue/JYD2025_Contest-Template/digital_twin.ip_user_files/sim_scripts -ip_user_files_dir C:/Users/21186/Desktop/verify/dual-issue/JYD2025_Contest-Template/digital_twin.ip_user_files -ipstatic_source_dir C:/Users/21186/Desktop/verify/dual-issue/JYD2025_Contest-Template/digital_twin.ip_user_files/ipstatic -lib_map_path [list {modelsim=C:/Users/21186/Desktop/verify/dual-issue/JYD2025_Contest-Template/digital_twin.cache/compile_simlib/modelsim} {questa=C:/Users/21186/Desktop/verify/dual-issue/JYD2025_Contest-Template/digital_twin.cache/compile_simlib/questa} {riviera=C:/Users/21186/Desktop/verify/dual-issue/JYD2025_Contest-Template/digital_twin.cache/compile_simlib/riviera} {activehdl=C:/Users/21186/Desktop/verify/dual-issue/JYD2025_Contest-Template/digital_twin.cache/compile_simlib/activehdl}] -use_ip_compiled_libs -force -quiet
reset_target all [get_files  C:/Users/21186/Desktop/verify/dual-issue/JYD2025_Contest-Template/digital_twin.srcs/sources_1/ip/pll_1/pll.xci]
export_ip_user_files -of_objects  [get_files  C:/Users/21186/Desktop/verify/dual-issue/JYD2025_Contest-Template/digital_twin.srcs/sources_1/ip/pll_1/pll.xci] -sync -no_script -force -quiet
generate_target all [get_files  C:/Users/21186/Desktop/verify/dual-issue/JYD2025_Contest-Template/digital_twin.srcs/sources_1/ip/pll_1/pll.xci]
INFO: [IP_Flow 19-1686] Generating 'Instantiation Template' target for IP 'pll'...
INFO: [IP_Flow 19-1686] Generating 'Synthesis' target for IP 'pll'...
INFO: [IP_Flow 19-1686] Generating 'Simulation' target for IP 'pll'...
INFO: [IP_Flow 19-1686] Generating 'Implementation' target for IP 'pll'...
INFO: [IP_Flow 19-1686] Generating 'Change Log' target for IP 'pll'...
catch { config_ip_cache -export [get_ips -all pll] }
INFO: [IP_Flow 19-6924] IPCACHE: Running cache check for IP inst: pll
INFO: [IP_Flow 19-6922] IPCACHE: Exporting cached entry 999b4e4b33287482 to dir: c:/Users/21186/Desktop/verify/dual-issue/JYD2025_Contest-Template/digital_twin.gen/sources_1/ip/pll
INFO: [IP_Flow 19-6928] IPCACHE: copied cached file c:/Users/21186/Desktop/verify/dual-issue/JYD2025_Contest-Template/digital_twin.cache/ip/2024.1/9/9/999b4e4b33287482/pll.dcp to c:/Users/21186/Desktop/verify/dual-issue/JYD2025_Contest-Template/digital_twin.gen/sources_1/ip/pll/pll.dcp.
INFO: [IP_Flow 19-6926] IPCACHE: added file to list for BOM: c:/Users/21186/Desktop/verify/dual-issue/JYD2025_Contest-Template/digital_twin.gen/sources_1/ip/pll/pll.dcp
INFO: [IP_Flow 19-6928] IPCACHE: copied cached file c:/Users/21186/Desktop/verify/dual-issue/JYD2025_Contest-Template/digital_twin.cache/ip/2024.1/9/9/999b4e4b33287482/pll_sim_netlist.v to c:/Users/21186/Desktop/verify/dual-issue/JYD2025_Contest-Template/digital_twin.gen/sources_1/ip/pll/pll_sim_netlist.v.
INFO: [IP_Flow 19-6926] IPCACHE: added file to list for BOM: c:/Users/21186/Desktop/verify/dual-issue/JYD2025_Contest-Template/digital_twin.gen/sources_1/ip/pll/pll_sim_netlist.v
INFO: [IP_Flow 19-6928] IPCACHE: copied cached file c:/Users/21186/Desktop/verify/dual-issue/JYD2025_Contest-Template/digital_twin.cache/ip/2024.1/9/9/999b4e4b33287482/pll_sim_netlist.vhdl to c:/Users/21186/Desktop/verify/dual-issue/JYD2025_Contest-Template/digital_twin.gen/sources_1/ip/pll/pll_sim_netlist.vhdl.
INFO: [IP_Flow 19-6926] IPCACHE: added file to list for BOM: c:/Users/21186/Desktop/verify/dual-issue/JYD2025_Contest-Template/digital_twin.gen/sources_1/ip/pll/pll_sim_netlist.vhdl
INFO: [IP_Flow 19-6928] IPCACHE: copied cached file c:/Users/21186/Desktop/verify/dual-issue/JYD2025_Contest-Template/digital_twin.cache/ip/2024.1/9/9/999b4e4b33287482/pll_stub.v to c:/Users/21186/Desktop/verify/dual-issue/JYD2025_Contest-Template/digital_twin.gen/sources_1/ip/pll/pll_stub.v.
INFO: [IP_Flow 19-6926] IPCACHE: added file to list for BOM: c:/Users/21186/Desktop/verify/dual-issue/JYD2025_Contest-Template/digital_twin.gen/sources_1/ip/pll/pll_stub.v
INFO: [IP_Flow 19-6928] IPCACHE: copied cached file c:/Users/21186/Desktop/verify/dual-issue/JYD2025_Contest-Template/digital_twin.cache/ip/2024.1/9/9/999b4e4b33287482/pll_stub.vhdl to c:/Users/21186/Desktop/verify/dual-issue/JYD2025_Contest-Template/digital_twin.gen/sources_1/ip/pll/pll_stub.vhdl.
INFO: [IP_Flow 19-6926] IPCACHE: added file to list for BOM: c:/Users/21186/Desktop/verify/dual-issue/JYD2025_Contest-Template/digital_twin.gen/sources_1/ip/pll/pll_stub.vhdl
INFO: [IP_Flow 19-4993] Using cached IP synthesis design for IP pll, cache-ID = 999b4e4b33287482; cache size = 5.651 MB.
export_ip_user_files -of_objects [get_files C:/Users/21186/Desktop/verify/dual-issue/JYD2025_Contest-Template/digital_twin.srcs/sources_1/ip/pll_1/pll.xci] -no_script -sync -force -quiet
create_ip_run [get_files -of_objects [get_fileset sources_1] C:/Users/21186/Desktop/verify/dual-issue/JYD2025_Contest-Template/digital_twin.srcs/sources_1/ip/pll_1/pll.xci]
INFO: [Vivado 12-3453] The given sub-design is up-to-date, no action was taken.  If a run is still desired, use the '-force' option for the file:'C:/Users/21186/Desktop/verify/dual-issue/JYD2025_Contest-Template/digital_twin.srcs/sources_1/ip/pll_1/pll.xci'
export_simulation -of_objects [get_files C:/Users/21186/Desktop/verify/dual-issue/JYD2025_Contest-Template/digital_twin.srcs/sources_1/ip/pll_1/pll.xci] -directory C:/Users/21186/Desktop/verify/dual-issue/JYD2025_Contest-Template/digital_twin.ip_user_files/sim_scripts -ip_user_files_dir C:/Users/21186/Desktop/verify/dual-issue/JYD2025_Contest-Template/digital_twin.ip_user_files -ipstatic_source_dir C:/Users/21186/Desktop/verify/dual-issue/JYD2025_Contest-Template/digital_twin.ip_user_files/ipstatic -lib_map_path [list {modelsim=C:/Users/21186/Desktop/verify/dual-issue/JYD2025_Contest-Template/digital_twin.cache/compile_simlib/modelsim} {questa=C:/Users/21186/Desktop/verify/dual-issue/JYD2025_Contest-Template/digital_twin.cache/compile_simlib/questa} {riviera=C:/Users/21186/Desktop/verify/dual-issue/JYD2025_Contest-Template/digital_twin.cache/compile_simlib/riviera} {activehdl=C:/Users/21186/Desktop/verify/dual-issue/JYD2025_Contest-Template/digital_twin.cache/compile_simlib/activehdl}] -use_ip_compiled_libs -force -quiet
launch_simulation
Command: launch_simulation 
INFO: [Vivado 12-12493] Simulation top is 'tb_trace'
WARNING: [Vivado 12-13340] Unable to auto find GCC executables from simulator install path! (path not set)
INFO: [Vivado 12-5698] Checking validity of IPs in the design for the 'XSim' simulator...
INFO: [Vivado 12-5682] Launching behavioral simulation in 'C:/Users/21186/Desktop/verify/dual-issue/JYD2025_Contest-Template/digital_twin.sim/sim_1/behav/xsim'
INFO: [Vivado 12-13660] Precompiled IP simulation library mode is enabled (default). The design IP libraries will be referenced from the compiled library path. Please note that if the precompiled version of the library is not found from the path or the IP is in locked state, then the library source files for these IPs will be compiled locally as part of the compile order.
INFO: [Vivado 12-4795] Using compiled simulation libraries for IPs
INFO: [SIM-utils-51] Simulation object is 'sim_1'
INFO: [SIM-utils-72] Using boost library from 'D:/Xilinx/Vivado/2024.1/tps/boost_1_72_0'
INFO: [USF-XSim-7] Finding pre-compiled libraries...
INFO: [USF-XSim-11] File 'D:/Xilinx/Vivado/2024.1/data/xsim/xsim.ini' copied to run dir:'C:/Users/21186/Desktop/verify/dual-issue/JYD2025_Contest-Template/digital_twin.sim/sim_1/behav/xsim'
INFO: [SIM-utils-54] Inspecting design source files for 'tb_trace' in fileset 'sim_1'...
INFO: [SIM-utils-43] Exported 'C:/Users/21186/Desktop/verify/dual-issue/JYD2025_Contest-Template/digital_twin.sim/sim_1/behav/xsim/DRAM.mif'
INFO: [SIM-utils-43] Exported 'C:/Users/21186/Desktop/verify/dual-issue/JYD2025_Contest-Template/digital_twin.sim/sim_1/behav/xsim/dram.coe'
INFO: [SIM-utils-43] Exported 'C:/Users/21186/Desktop/verify/dual-issue/JYD2025_Contest-Template/digital_twin.sim/sim_1/behav/xsim/irom2.coe'
INFO: [SIM-utils-43] Exported 'C:/Users/21186/Desktop/verify/dual-issue/JYD2025_Contest-Template/digital_twin.sim/sim_1/behav/xsim/IROM.mif'
INFO: [SIM-utils-43] Exported 'C:/Users/21186/Desktop/verify/dual-issue/JYD2025_Contest-Template/digital_twin.sim/sim_1/behav/xsim/irom10000.coe'
INFO: [USF-XSim-97] Finding global include files...
INFO: [USF-XSim-100] Fetching design files from 'sources_1'...(this may take a while)...
INFO: [USF-XSim-101] Fetching design files from 'sim_1'...
INFO: [USF-XSim-2] XSim::Compile design
INFO: [USF-XSim-61] Executing 'COMPILE and ANALYZE' step in 'C:/Users/21186/Desktop/verify/dual-issue/JYD2025_Contest-Template/digital_twin.sim/sim_1/behav/xsim'
"xvlog --incr --relax -L uvm -prj tb_trace_vlog.prj"
INFO: [VRFC 10-2263] Analyzing Verilog file "C:/Users/21186/Desktop/verify/dual-issue/JYD2025_Contest-Template/digital_twin.gen/sources_1/ip/IROM/sim/IROM.v" into library xil_defaultlib
INFO: [VRFC 10-311] analyzing module IROM
INFO: [VRFC 10-2263] Analyzing SystemVerilog file "C:/Users/21186/Desktop/verify/dual-issue/JYD2025_Contest-Template/digital_twin.srcs/sources_1/new/counter.sv" into library xil_defaultlib
INFO: [VRFC 10-311] analyzing module counter
INFO: [VRFC 10-2263] Analyzing SystemVerilog file "C:/Users/21186/Desktop/verify/dual-issue/JYD2025_Contest-Template/digital_twin.srcs/sources_1/new/display_seg.sv" into library xil_defaultlib
INFO: [VRFC 10-311] analyzing module display_seg
INFO: [VRFC 10-2263] Analyzing SystemVerilog file "C:/Users/21186/Desktop/verify/dual-issue/JYD2025_Contest-Template/digital_twin.srcs/sources_1/new/dram_driver.sv" into library xil_defaultlib
INFO: [VRFC 10-311] analyzing module dram_driver
INFO: [VRFC 10-2263] Analyzing SystemVerilog file "C:/Users/21186/Desktop/verify/dual-issue/JYD2025_Contest-Template/digital_twin.srcs/sources_1/new/perip_bridge.sv" into library xil_defaultlib
INFO: [VRFC 10-311] analyzing module perip_bridge
INFO: [VRFC 10-2263] Analyzing SystemVerilog file "C:/Users/21186/Desktop/verify/dual-issue/JYD2025_Contest-Template/digital_twin.srcs/sources_1/new/seg7.sv" into library xil_defaultlib
INFO: [VRFC 10-311] analyzing module seg7
INFO: [VRFC 10-2263] Analyzing SystemVerilog file "C:/Users/21186/Desktop/verify/dual-issue/JYD2025_Contest-Template/digital_twin.srcs/sources_1/new/student_top.sv" into library xil_defaultlib
INFO: [VRFC 10-311] analyzing module student_top
INFO: [VRFC 10-2263] Analyzing SystemVerilog file "C:/Users/21186/Desktop/verify/dual-issue/JYD2025_Contest-Template/digital_twin.srcs/sources_1/new/twin_controller.sv" into library xil_defaultlib
INFO: [VRFC 10-311] analyzing module twin_controller
INFO: [VRFC 10-2263] Analyzing SystemVerilog file "C:/Users/21186/Desktop/verify/dual-issue/JYD2025_Contest-Template/digital_twin.srcs/sources_1/new/uart.sv" into library xil_defaultlib
INFO: [VRFC 10-311] analyzing module uart
INFO: [VRFC 10-2263] Analyzing SystemVerilog file "C:/Users/21186/Desktop/verify/dual-issue/JYD2025_Contest-Template/digital_twin.srcs/sources_1/new/top.sv" into library xil_defaultlib
INFO: [VRFC 10-311] analyzing module top
INFO: [VRFC 10-2263] Analyzing Verilog file "C:/Users/21186/Desktop/verify/dual-issue/JYD2025_Contest-Template/digital_twin.gen/sources_1/ip/DRAM/sim/DRAM.v" into library xil_defaultlib
INFO: [VRFC 10-311] analyzing module DRAM
INFO: [VRFC 10-2263] Analyzing Verilog file "C:/Users/21186/Desktop/verify/dual-issue/JYD2025_Contest-Template/digital_twin.gen/sources_1/ip/pll/pll_clk_wiz.v" into library xil_defaultlib
INFO: [VRFC 10-311] analyzing module pll_clk_wiz
INFO: [VRFC 10-2263] Analyzing Verilog file "C:/Users/21186/Desktop/verify/dual-issue/JYD2025_Contest-Template/digital_twin.gen/sources_1/ip/pll/pll.v" into library xil_defaultlib
INFO: [VRFC 10-311] analyzing module pll
INFO: [VRFC 10-2263] Analyzing SystemVerilog file "C:/Users/21186/Desktop/verify/dual-issue/src/Issue1.sv" into library xil_defaultlib
INFO: [VRFC 10-311] analyzing module Issue
INFO: [VRFC 10-2263] Analyzing SystemVerilog file "C:/Users/21186/Desktop/verify/dual-issue/src/config.sv" into library xil_defaultlib
INFO: [VRFC 10-2263] Analyzing SystemVerilog file "C:/Users/21186/Desktop/verify/dual-issue/src/Inst_Buffer.sv" into library xil_defaultlib
INFO: [VRFC 10-311] analyzing module Inst_Buffer
INFO: [VRFC 10-2263] Analyzing SystemVerilog file "C:/Users/21186/Desktop/verify/dual-issue/src/CORE.sv" into library xil_defaultlib
INFO: [VRFC 10-311] analyzing module CORE
INFO: [VRFC 10-2263] Analyzing SystemVerilog file "C:/Users/21186/Desktop/verify/dual-issue/src/LSU.sv" into library xil_defaultlib
INFO: [VRFC 10-311] analyzing module LSU
INFO: [VRFC 10-2263] Analyzing SystemVerilog file "C:/Users/21186/Desktop/verify/dual-issue/src/RF.sv" into library xil_defaultlib
INFO: [VRFC 10-311] analyzing module RF
INFO: [VRFC 10-2263] Analyzing SystemVerilog file "C:/Users/21186/Desktop/verify/dual-issue/src/ALU.sv" into library xil_defaultlib
INFO: [VRFC 10-311] analyzing module ALU
INFO: [VRFC 10-2263] Analyzing SystemVerilog file "C:/Users/21186/Desktop/verify/dual-issue/src/Decoder.sv" into library xil_defaultlib
INFO: [VRFC 10-311] analyzing module Decoder
INFO: [VRFC 10-2263] Analyzing SystemVerilog file "C:/Users/21186/Desktop/verify/dual-issue/src/Fronted.sv" into library xil_defaultlib
INFO: [VRFC 10-311] analyzing module Fronted
INFO: [VRFC 10-2263] Analyzing SystemVerilog file "C:/Users/21186/Desktop/verify/dual-issue/src/Decode.sv" into library xil_defaultlib
INFO: [VRFC 10-311] analyzing module Decode
INFO: [VRFC 10-2263] Analyzing SystemVerilog file "C:/Users/21186/Desktop/verify/dual-issue/src/Eexcute.sv" into library xil_defaultlib
INFO: [VRFC 10-311] analyzing module Eexcute
INFO: [VRFC 10-2263] Analyzing SystemVerilog file "C:/Users/21186/Desktop/verify/dual-issue/src/Fetch.sv" into library xil_defaultlib
INFO: [VRFC 10-311] analyzing module Fetch
INFO: [VRFC 10-2263] Analyzing SystemVerilog file "C:/Users/21186/Desktop/verify/dual-issue/tb_trace.sv" into library xil_defaultlib
INFO: [VRFC 10-311] analyzing module tb_trace
INFO: [VRFC 10-2263] Analyzing Verilog file "C:/Users/21186/Desktop/verify/dual-issue/JYD2025_Contest-Template/digital_twin.sim/sim_1/behav/xsim/glbl.v" into library xil_defaultlib
INFO: [VRFC 10-311] analyzing module glbl
INFO: [USF-XSim-69] 'compile' step finished in '3' seconds
INFO: [USF-XSim-3] XSim::Elaborate design
INFO: [USF-XSim-61] Executing 'ELABORATE' step in 'C:/Users/21186/Desktop/verify/dual-issue/JYD2025_Contest-Template/digital_twin.sim/sim_1/behav/xsim'
"xelab --incr --debug typical --relax --mt 16 -L xil_defaultlib -L blk_mem_gen_v8_4_8 -L uvm -L unisims_ver -L unimacro_ver -L secureip -L xpm --snapshot tb_trace_behav xil_defaultlib.tb_trace xil_defaultlib.glbl -log elaborate.log"
Vivado Simulator v2024.1
Copyright 1986-2022 Xilinx, Inc. All Rights Reserved.
Copyright 2022-2024 Advanced Micro Devices, Inc. All Rights Reserved.
Running: D:/Xilinx/Vivado/2024.1/bin/unwrapped/win64.o/xelab.exe --incr --debug typical --relax --mt 16 -L xil_defaultlib -L blk_mem_gen_v8_4_8 -L uvm -L unisims_ver -L unimacro_ver -L secureip -L xpm --snapshot tb_trace_behav xil_defaultlib.tb_trace xil_defaultlib.glbl -log elaborate.log 
Using 16 slave threads.
Starting static elaboration
Pass Through NonSizing Optimizer
ERROR: [VRFC 10-3180] cannot find port 'bus_rdata' on this module [C:/Users/21186/Desktop/verify/dual-issue/JYD2025_Contest-Template/digital_twin.srcs/sources_1/new/student_top.sv:66]
ERROR: [VRFC 10-3180] cannot find port 'bus_wdata' on this module [C:/Users/21186/Desktop/verify/dual-issue/JYD2025_Contest-Template/digital_twin.srcs/sources_1/new/student_top.sv:65]
ERROR: [VRFC 10-3180] cannot find port 'bus_wen' on this module [C:/Users/21186/Desktop/verify/dual-issue/JYD2025_Contest-Template/digital_twin.srcs/sources_1/new/student_top.sv:64]
ERROR: [VRFC 10-3180] cannot find port 'bus_addr' on this module [C:/Users/21186/Desktop/verify/dual-issue/JYD2025_Contest-Template/digital_twin.srcs/sources_1/new/student_top.sv:63]
ERROR: [VRFC 10-8530] module 'PLLE2_ADV(CLKFBOUT_MULT=9,CLKIN1_PERIOD=5.0,CLKOUT0_DIVIDE=18,CLKOUT1_DIVIDE=9,DIVCLK_DIVIDE=2)' is ignored due to previous errors [/proj/rdi/data/CLs/5074560/data/verilog/src/unisims/PLLE2_ADV.v:49]
ERROR: [VRFC 10-8530] module 'Fronted(RESET_VAL=32'b10000000000000000000000000000000)' is ignored due to previous errors [C:/Users/21186/Desktop/verify/dual-issue/src/Fronted.sv:23]
ERROR: [VRFC 10-8530] module 'blk_mem_gen_v8_4_8(C_FAMILY="kintex7",C_XDEVICEFAMILY="kintex7",C_ELABORATION_DIR="./",C_AXI_TYPE=1,C_MEM_TYPE=3,C_PRIM_TYPE=1,C_LOAD_INIT_FILE=1,C_INIT_FILE_NAME="IROM.mif",C_INIT_FILE="IROM.mem",C_HAS_RSTA=1,C_INITA_VAL="80000000",C_WRITE_WIDTH_A=64,C_READ_WIDTH_A=64,C_WRITE_DEPTH_A=4096,C_READ_DEPTH_A=4096,C_ADDRA_WIDTH=12,C_INITB_VAL="0",C_HAS_ENB=0,C_WRITE_WIDTH_B=64,C_READ_WIDTH_B=64,C_WRITE_DEPTH_B=4096,C_READ_DEPTH_B=4096,C_ADDRB_WIDTH=12,C_SIM_COLLISION_CHECK="ALL",C_COMMON_CLK=0,C_EN_SAFETY_CKT=1,C_COUNT_36K_BRAM="7",C_COUNT_18K_BRAM="1",C_EST_POWER_SUMMARY="Estimated_Power_for_IP_____:_____17.578398_mW")' is ignored due to previous errors [/wrk/ci/prod/2024.1/sw/continuous/35389/packages/customer/vivado/data/ip/xilinx/blk_mem_gen_v8_4/simulation/blk_mem_gen_v8_4.v:3457]
ERROR: [VRFC 10-8530] module 'Fetch(RESET_VAL=32'b10000000000000000000000000000000)' is ignored due to previous errors [C:/Users/21186/Desktop/verify/dual-issue/src/Fetch.sv:3]
ERROR: [VRFC 10-8530] module 'Inst_Buffer_default' is ignored due to previous errors [C:/Users/21186/Desktop/verify/dual-issue/src/Inst_Buffer.sv:3]
ERROR: [XSIM 43-3322] Static elaboration of top level Verilog design unit(s) in library work failed.
INFO: [USF-XSim-69] 'elaborate' step finished in '2' seconds
INFO: [USF-XSim-99] Step results log file:'C:/Users/21186/Desktop/verify/dual-issue/JYD2025_Contest-Template/digital_twin.sim/sim_1/behav/xsim/elaborate.log'
ERROR: [USF-XSim-62] 'elaborate' step failed with error(s). Please check the Tcl console output or 'C:/Users/21186/Desktop/verify/dual-issue/JYD2025_Contest-Template/digital_twin.sim/sim_1/behav/xsim/elaborate.log' file for more information.
ERROR: [Vivado 12-4473] Detected error while running simulation. Please correct the issue and retry this operation.
ERROR: [Common 17-39] 'launch_simulation' failed due to earlier errors.
launch_simulation
Command: launch_simulation 
INFO: [Vivado 12-12493] Simulation top is 'tb_trace'
WARNING: [Vivado 12-13340] Unable to auto find GCC executables from simulator install path! (path not set)
INFO: [Vivado 12-5698] Checking validity of IPs in the design for the 'XSim' simulator...
INFO: [Vivado 12-5682] Launching behavioral simulation in 'C:/Users/21186/Desktop/verify/dual-issue/JYD2025_Contest-Template/digital_twin.sim/sim_1/behav/xsim'
INFO: [Vivado 12-13660] Precompiled IP simulation library mode is enabled (default). The design IP libraries will be referenced from the compiled library path. Please note that if the precompiled version of the library is not found from the path or the IP is in locked state, then the library source files for these IPs will be compiled locally as part of the compile order.
INFO: [Vivado 12-4795] Using compiled simulation libraries for IPs
INFO: [SIM-utils-51] Simulation object is 'sim_1'
INFO: [SIM-utils-72] Using boost library from 'D:/Xilinx/Vivado/2024.1/tps/boost_1_72_0'
INFO: [USF-XSim-7] Finding pre-compiled libraries...
INFO: [USF-XSim-11] File 'D:/Xilinx/Vivado/2024.1/data/xsim/xsim.ini' copied to run dir:'C:/Users/21186/Desktop/verify/dual-issue/JYD2025_Contest-Template/digital_twin.sim/sim_1/behav/xsim'
INFO: [SIM-utils-54] Inspecting design source files for 'tb_trace' in fileset 'sim_1'...
INFO: [SIM-utils-43] Exported 'C:/Users/21186/Desktop/verify/dual-issue/JYD2025_Contest-Template/digital_twin.sim/sim_1/behav/xsim/DRAM.mif'
INFO: [SIM-utils-43] Exported 'C:/Users/21186/Desktop/verify/dual-issue/JYD2025_Contest-Template/digital_twin.sim/sim_1/behav/xsim/dram.coe'
INFO: [SIM-utils-43] Exported 'C:/Users/21186/Desktop/verify/dual-issue/JYD2025_Contest-Template/digital_twin.sim/sim_1/behav/xsim/irom2.coe'
INFO: [SIM-utils-43] Exported 'C:/Users/21186/Desktop/verify/dual-issue/JYD2025_Contest-Template/digital_twin.sim/sim_1/behav/xsim/IROM.mif'
INFO: [SIM-utils-43] Exported 'C:/Users/21186/Desktop/verify/dual-issue/JYD2025_Contest-Template/digital_twin.sim/sim_1/behav/xsim/irom10000.coe'
INFO: [USF-XSim-97] Finding global include files...
INFO: [USF-XSim-100] Fetching design files from 'sources_1'...(this may take a while)...
INFO: [USF-XSim-101] Fetching design files from 'sim_1'...
INFO: [USF-XSim-2] XSim::Compile design
INFO: [USF-XSim-61] Executing 'COMPILE and ANALYZE' step in 'C:/Users/21186/Desktop/verify/dual-issue/JYD2025_Contest-Template/digital_twin.sim/sim_1/behav/xsim'
"xvlog --incr --relax -L uvm -prj tb_trace_vlog.prj"
INFO: [VRFC 10-2263] Analyzing SystemVerilog file "C:/Users/21186/Desktop/verify/dual-issue/JYD2025_Contest-Template/digital_twin.srcs/sources_1/new/counter.sv" into library xil_defaultlib
INFO: [VRFC 10-311] analyzing module counter
INFO: [VRFC 10-2263] Analyzing SystemVerilog file "C:/Users/21186/Desktop/verify/dual-issue/JYD2025_Contest-Template/digital_twin.srcs/sources_1/new/display_seg.sv" into library xil_defaultlib
INFO: [VRFC 10-311] analyzing module display_seg
INFO: [VRFC 10-2263] Analyzing SystemVerilog file "C:/Users/21186/Desktop/verify/dual-issue/JYD2025_Contest-Template/digital_twin.srcs/sources_1/new/dram_driver.sv" into library xil_defaultlib
INFO: [VRFC 10-311] analyzing module dram_driver
INFO: [VRFC 10-2263] Analyzing SystemVerilog file "C:/Users/21186/Desktop/verify/dual-issue/JYD2025_Contest-Template/digital_twin.srcs/sources_1/new/perip_bridge.sv" into library xil_defaultlib
INFO: [VRFC 10-311] analyzing module perip_bridge
INFO: [VRFC 10-2263] Analyzing SystemVerilog file "C:/Users/21186/Desktop/verify/dual-issue/JYD2025_Contest-Template/digital_twin.srcs/sources_1/new/seg7.sv" into library xil_defaultlib
INFO: [VRFC 10-311] analyzing module seg7
INFO: [VRFC 10-2263] Analyzing SystemVerilog file "C:/Users/21186/Desktop/verify/dual-issue/JYD2025_Contest-Template/digital_twin.srcs/sources_1/new/student_top.sv" into library xil_defaultlib
INFO: [VRFC 10-311] analyzing module student_top
INFO: [VRFC 10-2263] Analyzing SystemVerilog file "C:/Users/21186/Desktop/verify/dual-issue/JYD2025_Contest-Template/digital_twin.srcs/sources_1/new/twin_controller.sv" into library xil_defaultlib
INFO: [VRFC 10-311] analyzing module twin_controller
INFO: [VRFC 10-2263] Analyzing SystemVerilog file "C:/Users/21186/Desktop/verify/dual-issue/JYD2025_Contest-Template/digital_twin.srcs/sources_1/new/uart.sv" into library xil_defaultlib
INFO: [VRFC 10-311] analyzing module uart
INFO: [VRFC 10-2263] Analyzing SystemVerilog file "C:/Users/21186/Desktop/verify/dual-issue/JYD2025_Contest-Template/digital_twin.srcs/sources_1/new/top.sv" into library xil_defaultlib
INFO: [VRFC 10-311] analyzing module top
INFO: [VRFC 10-2263] Analyzing SystemVerilog file "C:/Users/21186/Desktop/verify/pipeline6_if2_predict/src/BTFN_if2_predict/Decode.sv" into library xil_defaultlib
INFO: [VRFC 10-311] analyzing module Decode
INFO: [VRFC 10-2263] Analyzing SystemVerilog file "C:/Users/21186/Desktop/verify/pipeline6_if2_predict/src/BTFN_if2_predict/SegReg_IF1_IF2.sv" into library xil_defaultlib
INFO: [VRFC 10-311] analyzing module SegReg_IF1_IF2
INFO: [VRFC 10-2263] Analyzing SystemVerilog file "C:/Users/21186/Desktop/verify/pipeline6_if2_predict/src/BTFN_if2_predict/SegReg_LS_WB.sv" into library xil_defaultlib
INFO: [VRFC 10-311] analyzing module SegReg_LS_WB
INFO: [VRFC 10-2263] Analyzing SystemVerilog file "C:/Users/21186/Desktop/verify/pipeline6_if2_predict/src/BTFN_if2_predict/SegReg_EX_LS.sv" into library xil_defaultlib
INFO: [VRFC 10-311] analyzing module SegReg_EX_LS
INFO: [VRFC 10-2263] Analyzing SystemVerilog file "C:/Users/21186/Desktop/verify/pipeline6_if2_predict/src/BTFN_if2_predict/SegReg_IF2_ID.sv" into library xil_defaultlib
INFO: [VRFC 10-311] analyzing module SegReg_IF2_ID
INFO: [VRFC 10-2263] Analyzing SystemVerilog file "C:/Users/21186/Desktop/verify/pipeline6_if2_predict/src/BTFN_if2_predict/Hazard.sv" into library xil_defaultlib
INFO: [VRFC 10-311] analyzing module Hazard
INFO: [VRFC 10-2263] Analyzing SystemVerilog file "C:/Users/21186/Desktop/verify/pipeline6_if2_predict/src/BTFN_if2_predict/SegReg_ID_EX.sv" into library xil_defaultlib
INFO: [VRFC 10-311] analyzing module SegReg_ID_EX
INFO: [VRFC 10-2263] Analyzing SystemVerilog file "C:/Users/21186/Desktop/verify/pipeline6_if2_predict/src/BTFN_if2_predict/Regfile.sv" into library xil_defaultlib
INFO: [VRFC 10-311] analyzing module Regfile
INFO: [VRFC 10-2263] Analyzing SystemVerilog file "C:/Users/21186/Desktop/verify/pipeline6_if2_predict/src/BTFN_if2_predict/PC.sv" into library xil_defaultlib
INFO: [VRFC 10-311] analyzing module PC
INFO: [VRFC 10-2263] Analyzing SystemVerilog file "C:/Users/21186/Desktop/verify/pipeline6_if2_predict/src/BTFN_if2_predict/Read_Ctrl.sv" into library xil_defaultlib
INFO: [VRFC 10-311] analyzing module Read_Ctrl
INFO: [VRFC 10-2263] Analyzing SystemVerilog file "C:/Users/21186/Desktop/verify/pipeline6_if2_predict/src/BTFN_if2_predict/Write_Ctrl.sv" into library xil_defaultlib
INFO: [VRFC 10-311] analyzing module Write_Ctrl
INFO: [VRFC 10-2263] Analyzing SystemVerilog file "C:/Users/21186/Desktop/verify/pipeline6_if2_predict/src/BTFN_if2_predict/ALU.sv" into library xil_defaultlib
INFO: [VRFC 10-311] analyzing module ALU
INFO: [VRFC 10-2263] Analyzing SystemVerilog file "C:/Users/21186/Desktop/verify/pipeline6_if2_predict/src/BTFN_if2_predict/Branch.sv" into library xil_defaultlib
INFO: [VRFC 10-311] analyzing module Branch
INFO: [VRFC 10-2263] Analyzing SystemVerilog file "C:/Users/21186/Desktop/verify/pipeline6_if2_predict/src/BTFN_if2_predict/Mux2_1.sv" into library xil_defaultlib
INFO: [VRFC 10-311] analyzing module Mux2_1
INFO: [VRFC 10-2263] Analyzing SystemVerilog file "C:/Users/21186/Desktop/verify/pipeline6_if2_predict/src/BTFN_if2_predict/Mux4_1.sv" into library xil_defaultlib
INFO: [VRFC 10-311] analyzing module Mux4_1
INFO: [VRFC 10-2263] Analyzing SystemVerilog file "C:/Users/21186/Desktop/verify/pipeline6_if2_predict/src/BTFN_if2_predict/NPC_Mux.sv" into library xil_defaultlib
INFO: [VRFC 10-311] analyzing module NPC_Mux
INFO: [VRFC 10-2263] Analyzing SystemVerilog file "C:/Users/21186/Desktop/verify/dual-issue/src/Issue1.sv" into library xil_defaultlib
INFO: [VRFC 10-311] analyzing module Issue
INFO: [VRFC 10-2263] Analyzing SystemVerilog file "C:/Users/21186/Desktop/verify/dual-issue/src/config.sv" into library xil_defaultlib
INFO: [VRFC 10-2263] Analyzing SystemVerilog file "C:/Users/21186/Desktop/verify/dual-issue/src/Inst_Buffer.sv" into library xil_defaultlib
INFO: [VRFC 10-311] analyzing module Inst_Buffer
INFO: [VRFC 10-2263] Analyzing SystemVerilog file "C:/Users/21186/Desktop/verify/dual-issue/src/CORE.sv" into library xil_defaultlib
INFO: [VRFC 10-311] analyzing module CORE
INFO: [VRFC 10-2263] Analyzing SystemVerilog file "C:/Users/21186/Desktop/verify/dual-issue/src/LSU.sv" into library xil_defaultlib
INFO: [VRFC 10-311] analyzing module LSU
INFO: [VRFC 10-2263] Analyzing SystemVerilog file "C:/Users/21186/Desktop/verify/dual-issue/src/RF.sv" into library xil_defaultlib
INFO: [VRFC 10-311] analyzing module RF
INFO: [VRFC 10-2263] Analyzing SystemVerilog file "C:/Users/21186/Desktop/verify/dual-issue/src/ALU.sv" into library xil_defaultlib
INFO: [VRFC 10-311] analyzing module ALU
WARNING: [VRFC 10-3609] overwriting previous definition of module 'ALU' [C:/Users/21186/Desktop/verify/dual-issue/src/ALU.sv:8]
INFO: [VRFC 10-2263] Analyzing SystemVerilog file "C:/Users/21186/Desktop/verify/dual-issue/src/Decoder.sv" into library xil_defaultlib
INFO: [VRFC 10-311] analyzing module Decoder
INFO: [VRFC 10-2263] Analyzing SystemVerilog file "C:/Users/21186/Desktop/verify/dual-issue/src/Fronted.sv" into library xil_defaultlib
INFO: [VRFC 10-311] analyzing module Fronted
INFO: [VRFC 10-2263] Analyzing SystemVerilog file "C:/Users/21186/Desktop/verify/dual-issue/src/Decode.sv" into library xil_defaultlib
INFO: [VRFC 10-311] analyzing module Decode
WARNING: [VRFC 10-3609] overwriting previous definition of module 'Decode' [C:/Users/21186/Desktop/verify/dual-issue/src/Decode.sv:3]
INFO: [VRFC 10-2263] Analyzing SystemVerilog file "C:/Users/21186/Desktop/verify/dual-issue/src/Eexcute.sv" into library xil_defaultlib
INFO: [VRFC 10-311] analyzing module Eexcute
INFO: [VRFC 10-2263] Analyzing SystemVerilog file "C:/Users/21186/Desktop/verify/dual-issue/src/Fetch.sv" into library xil_defaultlib
INFO: [VRFC 10-311] analyzing module Fetch
INFO: [VRFC 10-2263] Analyzing SystemVerilog file "C:/Users/21186/Desktop/verify/dual-issue/tb_trace.sv" into library xil_defaultlib
INFO: [VRFC 10-311] analyzing module tb_trace
INFO: [USF-XSim-69] 'compile' step finished in '3' seconds
INFO: [USF-XSim-3] XSim::Elaborate design
INFO: [USF-XSim-61] Executing 'ELABORATE' step in 'C:/Users/21186/Desktop/verify/dual-issue/JYD2025_Contest-Template/digital_twin.sim/sim_1/behav/xsim'
"xelab --incr --debug typical --relax --mt 16 -L xil_defaultlib -L blk_mem_gen_v8_4_8 -L uvm -L unisims_ver -L unimacro_ver -L secureip -L xpm --snapshot tb_trace_behav xil_defaultlib.tb_trace xil_defaultlib.glbl -log elaborate.log"
Vivado Simulator v2024.1
Copyright 1986-2022 Xilinx, Inc. All Rights Reserved.
Copyright 2022-2024 Advanced Micro Devices, Inc. All Rights Reserved.
Running: D:/Xilinx/Vivado/2024.1/bin/unwrapped/win64.o/xelab.exe --incr --debug typical --relax --mt 16 -L xil_defaultlib -L blk_mem_gen_v8_4_8 -L uvm -L unisims_ver -L unimacro_ver -L secureip -L xpm --snapshot tb_trace_behav xil_defaultlib.tb_trace xil_defaultlib.glbl -log elaborate.log 
Using 16 slave threads.
Starting static elaboration
Pass Through NonSizing Optimizer
Completed static elaboration
Starting simulation data flow analysis
Completed simulation data flow analysis
Time Resolution for simulation is 1ps
Compiling module unisims_ver.IBUFDS
Compiling module unisims_ver.PLLE2_ADV(CLKFBOUT_MULT=9,CLKIN1...
Compiling module unisims_ver.BUFG
Compiling module xil_defaultlib.pll_clk_wiz
Compiling module xil_defaultlib.pll
Compiling module xil_defaultlib.uart(BAUD_RATE=9600)
Compiling module xil_defaultlib.twin_controller
Compiling module xil_defaultlib.Fetch(RESET_VAL=32'b100000000000...
Compiling module xil_defaultlib.Inst_Buffer_default
Compiling module xil_defaultlib.Decoder
Compiling module xil_defaultlib.Decode
Compiling module xil_defaultlib.Fronted(RESET_VAL=32'b1000000000...
Compiling module xil_defaultlib.Issue
Compiling module xil_defaultlib.ALU
Compiling module xil_defaultlib.Eexcute
Compiling module xil_defaultlib.LSU
Compiling module xil_defaultlib.RF
Compiling module xil_defaultlib.CORE
Compiling module blk_mem_gen_v8_4_8.blk_mem_gen_v8_4_8_output_stage(...
Compiling module blk_mem_gen_v8_4_8.blk_mem_gen_v8_4_8_output_stage(...
Compiling module blk_mem_gen_v8_4_8.blk_mem_gen_v8_4_8_softecc_outpu...
Compiling module blk_mem_gen_v8_4_8.blk_mem_gen_v8_4_8_mem_module(C_...
Compiling module blk_mem_gen_v8_4_8.blk_mem_gen_v8_4_8(C_FAMILY="kin...
Compiling module xil_defaultlib.IROM
Compiling module xil_defaultlib.seg7
Compiling module xil_defaultlib.display_seg
Compiling module blk_mem_gen_v8_4_8.blk_mem_gen_v8_4_8_output_stage(...
Compiling module blk_mem_gen_v8_4_8.blk_mem_gen_v8_4_8_softecc_outpu...
Compiling module blk_mem_gen_v8_4_8.blk_mem_gen_v8_4_8_mem_module(C_...
Compiling module blk_mem_gen_v8_4_8.blk_mem_gen_v8_4_8(C_FAMILY="kin...
Compiling module xil_defaultlib.DRAM
Compiling module xil_defaultlib.dram_driver
Compiling module xil_defaultlib.counter
Compiling module xil_defaultlib.perip_bridge
Compiling module xil_defaultlib.student_top
Compiling module xil_defaultlib.top
Compiling module xil_defaultlib.tb_trace
Compiling module xil_defaultlib.glbl
Built simulation snapshot tb_trace_behav
run_program: Time (s): cpu = 00:00:00 ; elapsed = 00:00:07 . Memory (MB): peak = 2284.270 ; gain = 0.000
INFO: [USF-XSim-69] 'elaborate' step finished in '7' seconds
INFO: [USF-XSim-4] XSim::Simulate design
INFO: [USF-XSim-61] Executing 'SIMULATE' step in 'C:/Users/21186/Desktop/verify/dual-issue/JYD2025_Contest-Template/digital_twin.sim/sim_1/behav/xsim'
INFO: [USF-XSim-98] *** Running xsim
   with args "tb_trace_behav -key {Behavioral:sim_1:Functional:tb_trace} -tclbatch {tb_trace.tcl} -log {simulate.log}"
INFO: [USF-XSim-8] Loading simulator feature
Time resolution is 1 ps
source tb_trace.tcl
# set curr_wave [current_wave_config]
# if { [string length $curr_wave] == 0 } {
#   if { [llength [get_objects]] > 0} {
#     add_wave /
#     set_property needs_save false [current_wave_config]
#   } else {
#      send_msg_id Add_Wave-1 WARNING "No top level signals found. Simulator will start without a wave window. If you want to open a wave window go to 'File->New Waveform Configuration' or type 'create_wave_config' in the TCL console."
#   }
# }
# run 1000ns
 Block Memory Generator module loading initial data...
 Block Memory Generator data initialization complete.
Block Memory Generator module tb_trace.uut.student_top_inst.Mem_IROM.inst.native_mem_module.blk_mem_gen_v8_4_8_inst is using a behavioral model for simulation which will not precisely model memory collision behavior.
 Block Memory Generator module loading initial data...
 Block Memory Generator data initialization complete.
Block Memory Generator module tb_trace.uut.student_top_inst.bridge_inst.dram_driver_inst.Mem_DRAM.inst.native_mem_module.blk_mem_gen_v8_4_8_inst is using a behavioral model for simulation which will not precisely model memory collision behavior.
INFO: [USF-XSim-96] XSim completed. Design snapshot 'tb_trace_behav' loaded.
INFO: [USF-XSim-97] XSim simulation ran for 1000ns
launch_simulation: Time (s): cpu = 00:00:04 ; elapsed = 00:00:13 . Memory (MB): peak = 2323.023 ; gain = 38.754
current_wave_config {Untitled 1}
Untitled 1
add_wave {{/tb_trace/uut/virtual_led}} {{/tb_trace/uut/virtual_seg}} 
run all
run: Time (s): cpu = 00:00:17 ; elapsed = 00:00:15 . Memory (MB): peak = 3185.121 ; gain = 861.203
restart
INFO: [Wavedata 42-604] Simulation restarted
current_wave_config {Untitled 1}
Untitled 1
add_wave {{/tb_trace/uut/student_top_inst/RISCV_Core}} 
run all
 Block Memory Generator module loading initial data...
 Block Memory Generator data initialization complete.
Block Memory Generator module tb_trace.uut.student_top_inst.Mem_IROM.inst.native_mem_module.blk_mem_gen_v8_4_8_inst is using a behavioral model for simulation which will not precisely model memory collision behavior.
 Block Memory Generator module loading initial data...
 Block Memory Generator data initialization complete.
Block Memory Generator module tb_trace.uut.student_top_inst.bridge_inst.dram_driver_inst.Mem_DRAM.inst.native_mem_module.blk_mem_gen_v8_4_8_inst is using a behavioral model for simulation which will not precisely model memory collision behavior.
run: Time (s): cpu = 00:00:32 ; elapsed = 00:00:44 . Memory (MB): peak = 3185.121 ; gain = 0.000
close_sim
INFO: xsimkernel Simulation Memory Usage: 24512 KB (Peak: 24512 KB), Simulation CPU Usage: 58109 ms
INFO: [Simtcl 6-16] Simulation closed
launch_simulation
Command: launch_simulation 
INFO: [Vivado 12-12493] Simulation top is 'tb_trace'
WARNING: [Vivado 12-13340] Unable to auto find GCC executables from simulator install path! (path not set)
INFO: [Vivado 12-5698] Checking validity of IPs in the design for the 'XSim' simulator...
INFO: [Vivado 12-5682] Launching behavioral simulation in 'C:/Users/21186/Desktop/verify/dual-issue/JYD2025_Contest-Template/digital_twin.sim/sim_1/behav/xsim'
INFO: [Vivado 12-13660] Precompiled IP simulation library mode is enabled (default). The design IP libraries will be referenced from the compiled library path. Please note that if the precompiled version of the library is not found from the path or the IP is in locked state, then the library source files for these IPs will be compiled locally as part of the compile order.
INFO: [Vivado 12-4795] Using compiled simulation libraries for IPs
INFO: [SIM-utils-51] Simulation object is 'sim_1'
INFO: [SIM-utils-72] Using boost library from 'D:/Xilinx/Vivado/2024.1/tps/boost_1_72_0'
INFO: [USF-XSim-7] Finding pre-compiled libraries...
INFO: [USF-XSim-11] File 'D:/Xilinx/Vivado/2024.1/data/xsim/xsim.ini' copied to run dir:'C:/Users/21186/Desktop/verify/dual-issue/JYD2025_Contest-Template/digital_twin.sim/sim_1/behav/xsim'
INFO: [SIM-utils-54] Inspecting design source files for 'tb_trace' in fileset 'sim_1'...
INFO: [SIM-utils-43] Exported 'C:/Users/21186/Desktop/verify/dual-issue/JYD2025_Contest-Template/digital_twin.sim/sim_1/behav/xsim/DRAM.mif'
INFO: [SIM-utils-43] Exported 'C:/Users/21186/Desktop/verify/dual-issue/JYD2025_Contest-Template/digital_twin.sim/sim_1/behav/xsim/dram.coe'
INFO: [SIM-utils-43] Exported 'C:/Users/21186/Desktop/verify/dual-issue/JYD2025_Contest-Template/digital_twin.sim/sim_1/behav/xsim/irom2.coe'
INFO: [SIM-utils-43] Exported 'C:/Users/21186/Desktop/verify/dual-issue/JYD2025_Contest-Template/digital_twin.sim/sim_1/behav/xsim/IROM.mif'
INFO: [SIM-utils-43] Exported 'C:/Users/21186/Desktop/verify/dual-issue/JYD2025_Contest-Template/digital_twin.sim/sim_1/behav/xsim/irom10000.coe'
INFO: [USF-XSim-97] Finding global include files...
INFO: [USF-XSim-100] Fetching design files from 'sources_1'...(this may take a while)...
INFO: [USF-XSim-101] Fetching design files from 'sim_1'...
INFO: [USF-XSim-2] XSim::Compile design
INFO: [USF-XSim-61] Executing 'COMPILE and ANALYZE' step in 'C:/Users/21186/Desktop/verify/dual-issue/JYD2025_Contest-Template/digital_twin.sim/sim_1/behav/xsim'
"xvlog --incr --relax -L uvm -prj tb_trace_vlog.prj"
INFO: [VRFC 10-2263] Analyzing SystemVerilog file "C:/Users/21186/Desktop/verify/pipeline6_if2_predict/src/BTFN_if2_predict/Decode.sv" into library xil_defaultlib
INFO: [VRFC 10-311] analyzing module Decode
INFO: [VRFC 10-2263] Analyzing SystemVerilog file "C:/Users/21186/Desktop/verify/pipeline6_if2_predict/src/BTFN_if2_predict/ALU.sv" into library xil_defaultlib
INFO: [VRFC 10-311] analyzing module ALU
INFO: [VRFC 10-2263] Analyzing SystemVerilog file "C:/Users/21186/Desktop/verify/dual-issue/src/Issue1.sv" into library xil_defaultlib
INFO: [VRFC 10-311] analyzing module Issue
INFO: [VRFC 10-2263] Analyzing SystemVerilog file "C:/Users/21186/Desktop/verify/dual-issue/src/config.sv" into library xil_defaultlib
INFO: [VRFC 10-2263] Analyzing SystemVerilog file "C:/Users/21186/Desktop/verify/dual-issue/src/Inst_Buffer.sv" into library xil_defaultlib
INFO: [VRFC 10-311] analyzing module Inst_Buffer
INFO: [VRFC 10-2263] Analyzing SystemVerilog file "C:/Users/21186/Desktop/verify/dual-issue/src/CORE.sv" into library xil_defaultlib
INFO: [VRFC 10-311] analyzing module CORE
INFO: [VRFC 10-2263] Analyzing SystemVerilog file "C:/Users/21186/Desktop/verify/dual-issue/src/LSU.sv" into library xil_defaultlib
INFO: [VRFC 10-311] analyzing module LSU
INFO: [VRFC 10-2263] Analyzing SystemVerilog file "C:/Users/21186/Desktop/verify/dual-issue/src/RF.sv" into library xil_defaultlib
INFO: [VRFC 10-311] analyzing module RF
INFO: [VRFC 10-2263] Analyzing SystemVerilog file "C:/Users/21186/Desktop/verify/dual-issue/src/ALU.sv" into library xil_defaultlib
INFO: [VRFC 10-311] analyzing module ALU
WARNING: [VRFC 10-3609] overwriting previous definition of module 'ALU' [C:/Users/21186/Desktop/verify/dual-issue/src/ALU.sv:8]
INFO: [VRFC 10-2263] Analyzing SystemVerilog file "C:/Users/21186/Desktop/verify/dual-issue/src/Decoder.sv" into library xil_defaultlib
INFO: [VRFC 10-311] analyzing module Decoder
INFO: [VRFC 10-2263] Analyzing SystemVerilog file "C:/Users/21186/Desktop/verify/dual-issue/src/Fronted.sv" into library xil_defaultlib
INFO: [VRFC 10-311] analyzing module Fronted
INFO: [VRFC 10-2263] Analyzing SystemVerilog file "C:/Users/21186/Desktop/verify/dual-issue/src/Decode.sv" into library xil_defaultlib
INFO: [VRFC 10-311] analyzing module Decode
WARNING: [VRFC 10-3609] overwriting previous definition of module 'Decode' [C:/Users/21186/Desktop/verify/dual-issue/src/Decode.sv:3]
INFO: [VRFC 10-2263] Analyzing SystemVerilog file "C:/Users/21186/Desktop/verify/dual-issue/src/Eexcute.sv" into library xil_defaultlib
INFO: [VRFC 10-311] analyzing module Eexcute
INFO: [VRFC 10-2263] Analyzing SystemVerilog file "C:/Users/21186/Desktop/verify/dual-issue/src/Fetch.sv" into library xil_defaultlib
INFO: [VRFC 10-311] analyzing module Fetch
INFO: [VRFC 10-2263] Analyzing SystemVerilog file "C:/Users/21186/Desktop/verify/dual-issue/tb_trace.sv" into library xil_defaultlib
INFO: [VRFC 10-311] analyzing module tb_trace
INFO: [USF-XSim-69] 'compile' step finished in '1' seconds
INFO: [USF-XSim-3] XSim::Elaborate design
INFO: [USF-XSim-61] Executing 'ELABORATE' step in 'C:/Users/21186/Desktop/verify/dual-issue/JYD2025_Contest-Template/digital_twin.sim/sim_1/behav/xsim'
"xelab --incr --debug typical --relax --mt 16 -L xil_defaultlib -L blk_mem_gen_v8_4_8 -L uvm -L unisims_ver -L unimacro_ver -L secureip -L xpm --snapshot tb_trace_behav xil_defaultlib.tb_trace xil_defaultlib.glbl -log elaborate.log"
Vivado Simulator v2024.1
Copyright 1986-2022 Xilinx, Inc. All Rights Reserved.
Copyright 2022-2024 Advanced Micro Devices, Inc. All Rights Reserved.
Running: D:/Xilinx/Vivado/2024.1/bin/unwrapped/win64.o/xelab.exe --incr --debug typical --relax --mt 16 -L xil_defaultlib -L blk_mem_gen_v8_4_8 -L uvm -L unisims_ver -L unimacro_ver -L secureip -L xpm --snapshot tb_trace_behav xil_defaultlib.tb_trace xil_defaultlib.glbl -log elaborate.log 
Using 16 slave threads.
Starting static elaboration
Pass Through NonSizing Optimizer
Completed static elaboration
Starting simulation data flow analysis
Completed simulation data flow analysis
Time Resolution for simulation is 1ps
Compiling module unisims_ver.IBUFDS
Compiling module unisims_ver.PLLE2_ADV(CLKFBOUT_MULT=9,CLKIN1...
Compiling module unisims_ver.BUFG
Compiling module xil_defaultlib.pll_clk_wiz
Compiling module xil_defaultlib.pll
Compiling module xil_defaultlib.uart(BAUD_RATE=9600)
Compiling module xil_defaultlib.twin_controller
Compiling module xil_defaultlib.Fetch(RESET_VAL=32'b100000000000...
Compiling module xil_defaultlib.Inst_Buffer_default
Compiling module xil_defaultlib.Decoder
Compiling module xil_defaultlib.Decode
Compiling module xil_defaultlib.Fronted(RESET_VAL=32'b1000000000...
Compiling module xil_defaultlib.Issue
Compiling module xil_defaultlib.ALU
Compiling module xil_defaultlib.Eexcute
Compiling module xil_defaultlib.LSU
Compiling module xil_defaultlib.RF
Compiling module xil_defaultlib.CORE
Compiling module blk_mem_gen_v8_4_8.blk_mem_gen_v8_4_8_output_stage(...
Compiling module blk_mem_gen_v8_4_8.blk_mem_gen_v8_4_8_output_stage(...
Compiling module blk_mem_gen_v8_4_8.blk_mem_gen_v8_4_8_softecc_outpu...
Compiling module blk_mem_gen_v8_4_8.blk_mem_gen_v8_4_8_mem_module(C_...
Compiling module blk_mem_gen_v8_4_8.blk_mem_gen_v8_4_8(C_FAMILY="kin...
Compiling module xil_defaultlib.IROM
Compiling module xil_defaultlib.seg7
Compiling module xil_defaultlib.display_seg
Compiling module blk_mem_gen_v8_4_8.blk_mem_gen_v8_4_8_output_stage(...
Compiling module blk_mem_gen_v8_4_8.blk_mem_gen_v8_4_8_softecc_outpu...
Compiling module blk_mem_gen_v8_4_8.blk_mem_gen_v8_4_8_mem_module(C_...
Compiling module blk_mem_gen_v8_4_8.blk_mem_gen_v8_4_8(C_FAMILY="kin...
Compiling module xil_defaultlib.DRAM
Compiling module xil_defaultlib.dram_driver
Compiling module xil_defaultlib.counter
Compiling module xil_defaultlib.perip_bridge
Compiling module xil_defaultlib.student_top
Compiling module xil_defaultlib.top
Compiling module xil_defaultlib.tb_trace
Compiling module xil_defaultlib.glbl
Built simulation snapshot tb_trace_behav
run_program: Time (s): cpu = 00:00:01 ; elapsed = 00:00:05 . Memory (MB): peak = 3185.121 ; gain = 0.000
INFO: [USF-XSim-69] 'elaborate' step finished in '5' seconds
INFO: [USF-XSim-4] XSim::Simulate design
INFO: [USF-XSim-61] Executing 'SIMULATE' step in 'C:/Users/21186/Desktop/verify/dual-issue/JYD2025_Contest-Template/digital_twin.sim/sim_1/behav/xsim'
INFO: [USF-XSim-98] *** Running xsim
   with args "tb_trace_behav -key {Behavioral:sim_1:Functional:tb_trace} -tclbatch {tb_trace.tcl} -log {simulate.log}"
INFO: [USF-XSim-8] Loading simulator feature
Time resolution is 1 ps
source tb_trace.tcl
# set curr_wave [current_wave_config]
# if { [string length $curr_wave] == 0 } {
#   if { [llength [get_objects]] > 0} {
#     add_wave /
#     set_property needs_save false [current_wave_config]
#   } else {
#      send_msg_id Add_Wave-1 WARNING "No top level signals found. Simulator will start without a wave window. If you want to open a wave window go to 'File->New Waveform Configuration' or type 'create_wave_config' in the TCL console."
#   }
# }
# run 1000ns
 Block Memory Generator module loading initial data...
 Block Memory Generator data initialization complete.
Block Memory Generator module tb_trace.uut.student_top_inst.Mem_IROM.inst.native_mem_module.blk_mem_gen_v8_4_8_inst is using a behavioral model for simulation which will not precisely model memory collision behavior.
 Block Memory Generator module loading initial data...
 Block Memory Generator data initialization complete.
Block Memory Generator module tb_trace.uut.student_top_inst.bridge_inst.dram_driver_inst.Mem_DRAM.inst.native_mem_module.blk_mem_gen_v8_4_8_inst is using a behavioral model for simulation which will not precisely model memory collision behavior.
INFO: [USF-XSim-96] XSim completed. Design snapshot 'tb_trace_behav' loaded.
INFO: [USF-XSim-97] XSim simulation ran for 1000ns
launch_simulation: Time (s): cpu = 00:00:05 ; elapsed = 00:00:09 . Memory (MB): peak = 3185.121 ; gain = 0.000
current_wave_config {Untitled 2}
Untitled 2
add_wave {{/tb_trace/uut/virtual_led}} {{/tb_trace/uut/virtual_seg}} 
run all
run: Time (s): cpu = 00:00:02 ; elapsed = 00:00:11 . Memory (MB): peak = 3185.121 ; gain = 0.000
run 10 us
close_sim
INFO: xsimkernel Simulation Memory Usage: 23872 KB (Peak: 23872 KB), Simulation CPU Usage: 11186 ms
INFO: [Simtcl 6-16] Simulation closed
launch_simulation
Command: launch_simulation 
INFO: [Vivado 12-12493] Simulation top is 'tb_trace'
WARNING: [Vivado 12-13340] Unable to auto find GCC executables from simulator install path! (path not set)
INFO: [Vivado 12-5698] Checking validity of IPs in the design for the 'XSim' simulator...
INFO: [Vivado 12-5682] Launching behavioral simulation in 'C:/Users/21186/Desktop/verify/dual-issue/JYD2025_Contest-Template/digital_twin.sim/sim_1/behav/xsim'
INFO: [Vivado 12-13660] Precompiled IP simulation library mode is enabled (default). The design IP libraries will be referenced from the compiled library path. Please note that if the precompiled version of the library is not found from the path or the IP is in locked state, then the library source files for these IPs will be compiled locally as part of the compile order.
INFO: [Vivado 12-4795] Using compiled simulation libraries for IPs
INFO: [SIM-utils-51] Simulation object is 'sim_1'
INFO: [SIM-utils-72] Using boost library from 'D:/Xilinx/Vivado/2024.1/tps/boost_1_72_0'
INFO: [USF-XSim-7] Finding pre-compiled libraries...
INFO: [USF-XSim-11] File 'D:/Xilinx/Vivado/2024.1/data/xsim/xsim.ini' copied to run dir:'C:/Users/21186/Desktop/verify/dual-issue/JYD2025_Contest-Template/digital_twin.sim/sim_1/behav/xsim'
INFO: [SIM-utils-54] Inspecting design source files for 'tb_trace' in fileset 'sim_1'...
INFO: [SIM-utils-43] Exported 'C:/Users/21186/Desktop/verify/dual-issue/JYD2025_Contest-Template/digital_twin.sim/sim_1/behav/xsim/DRAM.mif'
INFO: [SIM-utils-43] Exported 'C:/Users/21186/Desktop/verify/dual-issue/JYD2025_Contest-Template/digital_twin.sim/sim_1/behav/xsim/dram.coe'
INFO: [SIM-utils-43] Exported 'C:/Users/21186/Desktop/verify/dual-issue/JYD2025_Contest-Template/digital_twin.sim/sim_1/behav/xsim/irom2.coe'
INFO: [SIM-utils-43] Exported 'C:/Users/21186/Desktop/verify/dual-issue/JYD2025_Contest-Template/digital_twin.sim/sim_1/behav/xsim/IROM.mif'
INFO: [SIM-utils-43] Exported 'C:/Users/21186/Desktop/verify/dual-issue/JYD2025_Contest-Template/digital_twin.sim/sim_1/behav/xsim/irom10000.coe'
INFO: [USF-XSim-97] Finding global include files...
INFO: [USF-XSim-100] Fetching design files from 'sources_1'...(this may take a while)...
INFO: [USF-XSim-101] Fetching design files from 'sim_1'...
INFO: [USF-XSim-2] XSim::Compile design
INFO: [USF-XSim-61] Executing 'COMPILE and ANALYZE' step in 'C:/Users/21186/Desktop/verify/dual-issue/JYD2025_Contest-Template/digital_twin.sim/sim_1/behav/xsim'
"xvlog --incr --relax -L uvm -prj tb_trace_vlog.prj"
INFO: [USF-XSim-69] 'compile' step finished in '1' seconds
INFO: [USF-XSim-3] XSim::Elaborate design
INFO: [USF-XSim-61] Executing 'ELABORATE' step in 'C:/Users/21186/Desktop/verify/dual-issue/JYD2025_Contest-Template/digital_twin.sim/sim_1/behav/xsim'
"xelab --incr --debug typical --relax --mt 16 -L xil_defaultlib -L blk_mem_gen_v8_4_8 -L uvm -L unisims_ver -L unimacro_ver -L secureip -L xpm --snapshot tb_trace_behav xil_defaultlib.tb_trace xil_defaultlib.glbl -log elaborate.log"
Vivado Simulator v2024.1
Copyright 1986-2022 Xilinx, Inc. All Rights Reserved.
Copyright 2022-2024 Advanced Micro Devices, Inc. All Rights Reserved.
Running: D:/Xilinx/Vivado/2024.1/bin/unwrapped/win64.o/xelab.exe --incr --debug typical --relax --mt 16 -L xil_defaultlib -L blk_mem_gen_v8_4_8 -L uvm -L unisims_ver -L unimacro_ver -L secureip -L xpm --snapshot tb_trace_behav xil_defaultlib.tb_trace xil_defaultlib.glbl -log elaborate.log 
Using 16 slave threads.
Starting static elaboration
Pass Through NonSizing Optimizer
Completed static elaboration
INFO: [XSIM 43-4323] No Change in HDL. Linking previously generated obj files to create kernel
INFO: [USF-XSim-69] 'elaborate' step finished in '2' seconds
INFO: [USF-XSim-4] XSim::Simulate design
INFO: [USF-XSim-61] Executing 'SIMULATE' step in 'C:/Users/21186/Desktop/verify/dual-issue/JYD2025_Contest-Template/digital_twin.sim/sim_1/behav/xsim'
INFO: [USF-XSim-98] *** Running xsim
   with args "tb_trace_behav -key {Behavioral:sim_1:Functional:tb_trace} -tclbatch {tb_trace.tcl} -log {simulate.log}"
INFO: [USF-XSim-8] Loading simulator feature
Time resolution is 1 ps
source tb_trace.tcl
# set curr_wave [current_wave_config]
# if { [string length $curr_wave] == 0 } {
#   if { [llength [get_objects]] > 0} {
#     add_wave /
#     set_property needs_save false [current_wave_config]
#   } else {
#      send_msg_id Add_Wave-1 WARNING "No top level signals found. Simulator will start without a wave window. If you want to open a wave window go to 'File->New Waveform Configuration' or type 'create_wave_config' in the TCL console."
#   }
# }
# run 1000ns
 Block Memory Generator module loading initial data...
 Block Memory Generator data initialization complete.
Block Memory Generator module tb_trace.uut.student_top_inst.Mem_IROM.inst.native_mem_module.blk_mem_gen_v8_4_8_inst is using a behavioral model for simulation which will not precisely model memory collision behavior.
 Block Memory Generator module loading initial data...
 Block Memory Generator data initialization complete.
Block Memory Generator module tb_trace.uut.student_top_inst.bridge_inst.dram_driver_inst.Mem_DRAM.inst.native_mem_module.blk_mem_gen_v8_4_8_inst is using a behavioral model for simulation which will not precisely model memory collision behavior.
INFO: [USF-XSim-96] XSim completed. Design snapshot 'tb_trace_behav' loaded.
INFO: [USF-XSim-97] XSim simulation ran for 1000ns
launch_simulation: Time (s): cpu = 00:00:02 ; elapsed = 00:00:05 . Memory (MB): peak = 3185.121 ; gain = 0.000
close_sim
INFO: [Simtcl 6-16] Simulation closed
WARNING: [Common 17-9] Error reading message records.
launch_simulation
Command: launch_simulation 
INFO: [Vivado 12-12493] Simulation top is 'tb_trace'
WARNING: [Vivado 12-13340] Unable to auto find GCC executables from simulator install path! (path not set)
boost::filesystem::remove: 另一个程序正在使用此文件，进程无法访问。: "C:/Users/21186/Desktop/verify/dual-issue/JYD2025_Contest-Template/digital_twin.sim/sim_1/behav/xsim/simulate.log"
launch_simulation
Command: launch_simulation 
INFO: [Vivado 12-12493] Simulation top is 'tb_trace'
WARNING: [Vivado 12-13340] Unable to auto find GCC executables from simulator install path! (path not set)
boost::filesystem::remove: 另一个程序正在使用此文件，进程无法访问。: "C:/Users/21186/Desktop/verify/dual-issue/JYD2025_Contest-Template/digital_twin.sim/sim_1/behav/xsim/simulate.log"
exit
INFO: [Common 17-206] Exiting Vivado at Tue Mar 17 11:17:29 2026...
